<html>
<body>
<pre>
<h1>µVision Build Log</h1>
<h2>Tool Versions:</h2>
IDE-Version: ¦ÌVision V5.36.0.0
Copyright (C) 2021 ARM Ltd and ARM Germany GmbH. All rights reserved.
License Information: 1 guotianci2002@outlook.com, 1, LIC=76F5U-S7PIH-SBLEJ-U0BJ5-NT050-M13NV
 
Tool Versions:
Toolchain:       MDK-ARM Plus  Version: 5.36.0.0
Toolchain Path:  D:\Keil\ARM\ARMCLANG\Bin
C Compiler:      ArmClang.exe V6.16
Assembler:       Armasm.exe V6.16
Linker/Locator:  ArmLink.exe V6.16
Library Manager: ArmAr.exe V6.16
Hex Converter:   FromElf.exe V6.16
CPU DLL:         SARMCM3.DLL V5.36.0.0
Dialog DLL:      DCM.DLL V1.17.3.0
Target DLL:      STLink\ST-LINKIII-KEIL_SWO.dll V3.0.9.0
Dialog DLL:      TCM.DLL V1.53.0.0
 
<h2>Project:</h2>
C:\Users\guoti\Desktop\workspace\F412-Arduino-keil\MDK_ARM\F412.uvprojx
Project File Date:  12/02/2024

<h2>Output:</h2>
*** Using Compiler 'V6.16', folder: 'D:\Keil\ARM\ARMCLANG\Bin'
Build target 'Target 1'
compiling rng.c...
compiling stm32f4xx_it.c...
compiling delay.c...
compiling stm32f4xx_crc.c...
compiling misc.c...
compiling flash.c...
compiling adc.c...
compiling system_stm32f4xx.c...
compiling gpio.c...
compiling stm32f4xx_adc.c...
compiling pwm.c...
compiling exti.c...
compiling stm32f4xx_dma.c...
compiling main.cpp...
compiling timer.c...
compiling stm32f4xx_gpio.c...
compiling stm32f4xx_iwdg.c...
compiling stm32f4xx_pwr.c...
compiling stm32f4xx_i2c.c...
compiling stm32f4xx_rng.c...
compiling stm32f4xx_sdio.c...
compiling stm32f4xx_syscfg.c...
compiling stm32f4xx_spi.c...
compiling stm32f4xx_rcc.c...
compiling stm32f4xx_wwdg.c...
compiling stm32f4xx_flash.c...
compiling stm32f4xx_exti.c...
compiling stm32f4xx_usart.c...
compiling Arduino.c...
compiling dtostrf.c...
compiling stm32f4xx_tim.c...
compiling itoa.c...
compiling WMath.cpp...
compiling HardwareSerial.cpp...
compiling MillisTaskManager.cpp...
compiling cm_backtrace.c...
compiling Stream.cpp...
compiling WireBase.cpp...
compiling Wire.cpp...
compiling HAL.cpp...
compiling Print.cpp...
../Library/HAL/HAL_HardFault.cpp(3): warning: In file included from...
../Library/cm_backtrace\cm_backtrace.h(32): warning: In file included from...
../Library/cm_backtrace/cmb_def.h(412): warning: 'register' storage class specifier is deprecated and incompatible with C++17 [-Wdeprecated-register]
        register uint32_t result;
        ^~~~~~~~~
../Library/cm_backtrace/cmb_def.h(417): warning: 'register' storage class specifier is deprecated and incompatible with C++17 [-Wdeprecated-register]
        register uint32_t result;
        ^~~~~~~~~
../Library/cm_backtrace/cmb_def.h(422): warning: 'register' storage class specifier is deprecated and incompatible with C++17 [-Wdeprecated-register]
        register uint32_t result;
        ^~~~~~~~~
3 warnings generated.
compiling HAL_HardFault.cpp...
compiling WString.cpp...
linking...
Program Size: Code=18710 RO-data=5690 RW-data=4 ZI-data=2876  
".\Objects\F412.axf" - 0 Error(s), 3 Warning(s).

<h2>Software Packages used:</h2>

Package Vendor: ARM
                http://www.keil.com/pack/ARM.CMSIS.5.8.0.pack
                ARM.CMSIS.5.8.0
                CMSIS (Common Microcontroller Software Interface Standard)
   * Component: CORE Version: 5.5.0

Package Vendor: Keil
                http://www.keil.com/pack/Keil.STM32F4xx_DFP.2.16.0.pack
                Keil.STM32F4xx_DFP.2.16.0
                STMicroelectronics STM32F4 Series Device Support, Drivers and Examples

<h2>Collection of Component include folders:</h2>
  .\RTE\_Target_1
  C:\Users\guoti\AppData\Local\Arm\Packs\ARM\CMSIS\5.8.0\CMSIS\Core\Include
  C:\Users\guoti\AppData\Local\Arm\Packs\Keil\STM32F4xx_DFP\2.16.0\Drivers\CMSIS\Device\ST\STM32F4xx\Include

<h2>Collection of Component Files used:</h2>

   * Component: ARM::CMSIS:CORE:5.5.0
Build Time Elapsed:  00:00:02
</pre>
</body>
</html>
