Component: ARM Compiler 6.16 Tool: armlink [5dfeaa00]

==============================================================================

Section Cross References

    stm32f4xx_it.o(.ARM.exidx.text.NMI_Handler) refers to stm32f4xx_it.o(.text.NMI_Handler) for [Anonymous Symbol]
    stm32f4xx_it.o(.ARM.exidx.text.MemManage_Handler) refers to stm32f4xx_it.o(.text.MemManage_Handler) for [Anonymous Symbol]
    stm32f4xx_it.o(.ARM.exidx.text.BusFault_Handler) refers to stm32f4xx_it.o(.text.BusFault_Handler) for [Anonymous Symbol]
    stm32f4xx_it.o(.ARM.exidx.text.UsageFault_Handler) refers to stm32f4xx_it.o(.text.UsageFault_Handler) for [Anonymous Symbol]
    stm32f4xx_it.o(.ARM.exidx.text.SVC_Handler) refers to stm32f4xx_it.o(.text.SVC_Handler) for [Anonymous Symbol]
    stm32f4xx_it.o(.ARM.exidx.text.DebugMon_Handler) refers to stm32f4xx_it.o(.text.DebugMon_Handler) for [Anonymous Symbol]
    stm32f4xx_it.o(.ARM.exidx.text.PendSV_Handler) refers to stm32f4xx_it.o(.text.PendSV_Handler) for [Anonymous Symbol]
    main.o(.text.main) refers to hal.o(.text._ZN3HAL8HAL_InitEv) for HAL::HAL_Init()
    main.o(.text.main) refers to arduino.o(.text.pinMode) for pinMode
    main.o(.text.main) refers to delay.o(.text.Delay_Init) for Delay_Init
    main.o(.text.main) refers to delay.o(.text.delay_ms) for delay_ms
    main.o(.ARM.exidx.text.main) refers to main.o(.text.main) for [Anonymous Symbol]
    system_stm32f4xx.o(.ARM.exidx.text.SystemInit) refers to system_stm32f4xx.o(.text.SystemInit) for [Anonymous Symbol]
    system_stm32f4xx.o(.text.SystemCoreClockUpdate) refers to system_stm32f4xx.o(.data.SystemCoreClock) for SystemCoreClock
    system_stm32f4xx.o(.text.SystemCoreClockUpdate) refers to system_stm32f4xx.o(.rodata.AHBPrescTable) for AHBPrescTable
    system_stm32f4xx.o(.ARM.exidx.text.SystemCoreClockUpdate) refers to system_stm32f4xx.o(.text.SystemCoreClockUpdate) for [Anonymous Symbol]
    startup_stm32f412xg.o(STACK) refers (Special) to heapauxi.o(.text) for __use_two_region_memory
    startup_stm32f412xg.o(HEAP) refers (Special) to heapauxi.o(.text) for __use_two_region_memory
    startup_stm32f412xg.o(RESET) refers (Special) to heapauxi.o(.text) for __use_two_region_memory
    startup_stm32f412xg.o(RESET) refers to startup_stm32f412xg.o(STACK) for __initial_sp
    startup_stm32f412xg.o(RESET) refers to startup_stm32f412xg.o(.text) for Reset_Handler
    startup_stm32f412xg.o(RESET) refers to stm32f4xx_it.o(.text.NMI_Handler) for NMI_Handler
    startup_stm32f412xg.o(RESET) refers to cmb_fault.o(.text) for HardFault_Handler
    startup_stm32f412xg.o(RESET) refers to stm32f4xx_it.o(.text.MemManage_Handler) for MemManage_Handler
    startup_stm32f412xg.o(RESET) refers to stm32f4xx_it.o(.text.BusFault_Handler) for BusFault_Handler
    startup_stm32f412xg.o(RESET) refers to stm32f4xx_it.o(.text.UsageFault_Handler) for UsageFault_Handler
    startup_stm32f412xg.o(RESET) refers to stm32f4xx_it.o(.text.SVC_Handler) for SVC_Handler
    startup_stm32f412xg.o(RESET) refers to stm32f4xx_it.o(.text.DebugMon_Handler) for DebugMon_Handler
    startup_stm32f412xg.o(RESET) refers to stm32f4xx_it.o(.text.PendSV_Handler) for PendSV_Handler
    startup_stm32f412xg.o(RESET) refers to delay.o(.text.SysTick_Handler) for SysTick_Handler
    startup_stm32f412xg.o(RESET) refers to exti.o(.text.EXTI0_IRQHandler) for EXTI0_IRQHandler
    startup_stm32f412xg.o(RESET) refers to exti.o(.text.EXTI1_IRQHandler) for EXTI1_IRQHandler
    startup_stm32f412xg.o(RESET) refers to exti.o(.text.EXTI2_IRQHandler) for EXTI2_IRQHandler
    startup_stm32f412xg.o(RESET) refers to exti.o(.text.EXTI3_IRQHandler) for EXTI3_IRQHandler
    startup_stm32f412xg.o(RESET) refers to exti.o(.text.EXTI4_IRQHandler) for EXTI4_IRQHandler
    startup_stm32f412xg.o(RESET) refers to exti.o(.text.EXTI9_5_IRQHandler) for EXTI9_5_IRQHandler
    startup_stm32f412xg.o(RESET) refers to timer.o(.text.TIM1_UP_TIM10_IRQHandler) for TIM1_UP_TIM10_IRQHandler
    startup_stm32f412xg.o(RESET) refers to timer.o(.text.TIM2_IRQHandler) for TIM2_IRQHandler
    startup_stm32f412xg.o(RESET) refers to timer.o(.text.TIM3_IRQHandler) for TIM3_IRQHandler
    startup_stm32f412xg.o(RESET) refers to timer.o(.text.TIM4_IRQHandler) for TIM4_IRQHandler
    startup_stm32f412xg.o(RESET) refers to hardwareserial.o(.text.USART1_IRQHandler) for USART1_IRQHandler
    startup_stm32f412xg.o(RESET) refers to hardwareserial.o(.text.USART2_IRQHandler) for USART2_IRQHandler
    startup_stm32f412xg.o(RESET) refers to hardwareserial.o(.text.USART3_IRQHandler) for USART3_IRQHandler
    startup_stm32f412xg.o(RESET) refers to exti.o(.text.EXTI15_10_IRQHandler) for EXTI15_10_IRQHandler
    startup_stm32f412xg.o(RESET) refers to timer.o(.text.TIM8_UP_TIM13_IRQHandler) for TIM8_UP_TIM13_IRQHandler
    startup_stm32f412xg.o(RESET) refers to timer.o(.text.TIM5_IRQHandler) for TIM5_IRQHandler
    startup_stm32f412xg.o(RESET) refers to timer.o(.text.TIM7_IRQHandler) for TIM7_IRQHandler
[...]
    .ARM.Collect$$libinit$$00000023          0x08000250   Section        0  libinit2.o(.ARM.Collect$$libinit$$00000023)
    .ARM.Collect$$libinit$$00000025          0x08000250   Section        0  libinit2.o(.ARM.Collect$$libinit$$00000025)
    .ARM.Collect$$libinit$$0000002C          0x08000250   Section        0  libinit2.o(.ARM.Collect$$libinit$$0000002C)
    .ARM.Collect$$libinit$$0000002E          0x08000250   Section        0  libinit2.o(.ARM.Collect$$libinit$$0000002E)
    .ARM.Collect$$libinit$$00000030          0x08000250   Section        0  libinit2.o(.ARM.Collect$$libinit$$00000030)
    .ARM.Collect$$libinit$$00000031          0x08000250   Section        4  libinit2.o(.ARM.Collect$$libinit$$00000031)
    .ARM.Collect$$libinit$$00000032          0x08000254   Section        0  libinit2.o(.ARM.Collect$$libinit$$00000032)
    .ARM.Collect$$libinit$$00000033          0x08000254   Section        2  libinit2.o(.ARM.Collect$$libinit$$00000033)
    .ARM.Collect$$libshutdown$$00000000      0x08000256   Section        2  libshutdown.o(.ARM.Collect$$libshutdown$$00000000)
    .ARM.Collect$$libshutdown$$00000001      0x08000258   Section        6  libshutdown2.o(.ARM.Collect$$libshutdown$$00000001)
    .ARM.Collect$$libshutdown$$00000002      0x0800025e   Section        0  libshutdown2.o(.ARM.Collect$$libshutdown$$00000002)
    .ARM.Collect$$libshutdown$$00000004      0x0800025e   Section        0  libshutdown2.o(.ARM.Collect$$libshutdown$$00000004)
    .ARM.Collect$$libshutdown$$00000007      0x0800025e   Section        0  libshutdown2.o(.ARM.Collect$$libshutdown$$00000007)
    .ARM.Collect$$libshutdown$$0000000A      0x0800025e   Section        0  libshutdown2.o(.ARM.Collect$$libshutdown$$0000000A)
    .ARM.Collect$$libshutdown$$0000000C      0x0800025e   Section        0  libshutdown2.o(.ARM.Collect$$libshutdown$$0000000C)
    .ARM.Collect$$libshutdown$$0000000F      0x0800025e   Section        0  libshutdown2.o(.ARM.Collect$$libshutdown$$0000000F)
    .ARM.Collect$$libshutdown$$00000010      0x0800025e   Section        2  libshutdown2.o(.ARM.Collect$$libshutdown$$00000010)
    .ARM.Collect$$rtentry$$00000000          0x08000260   Section        0  __rtentry.o(.ARM.Collect$$rtentry$$00000000)
    .ARM.Collect$$rtentry$$00000002          0x08000260   Section        0  __rtentry2.o(.ARM.Collect$$rtentry$$00000002)
    .ARM.Collect$$rtentry$$00000004          0x08000260   Section        6  __rtentry4.o(.ARM.Collect$$rtentry$$00000004)
    .ARM.Collect$$rtentry$$00000009          0x08000266   Section        0  __rtentry2.o(.ARM.Collect$$rtentry$$00000009)
    .ARM.Collect$$rtentry$$0000000A          0x08000266   Section        4  __rtentry2.o(.ARM.Collect$$rtentry$$0000000A)
    .ARM.Collect$$rtentry$$0000000C          0x0800026a   Section        0  __rtentry2.o(.ARM.Collect$$rtentry$$0000000C)
    .ARM.Collect$$rtentry$$0000000D          0x0800026a   Section        8  __rtentry2.o(.ARM.Collect$$rtentry$$0000000D)
    .ARM.Collect$$rtexit$$00000000           0x08000272   Section        2  rtexit.o(.ARM.Collect$$rtexit$$00000000)
    .ARM.Collect$$rtexit$$00000002           0x08000274   Section        0  rtexit2.o(.ARM.Collect$$rtexit$$00000002)
    .ARM.Collect$$rtexit$$00000003           0x08000274   Section        4  rtexit2.o(.ARM.Collect$$rtexit$$00000003)
    .ARM.Collect$$rtexit$$00000004           0x08000278   Section        6  rtexit2.o(.ARM.Collect$$rtexit$$00000004)
    $v0                                      0x08000280   Number         0  startup_stm32f412xg.o(.text)
    .text                                    0x08000280   Section       64  startup_stm32f412xg.o(.text)
    $v0                                      0x080002c0   Number         0  cmb_fault.o(.text)
    .text                                    0x080002c0   Section       12  cmb_fault.o(.text)
    .text                                    0x080002cc   Section        0  h1_alloc.o(.text)
    .text                                    0x0800032a   Section        0  h1_free.o(.text)
    .text                                    0x08000378   Section        0  __2sprintf.o(.text)
    .text                                    0x080003a4   Section        0  _printf_pad.o(.text)
    _printf_hex_common                       0x080003f5   Thumb Code     0  _printf_hex_int_ll_ptr.o(.text)
    .text                                    0x080003f4   Section        0  _printf_hex_int_ll_ptr.o(.text)
    .text                                    0x08000488   Section        0  __printf_flags_ss_wp.o(.text)
    .text                                    0x08000610   Section        0  cxa_atexit.o(.text)
    .text                                    0x0800061a   Section       78  rt_memclr_w.o(.text)
    .text                                    0x08000668   Section        0  heapauxi.o(.text)
    .text                                    0x08000670   Section        0  init_aeabi.o(.text)
    .text                                    0x08000694   Section        8  rt_heap_descriptor_intlibspace.o(.text)
    .text                                    0x0800069c   Section        0  hguard.o(.text)
    .text                                    0x080006a0   Section        0  init_alloc.o(.text)
    .text                                    0x0800072a   Section        0  h1_init.o(.text)
    .text                                    0x08000738   Section        0  _printf_intcommon.o(.text)
    _printf_input_char                       0x080007ed   Thumb Code    10  _printf_char_common.o(.text)
    .text                                    0x080007ec   Section        0  _printf_char_common.o(.text)
    .text                                    0x0800081c   Section        0  _sputc.o(.text)
    .text                                    0x08000826   Section        0  aeabi_atexit.o(.text)
    .text                                    0x08000854   Section        0  sys_exit.o(.text)
    .text                                    0x08000860   Section        8  libspace.o(.text)
    .text                                    0x08000868   Section        8  rt_ddtor_pointer_addr_intlibspace.o(.text)
    .text                                    0x08000870   Section        0  maybetermalloc1.o(.text)
    .text                                    0x08000870   Section        0  h1_extend.o(.text)
    .text                                    0x080008a4   Section        0  cxa_finalize.o(.text)
    .text                                    0x080008e6   Section        0  defsig_rtmem_outer.o(.text)
    .text                                    0x080008f4   Section        2  use_no_semi.o(.text)
    .text                                    0x080008f6   Section        0  indicate_semi.o(.text)
    .text                                    0x080008f6   Section       74  sys_stackheap_outer.o(.text)
    .text                                    0x08000940   Section        0  exit.o(.text)
    .text                                    0x08000952   Section        0  defsig_exit.o(.text)
    .text                                    0x0800095c   Section        0  defsig_rtmem_inner.o(.text)
    .text                                    0x080009ac   Section        0  defsig_general.o(.text)
    .text                                    0x080009de   Section        0  sys_wrch.o(.text)
    [Anonymous Symbol]                       0x080009ec   Section        0  adc.o(.text.ADC_DMA_Register)
    [Anonymous Symbol]                       0x08000aa4   Section        0  stm32f4xx_it.o(.text.BusFault_Handler)
    [Anonymous Symbol]                       0x08000aa8   Section        0  stm32f4xx_it.o(.text.DebugMon_Handler)
    [Anonymous Symbol]                       0x08000aac   Section        0  delay.o(.text.Delay_Init)
    [Anonymous Symbol]                       0x08000af8   Section        0  exti.o(.text.EXTI0_IRQHandler)
    [Anonymous Symbol]                       0x08000b20   Section        0  exti.o(.text.EXTI15_10_IRQHandler)
    [Anonymous Symbol]                       0x08000bd0   Section        0  exti.o(.text.EXTI1_IRQHandler)
    [Anonymous Symbol]                       0x08000bf8   Section        0  exti.o(.text.EXTI2_IRQHandler)
    [Anonymous Symbol]                       0x08000c20   Section        0  exti.o(.text.EXTI3_IRQHandler)
    [Anonymous Symbol]                       0x08000c48   Section        0  exti.o(.text.EXTI4_IRQHandler)
    [Anonymous Symbol]                       0x08000c70   Section        0  exti.o(.text.EXTI9_5_IRQHandler)
    [Anonymous Symbol]                       0x08000cf8   Section        0  stm32f4xx_exti.o(.text.EXTI_ClearITPendingBit)
    [Anonymous Symbol]                       0x08000d04   Section        0  stm32f4xx_exti.o(.text.EXTI_GetITStatus)
    [Anonymous Symbol]                       0x08000d18   Section        0  gpio.o(.text.GPIO_GetPinNum)
    [Anonymous Symbol]                       0x08000d60   Section        0  gpio.o(.text.GPIO_GetPinSource)
    [Anonymous Symbol]                       0x08000d9c   Section        0  stm32f4xx_gpio.o(.text.GPIO_Init)
    [Anonymous Symbol]                       0x08000e9c   Section        0  stm32f4xx_gpio.o(.text.GPIO_PinAFConfig)
    [Anonymous Symbol]                       0x08000ec4   Section        0  gpio.o(.text.GPIOx_Init)
    [Anonymous Symbol]                       0x08000f90   Section        0  stm32f4xx_it.o(.text.MemManage_Handler)
    [Anonymous Symbol]                       0x08000f94   Section        0  stm32f4xx_it.o(.text.NMI_Handler)
    [Anonymous Symbol]                       0x08000f98   Section        0  misc.o(.text.NVIC_Init)
    [Anonymous Symbol]                       0x08000ffc   Section        0  pwm.o(.text.PWM_Init)
    [Anonymous Symbol]                       0x080010fc   Section        0  stm32f4xx_it.o(.text.PendSV_Handler)
    [Anonymous Symbol]                       0x08001100   Section        0  stm32f4xx_rcc.o(.text.RCC_AHB1PeriphClockCmd)
    [Anonymous Symbol]                       0x08001118   Section        0  stm32f4xx_rcc.o(.text.RCC_APB1PeriphClockCmd)
    [Anonymous Symbol]                       0x08001130   Section        0  stm32f4xx_rcc.o(.text.RCC_APB2PeriphClockCmd)
    [Anonymous Symbol]                       0x08001148   Section        0  stm32f4xx_rcc.o(.text.RCC_GetClocksFreq)
    [Anonymous Symbol]                       0x08001224   Section        0  stm32f4xx_it.o(.text.SVC_Handler)
    [Anonymous Symbol]                       0x08001228   Section        0  delay.o(.text.SysTick_Handler)
    [Anonymous Symbol]                       0x08001238   Section        0  system_stm32f4xx.o(.text.SystemCoreClockUpdate)
    [Anonymous Symbol]                       0x080012ec   Section        0  system_stm32f4xx.o(.text.SystemInit)
    [Anonymous Symbol]                       0x08001418   Section        0  timer.o(.text.TIM1_UP_TIM10_IRQHandler)
    [Anonymous Symbol]                       0x08001468   Section        0  timer.o(.text.TIM2_IRQHandler)
    [Anonymous Symbol]                       0x08001498   Section        0  timer.o(.text.TIM3_IRQHandler)
    [Anonymous Symbol]                       0x080014cc   Section        0  timer.o(.text.TIM4_IRQHandler)
    [Anonymous Symbol]                       0x08001500   Section        0  timer.o(.text.TIM5_IRQHandler)
    [Anonymous Symbol]                       0x08001534   Section        0  timer.o(.text.TIM7_IRQHandler)
    [Anonymous Symbol]                       0x08001568   Section        0  timer.o(.text.TIM8_UP_TIM13_IRQHandler)
    [Anonymous Symbol]                       0x080015bc   Section        0  stm32f4xx_tim.o(.text.TIM_ClearITPendingBit)
    [Anonymous Symbol]                       0x080015c4   Section        0  stm32f4xx_tim.o(.text.TIM_Cmd)
    [Anonymous Symbol]                       0x080015d8   Section        0  stm32f4xx_tim.o(.text.TIM_CtrlPWMOutputs)
    [Anonymous Symbol]                       0x080015f0   Section        0  pwm.o(.text.TIM_GetGPIO_AF)
    [Anonymous Symbol]                       0x08001764   Section        0  stm32f4xx_tim.o(.text.TIM_GetITStatus)
    [Anonymous Symbol]                       0x08001778   Section        0  stm32f4xx_tim.o(.text.TIM_OC1Init)
    [Anonymous Symbol]                       0x080017e0   Section        0  stm32f4xx_tim.o(.text.TIM_OC1PreloadConfig)
    [Anonymous Symbol]                       0x080017ec   Section        0  stm32f4xx_tim.o(.text.TIM_OC2Init)
    [Anonymous Symbol]                       0x0800185c   Section        0  stm32f4xx_tim.o(.text.TIM_OC2PreloadConfig)
    [Anonymous Symbol]                       0x0800186c   Section        0  stm32f4xx_tim.o(.text.TIM_OC3Init)
    [Anonymous Symbol]                       0x080018dc   Section        0  stm32f4xx_tim.o(.text.TIM_OC3PreloadConfig)
    [Anonymous Symbol]                       0x080018e8   Section        0  stm32f4xx_tim.o(.text.TIM_OC4Init)
    [Anonymous Symbol]                       0x0800193c   Section        0  stm32f4xx_tim.o(.text.TIM_OC4PreloadConfig)
    [Anonymous Symbol]                       0x0800194c   Section        0  stm32f4xx_tim.o(.text.TIM_TimeBaseInit)
    [Anonymous Symbol]                       0x080019e0   Section        0  pwm.o(.text.TIMx_OCxInit)
    [Anonymous Symbol]                       0x08001ba4   Section        0  timer.o(.text.Timer_ClockCmd)
    [Anonymous Symbol]                       0x08001cf4   Section        0  hardwareserial.o(.text.USART1_IRQHandler)
    [Anonymous Symbol]                       0x08001d40   Section        0  hardwareserial.o(.text.USART2_IRQHandler)
    [Anonymous Symbol]                       0x08001d8c   Section        0  hardwareserial.o(.text.USART3_IRQHandler)
    [Anonymous Symbol]                       0x08001dd8   Section        0  stm32f4xx_usart.o(.text.USART_ClearITPendingBit)
    [Anonymous Symbol]                       0x08001de8   Section        0  stm32f4xx_usart.o(.text.USART_Cmd)
    [Anonymous Symbol]                       0x08001dfc   Section        0  stm32f4xx_usart.o(.text.USART_GetFlagStatus)
    [Anonymous Symbol]                       0x08001e08   Section        0  stm32f4xx_usart.o(.text.USART_GetITStatus)
    [Anonymous Symbol]                       0x08001e3c   Section        0  stm32f4xx_usart.o(.text.USART_ITConfig)
    [Anonymous Symbol]                       0x08001e6c   Section        0  stm32f4xx_usart.o(.text.USART_Init)
    [Anonymous Symbol]                       0x08001f28   Section        0  stm32f4xx_usart.o(.text.USART_ReceiveData)
    [Anonymous Symbol]                       0x08001f30   Section        0  stm32f4xx_usart.o(.text.USART_SendData)
    [Anonymous Symbol]                       0x08001f38   Section        0  stm32f4xx_it.o(.text.UsageFault_Handler)
    _GLOBAL__sub_I_HAL.cpp                   0x08001f3d   Thumb Code    44  hal.o(.text._GLOBAL__sub_I_HAL.cpp)
    [Anonymous Symbol]                       0x08001f3c   Section        0  hal.o(.text._GLOBAL__sub_I_HAL.cpp)
    _GLOBAL__sub_I_HardwareSerial.cpp        0x08001f69   Thumb Code   114  hardwareserial.o(.text._GLOBAL__sub_I_HardwareSerial.cpp)
    [Anonymous Symbol]                       0x08001f68   Section        0  hardwareserial.o(.text._GLOBAL__sub_I_HardwareSerial.cpp)
    _GLOBAL__sub_I_Wire.cpp                  0x08001fdd   Thumb Code    54  wire.o(.text._GLOBAL__sub_I_Wire.cpp)
    [Anonymous Symbol]                       0x08001fdc   Section        0  wire.o(.text._GLOBAL__sub_I_Wire.cpp)
    [Anonymous Symbol]                       0x08002014   Section        0  hardwareserial.o(.text._ZN14HardwareSerial4peekEv)
    [Anonymous Symbol]                       0x0800202c   Section        0  hardwareserial.o(.text._ZN14HardwareSerial4readEv)
    [Anonymous Symbol]                       0x08002050   Section        0  hardwareserial.o(.text._ZN14HardwareSerial5beginEj)
    [Anonymous Symbol]                       0x08002068   Section        0  hardwareserial.o(.text._ZN14HardwareSerial5beginEj13SERIAL_Confighh)
    [Anonymous Symbol]                       0x080021a0   Section        0  hardwareserial.o(.text._ZN14HardwareSerial5flushEv)
    [Anonymous Symbol]                       0x080021a8   Section        0  hardwareserial.o(.text._ZN14HardwareSerial5writeEh)
    [Anonymous Symbol]                       0x080021c8   Section        0  hardwareserial.o(.text._ZN14HardwareSerial9availableEv)
    [Anonymous Symbol]                       0x080021d4   Section        0  millistaskmanager.o(.text._ZN17MillisTaskManagerC2Eb)
    [Anonymous Symbol]                       0x080021e0   Section        0  millistaskmanager.o(.text._ZN17MillisTaskManagerD2Ev)
    [Anonymous Symbol]                       0x080021f8   Section        0  hal.o(.text._ZN3HAL8HAL_InitEv)
    [Anonymous Symbol]                       0x08002220   Section        0  print.o(.text._ZN5Print5writeEPKc)
    [Anonymous Symbol]                       0x08002248   Section        0  print.o(.text._ZN5Print5writeEPKvj)
    [Anonymous Symbol]                       0x08002270   Section        0  print.o(.text._ZN5Print7printlnEPKc)
    [Anonymous Symbol]                       0x0800229c   Section        0  wire.o(.text._ZN7TwoWire11i2c_get_ackEv)
    [Anonymous Symbol]                       0x08002308   Section        0  wire.o(.text._ZN7TwoWire12i2c_send_ackEv)
    [Anonymous Symbol]                       0x08002354   Section        0  wire.o(.text._ZN7TwoWire12i2c_shift_inEv)
    [Anonymous Symbol]                       0x08002574   Section        0  wire.o(.text._ZN7TwoWire13i2c_send_nackEv)
    [Anonymous Symbol]                       0x080025c0   Section        0  wire.o(.text._ZN7TwoWire13i2c_shift_outEh)
    [Anonymous Symbol]                       0x08002804   Section        0  wire.o(.text._ZN7TwoWire5beginEh)
    [Anonymous Symbol]                       0x0800285c   Section        0  wire.o(.text._ZN7TwoWire7processEv)
    [Anonymous Symbol]                       0x08002950   Section        0  wire.o(.text._ZN7TwoWire8i2c_stopEv)
    [Anonymous Symbol]                       0x0800299c   Section        0  wire.o(.text._ZN7TwoWireD2Ev)
    [Anonymous Symbol]                       0x080029b0   Section        0  new.cpp.o(.text._ZdlPv)
    [Anonymous Symbol]                       0x080029b4   Section        0  cm_backtrace.o(.text.cm_backtrace_call_stack)
    [Anonymous Symbol]                       0x08002b84   Section        0  cm_backtrace.o(.text.cm_backtrace_fault)
    [Anonymous Symbol]                       0x08002c2c   Section        0  delay.o(.text.delay_ms)
    [Anonymous Symbol]                       0x08002c58   Section        0  delay.o(.text.delay_us)
    [Anonymous Symbol]                       0x08002ce0   Section        0  arduino.o(.text.digitalRead)
    [Anonymous Symbol]                       0x08002d04   Section        0  arduino.o(.text.digitalWrite)
    [Anonymous Symbol]                       0x08002d2c   Section        0  main.o(.text.main)
    [Anonymous Symbol]                       0x08002d54   Section        0  arduino.o(.text.pinMode)
    i._is_digit                              0x08002dbc   Section        0  __printf_wp.o(i._is_digit)
    $v0                                      0x08002dca   Number         0  fpinit.o(x$fpl$fpinit)
    x$fpl$fpinit                             0x08002dca   Section       26  fpinit.o(x$fpl$fpinit)
    uc_hextab                                0x08002de4   Data          20  _printf_hex_int_ll_ptr.o(.constdata)
    .constdata                               0x08002de4   Section       40  _printf_hex_int_ll_ptr.o(.constdata)
    lc_hextab                                0x08002df8   Data          20  _printf_hex_int_ll_ptr.o(.constdata)
    maptable                                 0x08002e0c   Data          17  __printf_flags_ss_wp.o(.constdata)
    .constdata                               0x08002e0c   Section       17  __printf_flags_ss_wp.o(.constdata)
    APBAHBPrescTable                         0x08002e2d   Data          16  stm32f4xx_rcc.o(.rodata.APBAHBPrescTable)
    [Anonymous Symbol]                       0x08002e2d   Section        0  stm32f4xx_rcc.o(.rodata.APBAHBPrescTable)
    .L.str.8                                 0x08003974   Data           6  cm_backtrace.o(.rodata.str1.1)
    [Anonymous Symbol]                       0x08003974   Section        0  cm_backtrace.o(.rodata.str1.1)
    .init_array                              0x080039a8   Section        0  init_aeabi.o(.init_array)
    .bss                                     0x20000008   Section       96  libspace.o(.bss)
    .L_MergedGlobals                         0x20000068   Data          74  adc.o(.bss..L_MergedGlobals)
    ADC_DMA_Register.IsInit                  0x20000068   Data           1  adc.o(.bss..L_MergedGlobals)
    [Anonymous Symbol]                       0x20000068   Section        0  adc.o(.bss..L_MergedGlobals)
    ADC_DMA_RegCnt                           0x20000069   Data           1  adc.o(.bss..L_MergedGlobals)
    ADC_DMA_RegChannelList                   0x2000006a   Data          36  adc.o(.bss..L_MergedGlobals)
    ADC_DMA_ConvertedValue                   0x2000008e   Data          36  adc.o(.bss..L_MergedGlobals)
    .L_MergedGlobals                         0x200000b4   Data         123  cm_backtrace.o(.bss..L_MergedGlobals)
    main_stack_start_addr                    0x200000b4   Data           1  cm_backtrace.o(.bss..L_MergedGlobals)
    [Anonymous Symbol]                       0x200000b4   Section        0  cm_backtrace.o(.bss..L_MergedGlobals)
    main_stack_size                          0x200000b8   Data           1  cm_backtrace.o(.bss..L_MergedGlobals)
    code_start_addr                          0x200000bc   Data           1  cm_backtrace.o(.bss..L_MergedGlobals)
    code_size                                0x200000c0   Data           1  cm_backtrace.o(.bss..L_MergedGlobals)
    init_ok                                  0x200000c1   Data           1  cm_backtrace.o(.bss..L_MergedGlobals)
    on_fault                                 0x200000c2   Data           1  cm_backtrace.o(.bss..L_MergedGlobals)
    regs.0.5                                 0x200000c4   Data           4  cm_backtrace.o(.bss..L_MergedGlobals)
    regs.0.6                                 0x200000c8   Data           4  cm_backtrace.o(.bss..L_MergedGlobals)
    fw_name                                  0x200000cc   Data          33  cm_backtrace.o(.bss..L_MergedGlobals)
    hw_ver                                   0x200000ed   Data          33  cm_backtrace.o(.bss..L_MergedGlobals)
    sw_ver                                   0x2000010e   Data          33  cm_backtrace.o(.bss..L_MergedGlobals)
    EXTI_Function                            0x20000130   Data          64  exti.o(.bss.EXTI_Function)
    [Anonymous Symbol]                       0x20000130   Section        0  exti.o(.bss.EXTI_Function)
    System_ms                                0x20000344   Data           4  delay.o(.bss.System_ms)
    [Anonymous Symbol]                       0x20000344   Section        0  delay.o(.bss.System_ms)
    TIMx_Function                            0x20000348   Data          56  timer.o(.bss.TIMx_Function)
    [Anonymous Symbol]                       0x20000348   Section        0  timer.o(.bss.TIMx_Function)
    taskM                                    0x200003d8   Data          12  hal.o(.bss._ZL5taskM)
    [Anonymous Symbol]                       0x200003d8   Section        0  hal.o(.bss._ZL5taskM)
    call_stack_info                          0x200003e4   Data         288  cm_backtrace.o(.bss.call_stack_info)
    [Anonymous Symbol]                       0x200003e4   Section        0  cm_backtrace.o(.bss.call_stack_info)
    Heap_Mem                                 0x20000508   Data         512  startup_stm32f412xg.o(HEAP)
    HEAP                                     0x20000508   Section      512  startup_stm32f412xg.o(HEAP)
    Stack_Mem                                0x20000708   Data        1024  startup_stm32f412xg.o(STACK)
    STACK                                    0x20000708   Section     1024  startup_stm32f412xg.o(STACK)
    __initial_sp                             0x20000b08   Data           0  startup_stm32f412xg.o(STACK)

    Global Symbols

    Symbol Name                              Value     Ov Type        Size  Object(Section)

    BuildAttributes$$THM_ISAv4$E$P$D$K$B$S$7EM$VFPi3$EXTD16$VFPS$VFMA$PE$A:L22UL41UL21$X:L11$S22US41US21$IEEE1$IW$~IW$USESV6$~STKCKD$USESV7$~SHL$OTIME$ROPI$IEEEX$EBA8$UX$STANDARDLIB$REQ8$PRES8$EABIv2 0x00000000   Number         0  anon$$obj.o ABSOLUTE
    _printf_flags                            0x00000000   Number         0  printf_stubs.o ABSOLUTE
    _printf_return_value                     0x00000000   Number         0  printf_stubs.o ABSOLUTE
    _printf_sizespec                         0x00000000   Number         0  printf_stubs.o ABSOLUTE
    _printf_widthprec                        0x00000000   Number         0  printf_stubs.o ABSOLUTE
    __ARM_exceptions_init                     - Undefined Weak Reference
    __alloca_initialize                       - Undefined Weak Reference
    __arm_preinit_                            - Undefined Weak Reference
    __sigvec_lookup                           - Undefined Weak Reference
    __user_heap_extent                        - Undefined Weak Reference
    _atexit_init                              - Undefined Weak Reference
    _call_atexit_fns                          - Undefined Weak Reference
    _clock_init                               - Undefined Weak Reference
    _fp_trap_init                             - Undefined Weak Reference
    _fp_trap_shutdown                         - Undefined Weak Reference
    _get_lc_collate                           - Undefined Weak Reference
    _get_lc_monetary                          - Undefined Weak Reference
    _get_lc_time                              - Undefined Weak Reference
    _getenv_init                              - Undefined Weak Reference
    _handle_redirection                       - Undefined Weak Reference
    _initio                                   - Undefined Weak Reference
    _mutex_acquire                            - Undefined Weak Reference
    _mutex_free                               - Undefined Weak Reference
    _mutex_release                            - Undefined Weak Reference
    _printf_mbtowc                            - Undefined Weak Reference
    _printf_wc                                - Undefined Weak Reference
    _signal_finish                            - Undefined Weak Reference
    _signal_init                              - Undefined Weak Reference
    _terminateio                              - Undefined Weak Reference
    __Vectors_Size                           0x000001c4   Number         0  startup_stm32f412xg.o ABSOLUTE
    Image$$ER_IROM1$$Base                    0x08000000   Number         0  anon$$obj.o ABSOLUTE
    __Vectors                                0x08000000   Data           4  startup_stm32f412xg.o(RESET)
    __dso_handle                             0x08000000   Number         0  startup_stm32f412xg.o(RESET)
    __Vectors_End                            0x080001c4   Data           0  startup_stm32f412xg.o(RESET)
    __main                                   0x080001c5   Thumb Code     8  __main.o(!!!main)
    __scatterload                            0x080001cd   Thumb Code     0  __scatter.o(!!!scatter)
    __scatterload_rt2                        0x080001cd   Thumb Code    44  __scatter.o(!!!scatter)
    __scatterload_rt2_thumb_only             0x080001cd   Thumb Code     0  __scatter.o(!!!scatter)
    __scatterload_null                       0x080001db   Thumb Code     0  __scatter.o(!!!scatter)
    __scatterload_copy                       0x08000201   Thumb Code    26  __scatter_copy.o(!!handler_copy)
    __scatterload_zeroinit                   0x0800021d   Thumb Code    28  __scatter_zi.o(!!handler_zi)
    _printf_percent                          0x08000239   Thumb Code     0  _printf_percent.o(.ARM.Collect$$_printf_percent$$00000000)
    _printf_x                                0x08000239   Thumb Code     0  _printf_x.o(.ARM.Collect$$_printf_percent$$0000000C)
    _printf_percent_end                      0x0800023f   Thumb Code     0  _printf_percent_end.o(.ARM.Collect$$_printf_percent$$00000017)
    __rt_lib_init                            0x08000243   Thumb Code     0  libinit.o(.ARM.Collect$$libinit$$00000000)
    __rt_lib_init_fp_1                       0x08000245   Thumb Code     0  libinit2.o(.ARM.Collect$$libinit$$00000001)
    __rt_lib_init_heap_2                     0x08000249   Thumb Code     0  libinit2.o(.ARM.Collect$$libinit$$00000005)
    __rt_lib_init_preinit_1                  0x08000249   Thumb Code     0  libinit2.o(.ARM.Collect$$libinit$$00000004)
    __rt_lib_init_alloca_1                   0x08000251   Thumb Code     0  libinit2.o(.ARM.Collect$$libinit$$0000002E)
    __rt_lib_init_argv_1                     0x08000251   Thumb Code     0  libinit2.o(.ARM.Collect$$libinit$$0000002C)
    __rt_lib_init_atexit_1                   0x08000251   Thumb Code     0  libinit2.o(.ARM.Collect$$libinit$$0000001B)
    __rt_lib_init_clock_1                    0x08000251   Thumb Code     0  libinit2.o(.ARM.Collect$$libinit$$00000021)
    __rt_lib_init_cpp_2                      0x08000251   Thumb Code     0  libinit2.o(.ARM.Collect$$libinit$$00000031)
    __rt_lib_init_exceptions_1               0x08000251   Thumb Code     0  libinit2.o(.ARM.Collect$$libinit$$00000030)
    __rt_lib_init_fp_trap_1                  0x08000251   Thumb Code     0  libinit2.o(.ARM.Collect$$libinit$$0000001F)
    __rt_lib_init_getenv_1                   0x08000251   Thumb Code     0  libinit2.o(.ARM.Collect$$libinit$$00000023)
    __rt_lib_init_heap_1                     0x08000251   Thumb Code     0  libinit2.o(.ARM.Collect$$libinit$$0000000A)
    __rt_lib_init_lc_collate_1               0x08000251   Thumb Code     0  libinit2.o(.ARM.Collect$$libinit$$00000011)
    __rt_lib_init_lc_ctype_1                 0x08000251   Thumb Code     0  libinit2.o(.ARM.Collect$$libinit$$00000013)
    __rt_lib_init_lc_monetary_1              0x08000251   Thumb Code     0  libinit2.o(.ARM.Collect$$libinit$$00000015)
    __rt_lib_init_lc_numeric_1               0x08000251   Thumb Code     0  libinit2.o(.ARM.Collect$$libinit$$00000017)
    __rt_lib_init_lc_time_1                  0x08000251   Thumb Code     0  libinit2.o(.ARM.Collect$$libinit$$00000019)
    __rt_lib_init_rand_1                     0x08000251   Thumb Code     0  libinit2.o(.ARM.Collect$$libinit$$0000000E)
    __rt_lib_init_signal_1                   0x08000251   Thumb Code     0  libinit2.o(.ARM.Collect$$libinit$$0000001D)
    __rt_lib_init_stdio_1                    0x08000251   Thumb Code     0  libinit2.o(.ARM.Collect$$libinit$$00000025)
    __rt_lib_init_user_alloc_1               0x08000251   Thumb Code     0  libinit2.o(.ARM.Collect$$libinit$$0000000C)
    __rt_lib_init_cpp_1                      0x08000255   Thumb Code     0  libinit2.o(.ARM.Collect$$libinit$$00000032)
    __rt_lib_init_return                     0x08000255   Thumb Code     0  libinit2.o(.ARM.Collect$$libinit$$00000033)
    __rt_lib_shutdown                        0x08000257   Thumb Code     0  libshutdown.o(.ARM.Collect$$libshutdown$$00000000)
    __rt_lib_shutdown_cpp_2                  0x08000259   Thumb Code     0  libshutdown2.o(.ARM.Collect$$libshutdown$$00000001)
    __rt_lib_shutdown_cpp_1                  0x0800025f   Thumb Code     0  libshutdown2.o(.ARM.Collect$$libshutdown$$00000002)
    __rt_lib_shutdown_fp_trap_1              0x0800025f   Thumb Code     0  libshutdown2.o(.ARM.Collect$$libshutdown$$00000007)
    __rt_lib_shutdown_heap_1                 0x0800025f   Thumb Code     0  libshutdown2.o(.ARM.Collect$$libshutdown$$0000000F)
    __rt_lib_shutdown_return                 0x0800025f   Thumb Code     0  libshutdown2.o(.ARM.Collect$$libshutdown$$00000010)
    __rt_lib_shutdown_signal_1               0x0800025f   Thumb Code     0  libshutdown2.o(.ARM.Collect$$libshutdown$$0000000A)
    __rt_lib_shutdown_stdio_1                0x0800025f   Thumb Code     0  libshutdown2.o(.ARM.Collect$$libshutdown$$00000004)
    __rt_lib_shutdown_user_alloc_1           0x0800025f   Thumb Code     0  libshutdown2.o(.ARM.Collect$$libshutdown$$0000000C)
    __rt_entry                               0x08000261   Thumb Code     0  __rtentry.o(.ARM.Collect$$rtentry$$00000000)
    __rt_entry_presh_1                       0x08000261   Thumb Code     0  __rtentry2.o(.ARM.Collect$$rtentry$$00000002)
    __rt_entry_sh                            0x08000261   Thumb Code     0  __rtentry4.o(.ARM.Collect$$rtentry$$00000004)
    __rt_entry_li                            0x08000267   Thumb Code     0  __rtentry2.o(.ARM.Collect$$rtentry$$0000000A)
    __rt_entry_postsh_1                      0x08000267   Thumb Code     0  __rtentry2.o(.ARM.Collect$$rtentry$$00000009)
    __rt_entry_main                          0x0800026b   Thumb Code     0  __rtentry2.o(.ARM.Collect$$rtentry$$0000000D)
    __rt_entry_postli_1                      0x0800026b   Thumb Code     0  __rtentry2.o(.ARM.Collect$$rtentry$$0000000C)
    __rt_exit                                0x08000273   Thumb Code     0  rtexit.o(.ARM.Collect$$rtexit$$00000000)
    __rt_exit_ls                             0x08000275   Thumb Code     0  rtexit2.o(.ARM.Collect$$rtexit$$00000003)
    __rt_exit_prels_1                        0x08000275   Thumb Code     0  rtexit2.o(.ARM.Collect$$rtexit$$00000002)
    __rt_exit_exit                           0x08000279   Thumb Code     0  rtexit2.o(.ARM.Collect$$rtexit$$00000004)
    Reset_Handler                            0x08000281   Thumb Code     8  startup_stm32f412xg.o(.text)
    ADC_IRQHandler                           0x0800029b   Thumb Code     0  startup_stm32f412xg.o(.text)
    CAN1_RX0_IRQHandler                      0x0800029b   Thumb Code     0  startup_stm32f412xg.o(.text)
    CAN1_RX1_IRQHandler                      0x0800029b   Thumb Code     0  startup_stm32f412xg.o(.text)
    CAN1_SCE_IRQHandler                      0x0800029b   Thumb Code     0  startup_stm32f412xg.o(.text)
    CAN1_TX_IRQHandler                       0x0800029b   Thumb Code     0  startup_stm32f412xg.o(.text)
    CAN2_RX0_IRQHandler                      0x0800029b   Thumb Code     0  startup_stm32f412xg.o(.text)
    CAN2_RX1_IRQHandler                      0x0800029b   Thumb Code     0  startup_stm32f412xg.o(.text)
    CAN2_SCE_IRQHandler                      0x0800029b   Thumb Code     0  startup_stm32f412xg.o(.text)
    CAN2_TX_IRQHandler                       0x0800029b   Thumb Code     0  startup_stm32f412xg.o(.text)
    DFSDM1_FLT0_IRQHandler                   0x0800029b   Thumb Code     0  startup_stm32f412xg.o(.text)
    DFSDM1_FLT1_IRQHandler                   0x0800029b   Thumb Code     0  startup_stm32f412xg.o(.text)
    DMA1_Stream0_IRQHandler                  0x0800029b   Thumb Code     0  startup_stm32f412xg.o(.text)
    DMA1_Stream1_IRQHandler                  0x0800029b   Thumb Code     0  startup_stm32f412xg.o(.text)
    DMA1_Stream2_IRQHandler                  0x0800029b   Thumb Code     0  startup_stm32f412xg.o(.text)
    DMA1_Stream3_IRQHandler                  0x0800029b   Thumb Code     0  startup_stm32f412xg.o(.text)
    DMA1_Stream4_IRQHandler                  0x0800029b   Thumb Code     0  startup_stm32f412xg.o(.text)
    DMA1_Stream5_IRQHandler                  0x0800029b   Thumb Code     0  startup_stm32f412xg.o(.text)
    DMA1_Stream6_IRQHandler                  0x0800029b   Thumb Code     0  startup_stm32f412xg.o(.text)
    DMA1_Stream7_IRQHandler                  0x0800029b   Thumb Code     0  startup_stm32f412xg.o(.text)
    DMA2_Stream0_IRQHandler                  0x0800029b   Thumb Code     0  startup_stm32f412xg.o(.text)
    DMA2_Stream1_IRQHandler                  0x0800029b   Thumb Code     0  startup_stm32f412xg.o(.text)
    DMA2_Stream2_IRQHandler                  0x0800029b   Thumb Code     0  startup_stm32f412xg.o(.text)
    DMA2_Stream3_IRQHandler                  0x0800029b   Thumb Code     0  startup_stm32f412xg.o(.text)
    DMA2_Stream4_IRQHandler                  0x0800029b   Thumb Code     0  startup_stm32f412xg.o(.text)
    DMA2_Stream5_IRQHandler                  0x0800029b   Thumb Code     0  startup_stm32f412xg.o(.text)
    DMA2_Stream6_IRQHandler                  0x0800029b   Thumb Code     0  startup_stm32f412xg.o(.text)
    DMA2_Stream7_IRQHandler                  0x0800029b   Thumb Code     0  startup_stm32f412xg.o(.text)
    FLASH_IRQHandler                         0x0800029b   Thumb Code     0  startup_stm32f412xg.o(.text)
    FMPI2C1_ER_IRQHandler                    0x0800029b   Thumb Code     0  startup_stm32f412xg.o(.text)
    FMPI2C1_EV_IRQHandler                    0x0800029b   Thumb Code     0  startup_stm32f412xg.o(.text)
    FPU_IRQHandler                           0x0800029b   Thumb Code     0  startup_stm32f412xg.o(.text)
    I2C1_ER_IRQHandler                       0x0800029b   Thumb Code     0  startup_stm32f412xg.o(.text)
    I2C1_EV_IRQHandler                       0x0800029b   Thumb Code     0  startup_stm32f412xg.o(.text)
    I2C2_ER_IRQHandler                       0x0800029b   Thumb Code     0  startup_stm32f412xg.o(.text)
    I2C2_EV_IRQHandler                       0x0800029b   Thumb Code     0  startup_stm32f412xg.o(.text)
    I2C3_ER_IRQHandler                       0x0800029b   Thumb Code     0  startup_stm32f412xg.o(.text)
    I2C3_EV_IRQHandler                       0x0800029b   Thumb Code     0  startup_stm32f412xg.o(.text)
    OTG_FS_IRQHandler                        0x0800029b   Thumb Code     0  startup_stm32f412xg.o(.text)
    OTG_FS_WKUP_IRQHandler                   0x0800029b   Thumb Code     0  startup_stm32f412xg.o(.text)
    PVD_IRQHandler                           0x0800029b   Thumb Code     0  startup_stm32f412xg.o(.text)
    QUADSPI_IRQHandler                       0x0800029b   Thumb Code     0  startup_stm32f412xg.o(.text)
    RCC_IRQHandler                           0x0800029b   Thumb Code     0  startup_stm32f412xg.o(.text)
    RNG_IRQHandler                           0x0800029b   Thumb Code     0  startup_stm32f412xg.o(.text)
    RTC_Alarm_IRQHandler                     0x0800029b   Thumb Code     0  startup_stm32f412xg.o(.text)
    RTC_WKUP_IRQHandler                      0x0800029b   Thumb Code     0  startup_stm32f412xg.o(.text)
    SDIO_IRQHandler                          0x0800029b   Thumb Code     0  startup_stm32f412xg.o(.text)
    SPI1_IRQHandler                          0x0800029b   Thumb Code     0  startup_stm32f412xg.o(.text)
    SPI2_IRQHandler                          0x0800029b   Thumb Code     0  startup_stm32f412xg.o(.text)
    SPI3_IRQHandler                          0x0800029b   Thumb Code     0  startup_stm32f412xg.o(.text)
    SPI4_IRQHandler                          0x0800029b   Thumb Code     0  startup_stm32f412xg.o(.text)
    SPI5_IRQHandler                          0x0800029b   Thumb Code     0  startup_stm32f412xg.o(.text)
    TAMP_STAMP_IRQHandler                    0x0800029b   Thumb Code     0  startup_stm32f412xg.o(.text)
    TIM1_BRK_TIM9_IRQHandler                 0x0800029b   Thumb Code     0  startup_stm32f412xg.o(.text)
    TIM1_CC_IRQHandler                       0x0800029b   Thumb Code     0  startup_stm32f412xg.o(.text)
    TIM1_TRG_COM_TIM11_IRQHandler            0x0800029b   Thumb Code     0  startup_stm32f412xg.o(.text)
    TIM6_IRQHandler                          0x0800029b   Thumb Code     0  startup_stm32f412xg.o(.text)
    TIM8_BRK_TIM12_IRQHandler                0x0800029b   Thumb Code     0  startup_stm32f412xg.o(.text)
    TIM8_CC_IRQHandler                       0x0800029b   Thumb Code     0  startup_stm32f412xg.o(.text)
    TIM8_TRG_COM_TIM14_IRQHandler            0x0800029b   Thumb Code     0  startup_stm32f412xg.o(.text)
    USART6_IRQHandler                        0x0800029b   Thumb Code     0  startup_stm32f412xg.o(.text)
    WWDG_IRQHandler                          0x0800029b   Thumb Code     0  startup_stm32f412xg.o(.text)
    __user_initial_stackheap                 0x0800029d   Thumb Code     0  startup_stm32f412xg.o(.text)
    HardFault_Handler                        0x080002c1   Thumb Code    12  cmb_fault.o(.text)
    malloc                                   0x080002cd   Thumb Code    94  h1_alloc.o(.text)
    free                                     0x0800032b   Thumb Code    78  h1_free.o(.text)
    __2sprintf                               0x08000379   Thumb Code    38  __2sprintf.o(.text)
    _printf_pre_padding                      0x080003a5   Thumb Code    44  _printf_pad.o(.text)
    _printf_post_padding                     0x080003d1   Thumb Code    34  _printf_pad.o(.text)
    _printf_longlong_hex                     0x080003f5   Thumb Code    86  _printf_hex_int_ll_ptr.o(.text)
    _printf_int_hex                          0x0800044b   Thumb Code    28  _printf_hex_int_ll_ptr.o(.text)
    _printf_ll_hex                           0x08000467   Thumb Code    12  _printf_hex_int_ll_ptr.o(.text)
    _printf_hex_ptr                          0x08000473   Thumb Code    18  _printf_hex_int_ll_ptr.o(.text)
    __printf                                 0x08000489   Thumb Code   388  __printf_flags_ss_wp.o(.text)
    __cxa_atexit                             0x08000611   Thumb Code    10  cxa_atexit.o(.text)
    __aeabi_memclr4                          0x0800061b   Thumb Code     0  rt_memclr_w.o(.text)
    __aeabi_memclr8                          0x0800061b   Thumb Code     0  rt_memclr_w.o(.text)
    __rt_memclr_w                            0x0800061b   Thumb Code     0  rt_memclr_w.o(.text)
    _memset_w                                0x0800061f   Thumb Code    74  rt_memclr_w.o(.text)
    __use_two_region_memory                  0x08000669   Thumb Code     2  heapauxi.o(.text)
    __rt_heap_escrow                         0x0800066b   Thumb Code     2  heapauxi.o(.text)
    __rt_heap_expand                         0x0800066d   Thumb Code     2  heapauxi.o(.text)
    __cpp_initialize__aeabi_                 0x08000671   Thumb Code    28  init_aeabi.o(.text)
    __rt_heap_descriptor                     0x08000695   Thumb Code     8  rt_heap_descriptor_intlibspace.o(.text)
    __use_no_heap                            0x0800069d   Thumb Code     2  hguard.o(.text)
    __heap$guard                             0x0800069f   Thumb Code     2  hguard.o(.text)
    _terminate_user_alloc                    0x080006a1   Thumb Code     2  init_alloc.o(.text)
    _init_user_alloc                         0x080006a3   Thumb Code     2  init_alloc.o(.text)
    __Heap_Full                              0x080006a5   Thumb Code    34  init_alloc.o(.text)
    __Heap_Broken                            0x080006c7   Thumb Code     6  init_alloc.o(.text)
    _init_alloc                              0x080006cd   Thumb Code    94  init_alloc.o(.text)
    __Heap_Initialize                        0x0800072b   Thumb Code    10  h1_init.o(.text)
    __Heap_DescSize                          0x08000735   Thumb Code     4  h1_init.o(.text)
    _printf_int_common                       0x08000739   Thumb Code   178  _printf_intcommon.o(.text)
    _printf_char_common                      0x080007f7   Thumb Code    32  _printf_char_common.o(.text)
    _sputc                                   0x0800081d   Thumb Code    10  _sputc.o(.text)
    __aeabi_atexit                           0x08000827   Thumb Code    46  aeabi_atexit.o(.text)
    _sys_exit                                0x08000855   Thumb Code     8  sys_exit.o(.text)
    __user_libspace                          0x08000861   Thumb Code     8  libspace.o(.text)
    __user_perproc_libspace                  0x08000861   Thumb Code     0  libspace.o(.text)
    __user_perthread_libspace                0x08000861   Thumb Code     0  libspace.o(.text)
    __rt_ddtor_pointer_addr                  0x08000869   Thumb Code     8  rt_ddtor_pointer_addr_intlibspace.o(.text)
    __Heap_ProvideMemory                     0x08000871   Thumb Code    52  h1_extend.o(.text)
    _maybe_terminate_alloc                   0x08000871   Thumb Code     0  maybetermalloc1.o(.text)
    __cxa_finalize                           0x080008a5   Thumb Code    66  cxa_finalize.o(.text)
    __rt_SIGRTMEM                            0x080008e7   Thumb Code    14  defsig_rtmem_outer.o(.text)
    __I$use$semihosting                      0x080008f5   Thumb Code     0  use_no_semi.o(.text)
    __use_no_semihosting_swi                 0x080008f5   Thumb Code     2  use_no_semi.o(.text)
    __semihosting_library_function           0x080008f7   Thumb Code     0  indicate_semi.o(.text)
    __user_setup_stackheap                   0x080008f7   Thumb Code    74  sys_stackheap_outer.o(.text)
    exit                                     0x08000941   Thumb Code    18  exit.o(.text)
    __sig_exit                               0x08000953   Thumb Code    10  defsig_exit.o(.text)
    __rt_SIGRTMEM_inner                      0x0800095d   Thumb Code    22  defsig_rtmem_inner.o(.text)
    __default_signal_display                 0x080009ad   Thumb Code    50  defsig_general.o(.text)
    _ttywrch                                 0x080009df   Thumb Code    14  sys_wrch.o(.text)
    ADC_DMA_Register                         0x080009ed   Thumb Code   184  adc.o(.text.ADC_DMA_Register)
    BusFault_Handler                         0x08000aa5   Thumb Code     2  stm32f4xx_it.o(.text.BusFault_Handler)
    DebugMon_Handler                         0x08000aa9   Thumb Code     2  stm32f4xx_it.o(.text.DebugMon_Handler)
    Delay_Init                               0x08000aad   Thumb Code    76  delay.o(.text.Delay_Init)
    EXTI0_IRQHandler                         0x08000af9   Thumb Code    40  exti.o(.text.EXTI0_IRQHandler)
    EXTI15_10_IRQHandler                     0x08000b21   Thumb Code   174  exti.o(.text.EXTI15_10_IRQHandler)
    EXTI1_IRQHandler                         0x08000bd1   Thumb Code    40  exti.o(.text.EXTI1_IRQHandler)
    EXTI2_IRQHandler                         0x08000bf9   Thumb Code    40  exti.o(.text.EXTI2_IRQHandler)
    EXTI3_IRQHandler                         0x08000c21   Thumb Code    40  exti.o(.text.EXTI3_IRQHandler)
    EXTI4_IRQHandler                         0x08000c49   Thumb Code    40  exti.o(.text.EXTI4_IRQHandler)
    EXTI9_5_IRQHandler                       0x08000c71   Thumb Code   136  exti.o(.text.EXTI9_5_IRQHandler)
    EXTI_ClearITPendingBit                   0x08000cf9   Thumb Code    12  stm32f4xx_exti.o(.text.EXTI_ClearITPendingBit)
    EXTI_GetITStatus                         0x08000d05   Thumb Code    18  stm32f4xx_exti.o(.text.EXTI_GetITStatus)
    GPIO_GetPinNum                           0x08000d19   Thumb Code    72  gpio.o(.text.GPIO_GetPinNum)
    GPIO_GetPinSource                        0x08000d61   Thumb Code    60  gpio.o(.text.GPIO_GetPinSource)
    GPIO_Init                                0x08000d9d   Thumb Code   256  stm32f4xx_gpio.o(.text.GPIO_Init)
    GPIO_PinAFConfig                         0x08000e9d   Thumb Code    40  stm32f4xx_gpio.o(.text.GPIO_PinAFConfig)
    GPIOx_Init                               0x08000ec5   Thumb Code   160  gpio.o(.text.GPIOx_Init)
    MemManage_Handler                        0x08000f91   Thumb Code     2  stm32f4xx_it.o(.text.MemManage_Handler)
    NMI_Handler                              0x08000f95   Thumb Code     2  stm32f4xx_it.o(.text.NMI_Handler)
    NVIC_Init                                0x08000f99   Thumb Code   100  misc.o(.text.NVIC_Init)
    PWM_Init                                 0x08000ffd   Thumb Code   254  pwm.o(.text.PWM_Init)
    PendSV_Handler                           0x080010fd   Thumb Code     2  stm32f4xx_it.o(.text.PendSV_Handler)
    RCC_AHB1PeriphClockCmd                   0x08001101   Thumb Code    24  stm32f4xx_rcc.o(.text.RCC_AHB1PeriphClockCmd)
    RCC_APB1PeriphClockCmd                   0x08001119   Thumb Code    24  stm32f4xx_rcc.o(.text.RCC_APB1PeriphClockCmd)
    RCC_APB2PeriphClockCmd                   0x08001131   Thumb Code    24  stm32f4xx_rcc.o(.text.RCC_APB2PeriphClockCmd)
    RCC_GetClocksFreq                        0x08001149   Thumb Code   220  stm32f4xx_rcc.o(.text.RCC_GetClocksFreq)
    SVC_Handler                              0x08001225   Thumb Code     2  stm32f4xx_it.o(.text.SVC_Handler)
    SysTick_Handler                          0x08001229   Thumb Code    16  delay.o(.text.SysTick_Handler)
    SystemCoreClockUpdate                    0x08001239   Thumb Code   180  system_stm32f4xx.o(.text.SystemCoreClockUpdate)
    SystemInit                               0x080012ed   Thumb Code   300  system_stm32f4xx.o(.text.SystemInit)
    TIM1_UP_TIM10_IRQHandler                 0x08001419   Thumb Code    80  timer.o(.text.TIM1_UP_TIM10_IRQHandler)
    TIM2_IRQHandler                          0x08001469   Thumb Code    48  timer.o(.text.TIM2_IRQHandler)
    TIM3_IRQHandler                          0x08001499   Thumb Code    52  timer.o(.text.TIM3_IRQHandler)
    TIM4_IRQHandler                          0x080014cd   Thumb Code    52  timer.o(.text.TIM4_IRQHandler)
    TIM5_IRQHandler                          0x08001501   Thumb Code    52  timer.o(.text.TIM5_IRQHandler)
    TIM7_IRQHandler                          0x08001535   Thumb Code    52  timer.o(.text.TIM7_IRQHandler)
    TIM8_UP_TIM13_IRQHandler                 0x08001569   Thumb Code    82  timer.o(.text.TIM8_UP_TIM13_IRQHandler)
    TIM_ClearITPendingBit                    0x080015bd   Thumb Code     6  stm32f4xx_tim.o(.text.TIM_ClearITPendingBit)
    TIM_Cmd                                  0x080015c5   Thumb Code    18  stm32f4xx_tim.o(.text.TIM_Cmd)
    TIM_CtrlPWMOutputs                       0x080015d9   Thumb Code    24  stm32f4xx_tim.o(.text.TIM_CtrlPWMOutputs)
    TIM_GetGPIO_AF                           0x080015f1   Thumb Code   370  pwm.o(.text.TIM_GetGPIO_AF)
    TIM_GetITStatus                          0x08001765   Thumb Code    20  stm32f4xx_tim.o(.text.TIM_GetITStatus)
    TIM_OC1Init                              0x08001779   Thumb Code   102  stm32f4xx_tim.o(.text.TIM_OC1Init)
    TIM_OC1PreloadConfig                     0x080017e1   Thumb Code    12  stm32f4xx_tim.o(.text.TIM_OC1PreloadConfig)
    TIM_OC2Init                              0x080017ed   Thumb Code   112  stm32f4xx_tim.o(.text.TIM_OC2Init)
    TIM_OC2PreloadConfig                     0x0800185d   Thumb Code    14  stm32f4xx_tim.o(.text.TIM_OC2PreloadConfig)
    TIM_OC3Init                              0x0800186d   Thumb Code   112  stm32f4xx_tim.o(.text.TIM_OC3Init)
    TIM_OC3PreloadConfig                     0x080018dd   Thumb Code    12  stm32f4xx_tim.o(.text.TIM_OC3PreloadConfig)
    TIM_OC4Init                              0x080018e9   Thumb Code    84  stm32f4xx_tim.o(.text.TIM_OC4Init)
    TIM_OC4PreloadConfig                     0x0800193d   Thumb Code    14  stm32f4xx_tim.o(.text.TIM_OC4PreloadConfig)
    TIM_TimeBaseInit                         0x0800194d   Thumb Code   148  stm32f4xx_tim.o(.text.TIM_TimeBaseInit)
    TIMx_OCxInit                             0x080019e1   Thumb Code   450  pwm.o(.text.TIMx_OCxInit)
    Timer_ClockCmd                           0x08001ba5   Thumb Code   334  timer.o(.text.Timer_ClockCmd)
    USART1_IRQHandler                        0x08001cf5   Thumb Code    76  hardwareserial.o(.text.USART1_IRQHandler)
    USART2_IRQHandler                        0x08001d41   Thumb Code    76  hardwareserial.o(.text.USART2_IRQHandler)
    USART3_IRQHandler                        0x08001d8d   Thumb Code    76  hardwareserial.o(.text.USART3_IRQHandler)
    USART_ClearITPendingBit                  0x08001dd9   Thumb Code    14  stm32f4xx_usart.o(.text.USART_ClearITPendingBit)
    USART_Cmd                                0x08001de9   Thumb Code    20  stm32f4xx_usart.o(.text.USART_Cmd)
    USART_GetFlagStatus                      0x08001dfd   Thumb Code    10  stm32f4xx_usart.o(.text.USART_GetFlagStatus)
    USART_GetITStatus                        0x08001e09   Thumb Code    50  stm32f4xx_usart.o(.text.USART_GetITStatus)
    USART_ITConfig                           0x08001e3d   Thumb Code    46  stm32f4xx_usart.o(.text.USART_ITConfig)
    USART_Init                               0x08001e6d   Thumb Code   186  stm32f4xx_usart.o(.text.USART_Init)
    USART_ReceiveData                        0x08001f29   Thumb Code     8  stm32f4xx_usart.o(.text.USART_ReceiveData)
    USART_SendData                           0x08001f31   Thumb Code     8  stm32f4xx_usart.o(.text.USART_SendData)
    UsageFault_Handler                       0x08001f39   Thumb Code     2  stm32f4xx_it.o(.text.UsageFault_Handler)
    HardwareSerial::peek()                   0x08002015   Thumb Code    22  hardwareserial.o(.text._ZN14HardwareSerial4peekEv)
    HardwareSerial::read()                   0x0800202d   Thumb Code    34  hardwareserial.o(.text._ZN14HardwareSerial4readEv)
    HardwareSerial::begin(unsigned int)      0x08002051   Thumb Code    24  hardwareserial.o(.text._ZN14HardwareSerial5beginEj)
    HardwareSerial::begin(unsigned int, SERIAL_Config, unsigned char, unsigned char) 0x08002069   Thumb Code   310  hardwareserial.o(.text._ZN14HardwareSerial5beginEj13SERIAL_Confighh)
    HardwareSerial::flush()                  0x080021a1   Thumb Code     6  hardwareserial.o(.text._ZN14HardwareSerial5flushEv)
    HardwareSerial::write(unsigned char)     0x080021a9   Thumb Code    32  hardwareserial.o(.text._ZN14HardwareSerial5writeEh)
    HardwareSerial::available()              0x080021c9   Thumb Code    12  hardwareserial.o(.text._ZN14HardwareSerial9availableEv)
    MillisTaskManager::MillisTaskManager(bool) 0x080021d5   Thumb Code    10  millistaskmanager.o(.text._ZN17MillisTaskManagerC2Eb)
    MillisTaskManager::MillisTaskManager__sub_object(bool) 0x080021d5   Thumb Code    10  millistaskmanager.o(.text._ZN17MillisTaskManagerC2Eb)
    MillisTaskManager::~MillisTaskManager()  0x080021e1   Thumb Code    24  millistaskmanager.o(.text._ZN17MillisTaskManagerD2Ev)
    MillisTaskManager::~MillisTaskManager__sub_object() 0x080021e1   Thumb Code    24  millistaskmanager.o(.text._ZN17MillisTaskManagerD2Ev)
    HAL::HAL_Init()                          0x080021f9   Thumb Code    32  hal.o(.text._ZN3HAL8HAL_InitEv)
    Print::write(char const*)                0x08002221   Thumb Code    40  print.o(.text._ZN5Print5writeEPKc)
    Print::write(void const*, unsigned int)  0x08002249   Thumb Code    40  print.o(.text._ZN5Print5writeEPKvj)
    Print::println(char const*)              0x08002271   Thumb Code    42  print.o(.text._ZN5Print7printlnEPKc)
    TwoWire::i2c_get_ack()                   0x0800229d   Thumb Code   108  wire.o(.text._ZN7TwoWire11i2c_get_ackEv)
    TwoWire::i2c_send_ack()                  0x08002309   Thumb Code    74  wire.o(.text._ZN7TwoWire12i2c_send_ackEv)
    TwoWire::i2c_shift_in()                  0x08002355   Thumb Code   542  wire.o(.text._ZN7TwoWire12i2c_shift_inEv)
    TwoWire::i2c_send_nack()                 0x08002575   Thumb Code    74  wire.o(.text._ZN7TwoWire13i2c_send_nackEv)
    TwoWire::i2c_shift_out(unsigned char)    0x080025c1   Thumb Code   578  wire.o(.text._ZN7TwoWire13i2c_shift_outEh)
    TwoWire::begin(unsigned char)            0x08002805   Thumb Code    86  wire.o(.text._ZN7TwoWire5beginEh)
    TwoWire::process()                       0x0800285d   Thumb Code   244  wire.o(.text._ZN7TwoWire7processEv)
    TwoWire::i2c_stop()                      0x08002951   Thumb Code    74  wire.o(.text._ZN7TwoWire8i2c_stopEv)
    TwoWire::~TwoWire()                      0x0800299d   Thumb Code    20  wire.o(.text._ZN7TwoWireD2Ev)
    TwoWire::~TwoWire__sub_object()          0x0800299d   Thumb Code    20  wire.o(.text._ZN7TwoWireD2Ev)
    operator delete(void*)                   0x080029b1   Thumb Code     4  new.cpp.o(.text._ZdlPv)
    cm_backtrace_call_stack                  0x080029b5   Thumb Code   462  cm_backtrace.o(.text.cm_backtrace_call_stack)
    cm_backtrace_fault                       0x08002b85   Thumb Code   168  cm_backtrace.o(.text.cm_backtrace_fault)
    delay_ms                                 0x08002c2d   Thumb Code    44  delay.o(.text.delay_ms)
    delay_us                                 0x08002c59   Thumb Code   136  delay.o(.text.delay_us)
    digitalRead                              0x08002ce1   Thumb Code    36  arduino.o(.text.digitalRead)
    digitalWrite                             0x08002d05   Thumb Code    38  arduino.o(.text.digitalWrite)
    main                                     0x08002d2d   Thumb Code    40  main.o(.text.main)
    pinMode                                  0x08002d55   Thumb Code   104  arduino.o(.text.pinMode)
    _is_digit                                0x08002dbd   Thumb Code    14  __printf_wp.o(i._is_digit)
    _fp_init                                 0x08002dcb   Thumb Code    26  fpinit.o(x$fpl$fpinit)
    __fplib_config_fpu_vfp                   0x08002de3   Thumb Code     0  fpinit.o(x$fpl$fpinit)
    __fplib_config_pureend_doubles           0x08002de3   Thumb Code     0  fpinit.o(x$fpl$fpinit)
    AHBPrescTable                            0x08002e1d   Data          16  system_stm32f4xx.o(.rodata.AHBPrescTable)
    PIN_MAP                                  0x08002e40   Data        2816  gpio.o(.rodata.PIN_MAP)
    vtable for HardwareSerial                0x08003940   Data          36  hardwareserial.o(.rodata._ZTV14HardwareSerial)
    vtable for TwoWire                       0x08003964   Data          16  wire.o(.rodata._ZTV7TwoWire)
    Region$$Table$$Base                      0x0800397c   Number         0  anon$$obj.o(Region$$Table)
    Region$$Table$$Limit                     0x0800399c   Number         0  anon$$obj.o(Region$$Table)
    SHT$$INIT_ARRAY$$Base                    0x0800399c   Number         0  hardwareserial.o(.init_array)
    Image$$ER_IROM1$$Limit                   0x080039a8   Number         0  anon$$obj.o ABSOLUTE
    SHT$$INIT_ARRAY$$Limit                   0x080039a8   Number         0  init_aeabi.o(.init_array)
    SystemCoreClock                          0x20000000   Data           4  system_stm32f4xx.o(.data.SystemCoreClock)
    __libspace_start                         0x20000008   Data          96  libspace.o(.bss)
    __temporary_stack_top$libspace           0x20000068   Data           0  libspace.o(.bss)
    Serial                                   0x20000170   Data         156  hardwareserial.o(.bss.Serial)
    Serial2                                  0x2000020c   Data         156  hardwareserial.o(.bss.Serial2)
    Serial3                                  0x200002a8   Data         156  hardwareserial.o(.bss.Serial3)
    Wire                                     0x20000380   Data          88  wire.o(.bss.Wire)
    STACK$$Base                              0x20000708   Number         0  startup_stm32f412xg.o(STACK)
    STACK$$Limit                             0x20000b08   Number         0  startup_stm32f412xg.o(STACK)



==============================================================================

Memory Map of the image

  Image Entry point : 0x080001c5

  Load Region LR_IROM1 (Base: 0x08000000, Size: 0x000039b0, Max: 0x00080000, ABSOLUTE)

    Execution Region ER_IROM1 (Exec base: 0x08000000, Load base: 0x08000000, Size: 0x000039a8, Max: 0x00080000, ABSOLUTE)

    Exec Addr    Load Addr    Size         Type   Attr      Idx    E Section Name        Object

    0x08000000   0x08000000   0x000001c4   Data   RO           47    RESET               startup_stm32f412xg.o
    0x080001c4   0x080001c4   0x00000008   Code   RO         1984  * !!!main             c_w.l(__main.o)
    0x080001cc   0x080001cc   0x00000034   Code   RO         2585    !!!scatter          c_w.l(__scatter.o)
    0x08000200   0x08000200   0x0000001a   Code   RO         2587    !!handler_copy      c_w.l(__scatter_copy.o)
    0x0800021a   0x0800021a   0x00000002   PAD
    0x0800021c   0x0800021c   0x0000001c   Code   RO         2589    !!handler_zi        c_w.l(__scatter_zi.o)
    0x08000238   0x08000238   0x00000000   Code   RO         1946    .ARM.Collect$$_printf_percent$$00000000  c_w.l(_printf_percent.o)
    0x08000238   0x08000238   0x00000006   Code   RO         1940    .ARM.Collect$$_printf_percent$$0000000C  c_w.l(_printf_x.o)
    0x0800023e   0x0800023e   0x00000004   Code   RO         2178    .ARM.Collect$$_printf_percent$$00000017  c_w.l(_printf_percent_end.o)
    0x08000242   0x08000242   0x00000002   Code   RO         2459    .ARM.Collect$$libinit$$00000000  c_w.l(libinit.o)
    0x08000244   0x08000244   0x00000004   Code   RO         2211    .ARM.Collect$$libinit$$00000001  c_w.l(libinit2.o)
    0x08000248   0x08000248   0x00000000   Code   RO         2214    .ARM.Collect$$libinit$$00000004  c_w.l(libinit2.o)
    0x08000248   0x08000248   0x00000008   Code   RO         2215    .ARM.Collect$$libinit$$00000005  c_w.l(libinit2.o)
    0x08000250   0x08000250   0x00000000   Code   RO         2217    .ARM.Collect$$libinit$$0000000A  c_w.l(libinit2.o)
    0x08000250   0x08000250   0x00000000   Code   RO         2219    .ARM.Collect$$libinit$$0000000C  c_w.l(libinit2.o)
    0x08000250   0x08000250   0x00000000   Code   RO         2221    .ARM.Collect$$libinit$$0000000E  c_w.l(libinit2.o)
    0x08000250   0x08000250   0x00000000   Code   RO         2224    .ARM.Collect$$libinit$$00000011  c_w.l(libinit2.o)
    0x08000250   0x08000250   0x00000000   Code   RO         2226    .ARM.Collect$$libinit$$00000013  c_w.l(libinit2.o)
    0x08000250   0x08000250   0x00000000   Code   RO         2228    .ARM.Collect$$libinit$$00000015  c_w.l(libinit2.o)
    0x08000250   0x08000250   0x00000000   Code   RO         2230    .ARM.Collect$$libinit$$00000017  c_w.l(libinit2.o)
    0x08000250   0x08000250   0x00000000   Code   RO         2232    .ARM.Collect$$libinit$$00000019  c_w.l(libinit2.o)
    0x08000250   0x08000250   0x00000000   Code   RO         2234    .ARM.Collect$$libinit$$0000001B  c_w.l(libinit2.o)
    0x08000250   0x08000250   0x00000000   Code   RO         2236    .ARM.Collect$$libinit$$0000001D  c_w.l(libinit2.o)
    0x08000250   0x08000250   0x00000000   Code   RO         2238    .ARM.Collect$$libinit$$0000001F  c_w.l(libinit2.o)
    0x08000250   0x08000250   0x00000000   Code   RO         2240    .ARM.Collect$$libinit$$00000021  c_w.l(libinit2.o)
    0x08000250   0x08000250   0x00000000   Code   RO         2242    .ARM.Collect$$libinit$$00000023  c_w.l(libinit2.o)
    0x08000250   0x08000250   0x00000000   Code   RO         2244    .ARM.Collect$$libinit$$00000025  c_w.l(libinit2.o)
    0x08000250   0x08000250   0x00000000   Code   RO         2248    .ARM.Collect$$libinit$$0000002C  c_w.l(libinit2.o)
    0x08000250   0x08000250   0x00000000   Code   RO         2250    .ARM.Collect$$libinit$$0000002E  c_w.l(libinit2.o)
    0x08000250   0x08000250   0x00000000   Code   RO         2252    .ARM.Collect$$libinit$$00000030  c_w.l(libinit2.o)
    0x08000250   0x08000250   0x00000004   Code   RO         2253    .ARM.Collect$$libinit$$00000031  c_w.l(libinit2.o)
    0x08000254   0x08000254   0x00000000   Code   RO         2254    .ARM.Collect$$libinit$$00000032  c_w.l(libinit2.o)
    0x08000254   0x08000254   0x00000002   Code   RO         2255    .ARM.Collect$$libinit$$00000033  c_w.l(libinit2.o)
    0x08000256   0x08000256   0x00000002   Code   RO         2552    .ARM.Collect$$libshutdown$$00000000  c_w.l(libshutdown.o)
    0x08000258   0x08000258   0x00000006   Code   RO         2460    .ARM.Collect$$libshutdown$$00000001  c_w.l(libshutdown2.o)
    0x0800025e   0x0800025e   0x00000000   Code   RO         2461    .ARM.Collect$$libshutdown$$00000002  c_w.l(libshutdown2.o)
    0x0800025e   0x0800025e   0x00000000   Code   RO         2463    .ARM.Collect$$libshutdown$$00000004  c_w.l(libshutdown2.o)
    0x0800025e   0x0800025e   0x00000000   Code   RO         2466    .ARM.Collect$$libshutdown$$00000007  c_w.l(libshutdown2.o)
    0x0800025e   0x0800025e   0x00000000   Code   RO         2469    .ARM.Collect$$libshutdown$$0000000A  c_w.l(libshutdown2.o)
    0x0800025e   0x0800025e   0x00000000   Code   RO         2471    .ARM.Collect$$libshutdown$$0000000C  c_w.l(libshutdown2.o)
    0x0800025e   0x0800025e   0x00000000   Code   RO         2474    .ARM.Collect$$libshutdown$$0000000F  c_w.l(libshutdown2.o)
    0x0800025e   0x0800025e   0x00000002   Code   RO         2475    .ARM.Collect$$libshutdown$$00000010  c_w.l(libshutdown2.o)
    0x08000260   0x08000260   0x00000000   Code   RO         2095    .ARM.Collect$$rtentry$$00000000  c_w.l(__rtentry.o)
    0x08000260   0x08000260   0x00000000   Code   RO         2310    .ARM.Collect$$rtentry$$00000002  c_w.l(__rtentry2.o)
    0x08000260   0x08000260   0x00000006   Code   RO         2322    .ARM.Collect$$rtentry$$00000004  c_w.l(__rtentry4.o)
    0x08000266   0x08000266   0x00000000   Code   RO         2312    .ARM.Collect$$rtentry$$00000009  c_w.l(__rtentry2.o)
    0x08000266   0x08000266   0x00000004   Code   RO         2313    .ARM.Collect$$rtentry$$0000000A  c_w.l(__rtentry2.o)
    0x0800026a   0x0800026a   0x00000000   Code   RO         2315    .ARM.Collect$$rtentry$$0000000C  c_w.l(__rtentry2.o)
    0x0800026a   0x0800026a   0x00000008   Code   RO         2316    .ARM.Collect$$rtentry$$0000000D  c_w.l(__rtentry2.o)
    0x08000272   0x08000272   0x00000002   Code   RO         2476    .ARM.Collect$$rtexit$$00000000  c_w.l(rtexit.o)
    0x08000274   0x08000274   0x00000000   Code   RO         2518    .ARM.Collect$$rtexit$$00000002  c_w.l(rtexit2.o)
    0x08000274   0x08000274   0x00000004   Code   RO         2519    .ARM.Collect$$rtexit$$00000003  c_w.l(rtexit2.o)
    0x08000278   0x08000278   0x00000006   Code   RO         2520    .ARM.Collect$$rtexit$$00000004  c_w.l(rtexit2.o)
    0x0800027e   0x0800027e   0x00000002   PAD
    0x08000280   0x08000280   0x00000040   Code   RO           48    .text               startup_stm32f412xg.o
    0x080002c0   0x080002c0   0x0000000c   Code   RO         1762    .text               cmb_fault.o
    0x080002cc   0x080002cc   0x0000005e   Code   RO         1819    .text               c_w.l(h1_alloc.o)
    0x0800032a   0x0800032a   0x0000004e   Code   RO         1821    .text               c_w.l(h1_free.o)
    0x08000378   0x08000378   0x0000002c   Code   RO         1889    .text               c_w.l(__2sprintf.o)
    0x080003a4   0x080003a4   0x0000004e   Code   RO         1895    .text               c_w.l(_printf_pad.o)
    0x080003f2   0x080003f2   0x00000002   PAD
    0x080003f4   0x080003f4   0x00000094   Code   RO         1917    .text               c_w.l(_printf_hex_int_ll_ptr.o)
    0x08000488   0x08000488   0x00000188   Code   RO         1937    .text               c_w.l(__printf_flags_ss_wp.o)
    0x08000610   0x08000610   0x0000000a   Code   RO         1957    .text               c_w.l(cxa_atexit.o)
    0x0800061a   0x0800061a   0x0000004e   Code   RO         1976    .text               c_w.l(rt_memclr_w.o)
    0x08000668   0x08000668   0x00000006   Code   RO         1982    .text               c_w.l(heapauxi.o)
    0x0800066e   0x0800066e   0x00000002   PAD
    0x08000670   0x08000670   0x00000024   Code   RO         1989    .text               c_w.l(init_aeabi.o)
    0x08000694   0x08000694   0x00000008   Code   RO         2103    .text               c_w.l(rt_heap_descriptor_intlibspace.o)
    0x0800069c   0x0800069c   0x00000004   Code   RO         2115    .text               c_w.l(hguard.o)
    0x080006a0   0x080006a0   0x0000008a   Code   RO         2117    .text               c_w.l(init_alloc.o)
    0x0800072a   0x0800072a   0x0000000e   Code   RO         2121    .text               c_w.l(h1_init.o)
    0x08000738   0x08000738   0x000000b2   Code   RO         2143    .text               c_w.l(_printf_intcommon.o)
    0x080007ea   0x080007ea   0x00000002   PAD
    0x080007ec   0x080007ec   0x00000030   Code   RO         2154    .text               c_w.l(_printf_char_common.o)
    0x0800081c   0x0800081c   0x0000000a   Code   RO         2156    .text               c_w.l(_sputc.o)
    0x08000826   0x08000826   0x0000002e   Code   RO         2200    .text               c_w.l(aeabi_atexit.o)
    0x08000854   0x08000854   0x0000000c   Code   RO         2300    .text               c_w.l(sys_exit.o)
    0x08000860   0x08000860   0x00000008   Code   RO         2306    .text               c_w.l(libspace.o)
    0x08000868   0x08000868   0x00000008   Code   RO         2329    .text               c_w.l(rt_ddtor_pointer_addr_intlibspace.o)
    0x08000870   0x08000870   0x00000000   Code   RO         2333    .text               c_w.l(maybetermalloc1.o)
    0x08000870   0x08000870   0x00000034   Code   RO         2335    .text               c_w.l(h1_extend.o)
    0x080008a4   0x080008a4   0x00000042   Code   RO         2387    .text               c_w.l(cxa_finalize.o)
    0x080008e6   0x080008e6   0x0000000e   Code   RO         2394    .text               c_w.l(defsig_rtmem_outer.o)
    0x080008f4   0x080008f4   0x00000002   Code   RO         2421    .text               c_w.l(use_no_semi.o)
    0x080008f6   0x080008f6   0x00000000   Code   RO         2423    .text               c_w.l(indicate_semi.o)
    0x080008f6   0x080008f6   0x0000004a   Code   RO         2424    .text               c_w.l(sys_stackheap_outer.o)
    0x08000940   0x08000940   0x00000012   Code   RO         2438    .text               c_w.l(exit.o)
    0x08000952   0x08000952   0x0000000a   Code   RO         2440    .text               c_w.l(defsig_exit.o)
    0x0800095c   0x0800095c   0x00000050   Code   RO         2448    .text               c_w.l(defsig_rtmem_inner.o)
    0x080009ac   0x080009ac   0x00000032   Code   RO         2491    .text               c_w.l(defsig_general.o)
    0x080009de   0x080009de   0x0000000e   Code   RO         2513    .text               c_w.l(sys_wrch.o)
    0x080009ec   0x080009ec   0x000000b8   Code   RO           55    .text.ADC_DMA_Register  adc.o
    0x08000aa4   0x08000aa4   0x00000002   Code   RO            6    .text.BusFault_Handler  stm32f4xx_it.o
    0x08000aa6   0x08000aa6   0x00000002   PAD
    0x08000aa8   0x08000aa8   0x00000002   Code   RO           12    .text.DebugMon_Handler  stm32f4xx_it.o
    0x08000aaa   0x08000aaa   0x00000002   PAD
    0x08000aac   0x08000aac   0x0000004c   Code   RO           74    .text.Delay_Init    delay.o
    0x08000af8   0x08000af8   0x00000028   Code   RO          101    .text.EXTI0_IRQHandler  exti.o
    0x08000b20   0x08000b20   0x000000ae   Code   RO          113    .text.EXTI15_10_IRQHandler  exti.o
    0x08000bce   0x08000bce   0x00000002   PAD
    0x08000bd0   0x08000bd0   0x00000028   Code   RO          103    .text.EXTI1_IRQHandler  exti.o
    0x08000bf8   0x08000bf8   0x00000028   Code   RO          105    .text.EXTI2_IRQHandler  exti.o
    0x08000c20   0x08000c20   0x00000028   Code   RO          107    .text.EXTI3_IRQHandler  exti.o
    0x08000c48   0x08000c48   0x00000028   Code   RO          109    .text.EXTI4_IRQHandler  exti.o
    0x08000c70   0x08000c70   0x00000088   Code   RO          111    .text.EXTI9_5_IRQHandler  exti.o
    0x08000cf8   0x08000cf8   0x0000000c   Code   RO         1241    .text.EXTI_ClearITPendingBit  stm32f4xx_exti.o
    0x08000d04   0x08000d04   0x00000012   Code   RO         1239    .text.EXTI_GetITStatus  stm32f4xx_exti.o
    0x08000d16   0x08000d16   0x00000002   PAD
    0x08000d18   0x08000d18   0x00000048   Code   RO          144    .text.GPIO_GetPinNum  gpio.o
    0x08000d60   0x08000d60   0x0000003c   Code   RO          142    .text.GPIO_GetPinSource  gpio.o
    0x08000d9c   0x08000d9c   0x00000100   Code   RO          483    .text.GPIO_Init     stm32f4xx_gpio.o
    0x08000e9c   0x08000e9c   0x00000028   Code   RO          507    .text.GPIO_PinAFConfig  stm32f4xx_gpio.o
    0x08000ec4   0x08000ec4   0x000000cc   Code   RO          138    .text.GPIOx_Init    gpio.o
    0x08000f90   0x08000f90   0x00000002   Code   RO            4    .text.MemManage_Handler  stm32f4xx_it.o
    0x08000f92   0x08000f92   0x00000002   PAD
    0x08000f94   0x08000f94   0x00000002   Code   RO            2    .text.NMI_Handler   stm32f4xx_it.o
    0x08000f96   0x08000f96   0x00000002   PAD
    0x08000f98   0x08000f98   0x00000064   Code   RO          227    .text.NVIC_Init     misc.o
    0x08000ffc   0x08000ffc   0x000000fe   Code   RO          157    .text.PWM_Init      pwm.o
    0x080010fa   0x080010fa   0x00000002   PAD
    0x080010fc   0x080010fc   0x00000002   Code   RO           14    .text.PendSV_Handler  stm32f4xx_it.o
    0x080010fe   0x080010fe   0x00000002   PAD
    0x08001100   0x08001100   0x00000018   Code   RO          724    .text.RCC_AHB1PeriphClockCmd  stm32f4xx_rcc.o
    0x08001118   0x08001118   0x00000018   Code   RO          730    .text.RCC_APB1PeriphClockCmd  stm32f4xx_rcc.o
    0x08001130   0x08001130   0x00000018   Code   RO          732    .text.RCC_APB2PeriphClockCmd  stm32f4xx_rcc.o
    0x08001148   0x08001148   0x000000dc   Code   RO          702    .text.RCC_GetClocksFreq  stm32f4xx_rcc.o
    0x08001224   0x08001224   0x00000002   Code   RO           10    .text.SVC_Handler   stm32f4xx_it.o
    0x08001226   0x08001226   0x00000002   PAD
    0x08001228   0x08001228   0x00000010   Code   RO           76    .text.SysTick_Handler  delay.o
    0x08001238   0x08001238   0x000000b4   Code   RO           34    .text.SystemCoreClockUpdate  system_stm32f4xx.o
    0x080012ec   0x080012ec   0x0000012c   Code   RO           32    .text.SystemInit    system_stm32f4xx.o
    0x08001418   0x08001418   0x00000050   Code   RO          200    .text.TIM1_UP_TIM10_IRQHandler  timer.o
    0x08001468   0x08001468   0x00000030   Code   RO          202    .text.TIM2_IRQHandler  timer.o
    0x08001498   0x08001498   0x00000034   Code   RO          204    .text.TIM3_IRQHandler  timer.o
    0x080014cc   0x080014cc   0x00000034   Code   RO          206    .text.TIM4_IRQHandler  timer.o
    0x08001500   0x08001500   0x00000034   Code   RO          208    .text.TIM5_IRQHandler  timer.o
    0x08001534   0x08001534   0x00000034   Code   RO          212    .text.TIM7_IRQHandler  timer.o
    0x08001568   0x08001568   0x00000052   Code   RO          214    .text.TIM8_UP_TIM13_IRQHandler  timer.o
    0x080015ba   0x080015ba   0x00000002   PAD
    0x080015bc   0x080015bc   0x00000006   Code   RO         1095    .text.TIM_ClearITPendingBit  stm32f4xx_tim.o
    0x080015c2   0x080015c2   0x00000002   PAD
    0x080015c4   0x080015c4   0x00000012   Code   RO          981    .text.TIM_Cmd       stm32f4xx_tim.o
    0x080015d6   0x080015d6   0x00000002   PAD
    0x080015d8   0x080015d8   0x00000018   Code   RO         1079    .text.TIM_CtrlPWMOutputs  stm32f4xx_tim.o
    0x080015f0   0x080015f0   0x00000172   Code   RO          159    .text.TIM_GetGPIO_AF  pwm.o
    0x08001762   0x08001762   0x00000002   PAD
    0x08001764   0x08001764   0x00000014   Code   RO         1093    .text.TIM_GetITStatus  stm32f4xx_tim.o
    0x08001778   0x08001778   0x00000066   Code   RO          983    .text.TIM_OC1Init   stm32f4xx_tim.o
    0x080017de   0x080017de   0x00000002   PAD
    0x080017e0   0x080017e0   0x0000000c   Code   RO         1011    .text.TIM_OC1PreloadConfig  stm32f4xx_tim.o
    0x080017ec   0x080017ec   0x00000070   Code   RO          985    .text.TIM_OC2Init   stm32f4xx_tim.o
    0x0800185c   0x0800185c   0x0000000e   Code   RO         1013    .text.TIM_OC2PreloadConfig  stm32f4xx_tim.o
    0x0800186a   0x0800186a   0x00000002   PAD
    0x0800186c   0x0800186c   0x00000070   Code   RO          987    .text.TIM_OC3Init   stm32f4xx_tim.o
    0x080018dc   0x080018dc   0x0000000c   Code   RO         1015    .text.TIM_OC3PreloadConfig  stm32f4xx_tim.o
    0x080018e8   0x080018e8   0x00000054   Code   RO          989    .text.TIM_OC4Init   stm32f4xx_tim.o
    0x0800193c   0x0800193c   0x0000000e   Code   RO         1017    .text.TIM_OC4PreloadConfig  stm32f4xx_tim.o
    0x0800194a   0x0800194a   0x00000002   PAD
    0x0800194c   0x0800194c   0x00000094   Code   RO          955    .text.TIM_TimeBaseInit  stm32f4xx_tim.o
    0x080019e0   0x080019e0   0x000001c2   Code   RO          155    .text.TIMx_OCxInit  pwm.o
    0x08001ba2   0x08001ba2   0x00000002   PAD
    0x08001ba4   0x08001ba4   0x0000014e   Code   RO          188    .text.Timer_ClockCmd  timer.o
    0x08001cf2   0x08001cf2   0x00000002   PAD
    0x08001cf4   0x08001cf4   0x0000004c   Code   RO         1307    .text.USART1_IRQHandler  hardwareserial.o
    0x08001d40   0x08001d40   0x0000004c   Code   RO         1309    .text.USART2_IRQHandler  hardwareserial.o
    0x08001d8c   0x08001d8c   0x0000004c   Code   RO         1311    .text.USART3_IRQHandler  hardwareserial.o
    0x08001dd8   0x08001dd8   0x0000000e   Code   RO         1193    .text.USART_ClearITPendingBit  stm32f4xx_usart.o
    0x08001de6   0x08001de6   0x00000002   PAD
    0x08001de8   0x08001de8   0x00000014   Code   RO         1147    .text.USART_Cmd     stm32f4xx_usart.o
    0x08001dfc   0x08001dfc   0x0000000a   Code   RO         1187    .text.USART_GetFlagStatus  stm32f4xx_usart.o
    0x08001e06   0x08001e06   0x00000002   PAD
    0x08001e08   0x08001e08   0x00000032   Code   RO         1191    .text.USART_GetITStatus  stm32f4xx_usart.o
    0x08001e3a   0x08001e3a   0x00000002   PAD
    0x08001e3c   0x08001e3c   0x0000002e   Code   RO         1185    .text.USART_ITConfig  stm32f4xx_usart.o
    0x08001e6a   0x08001e6a   0x00000002   PAD
    0x08001e6c   0x08001e6c   0x000000ba   Code   RO         1139    .text.USART_Init    stm32f4xx_usart.o
    0x08001f26   0x08001f26   0x00000002   PAD
    0x08001f28   0x08001f28   0x00000008   Code   RO         1157    .text.USART_ReceiveData  stm32f4xx_usart.o
    0x08001f30   0x08001f30   0x00000008   Code   RO         1155    .text.USART_SendData  stm32f4xx_usart.o
    0x08001f38   0x08001f38   0x00000002   Code   RO            8    .text.UsageFault_Handler  stm32f4xx_it.o
    0x08001f3a   0x08001f3a   0x00000002   PAD
    0x08001f3c   0x08001f3c   0x0000002c   Code   RO         1799    .text._GLOBAL__sub_I_HAL.cpp  hal.o
    0x08001f68   0x08001f68   0x00000072   Code   RO         1313    .text._GLOBAL__sub_I_HardwareSerial.cpp  hardwareserial.o
    0x08001fda   0x08001fda   0x00000002   PAD
    0x08001fdc   0x08001fdc   0x00000036   Code   RO         1495    .text._GLOBAL__sub_I_Wire.cpp  wire.o
    0x08002012   0x08002012   0x00000002   PAD
    0x08002014   0x08002014   0x00000016   Code   RO         1301    .text._ZN14HardwareSerial4peekEv  hardwareserial.o
    0x0800202a   0x0800202a   0x00000002   PAD
    0x0800202c   0x0800202c   0x00000022   Code   RO         1299    .text._ZN14HardwareSerial4readEv  hardwareserial.o
    0x0800204e   0x0800204e   0x00000002   PAD
    0x08002050   0x08002050   0x00000018   Code   RO         1287    .text._ZN14HardwareSerial5beginEj  hardwareserial.o
    0x08002068   0x08002068   0x00000136   Code   RO         1291    .text._ZN14HardwareSerial5beginEj13SERIAL_Confighh  hardwareserial.o
    0x0800219e   0x0800219e   0x00000002   PAD
    0x080021a0   0x080021a0   0x00000006   Code   RO         1303    .text._ZN14HardwareSerial5flushEv  hardwareserial.o
    0x080021a6   0x080021a6   0x00000002   PAD
    0x080021a8   0x080021a8   0x00000020   Code   RO         1305    .text._ZN14HardwareSerial5writeEh  hardwareserial.o
    0x080021c8   0x080021c8   0x0000000c   Code   RO         1297    .text._ZN14HardwareSerial9availableEv  hardwareserial.o
    0x080021d4   0x080021d4   0x0000000a   Code   RO         1767    .text._ZN17MillisTaskManagerC2Eb  millistaskmanager.o
    0x080021de   0x080021de   0x00000002   PAD
    0x080021e0   0x080021e0   0x00000018   Code   RO         1769    .text._ZN17MillisTaskManagerD2Ev  millistaskmanager.o
    0x080021f8   0x080021f8   0x00000028   Code   RO         1797    .text._ZN3HAL8HAL_InitEv  hal.o
    0x08002220   0x08002220   0x00000028   Code   RO         1328    .text._ZN5Print5writeEPKc  print.o
    0x08002248   0x08002248   0x00000028   Code   RO         1330    .text._ZN5Print5writeEPKvj  print.o
    0x08002270   0x08002270   0x0000002a   Code   RO         1368    .text._ZN5Print7printlnEPKc  print.o
    0x0800229a   0x0800229a   0x00000002   PAD
    0x0800229c   0x0800229c   0x0000006c   Code   RO         1477    .text._ZN7TwoWire11i2c_get_ackEv  wire.o
    0x08002308   0x08002308   0x0000004a   Code   RO         1479    .text._ZN7TwoWire12i2c_send_ackEv  wire.o
    0x08002352   0x08002352   0x00000002   PAD
    0x08002354   0x08002354   0x0000021e   Code   RO         1483    .text._ZN7TwoWire12i2c_shift_inEv  wire.o
    0x08002572   0x08002572   0x00000002   PAD
    0x08002574   0x08002574   0x0000004a   Code   RO         1481    .text._ZN7TwoWire13i2c_send_nackEv  wire.o
    0x080025be   0x080025be   0x00000002   PAD
    0x080025c0   0x080025c0   0x00000242   Code   RO         1485    .text._ZN7TwoWire13i2c_shift_outEh  wire.o
    0x08002802   0x08002802   0x00000002   PAD
    0x08002804   0x08002804   0x00000056   Code   RO         1491    .text._ZN7TwoWire5beginEh  wire.o
    0x0800285a   0x0800285a   0x00000002   PAD
    0x0800285c   0x0800285c   0x000000f4   Code   RO         1487    .text._ZN7TwoWire7processEv  wire.o
    0x08002950   0x08002950   0x0000004a   Code   RO         1475    .text._ZN7TwoWire8i2c_stopEv  wire.o
    0x0800299a   0x0800299a   0x00000002   PAD
    0x0800299c   0x0800299c   0x00000014   Code   RO         1493    .text._ZN7TwoWireD2Ev  wire.o
    0x080029b0   0x080029b0   0x00000004   Code   RO         2047    .text._ZdlPv        libcpp_w.l(new.cpp.o)
    0x080029b4   0x080029b4   0x000001ce   Code   RO         1746    .text.cm_backtrace_call_stack  cm_backtrace.o
    0x08002b82   0x08002b82   0x00000002   PAD
    0x08002b84   0x08002b84   0x000000a8   Code   RO         1750    .text.cm_backtrace_fault  cm_backtrace.o
    0x08002c2c   0x08002c2c   0x0000002c   Code   RO           82    .text.delay_ms      delay.o
    0x08002c58   0x08002c58   0x00000088   Code   RO           84    .text.delay_us      delay.o
    0x08002ce0   0x08002ce0   0x00000024   Code   RO         1255    .text.digitalRead   arduino.o
    0x08002d04   0x08002d04   0x00000026   Code   RO         1253    .text.digitalWrite  arduino.o
    0x08002d2a   0x08002d2a   0x00000002   PAD
    0x08002d2c   0x08002d2c   0x00000028   Code   RO           23    .text.main          main.o
    0x08002d54   0x08002d54   0x00000068   Code   RO         1251    .text.pinMode       arduino.o
    0x08002dbc   0x08002dbc   0x0000000e   Code   RO         1930    i._is_digit         c_w.l(__printf_wp.o)
    0x08002dca   0x08002dca   0x0000001a   Code   RO         2405    x$fpl$fpinit        fz_wm.l(fpinit.o)
    0x08002de4   0x08002de4   0x00000028   Data   RO         1918    .constdata          c_w.l(_printf_hex_int_ll_ptr.o)
    0x08002e0c   0x08002e0c   0x00000011   Data   RO         1938    .constdata          c_w.l(__printf_flags_ss_wp.o)
    0x08002e1d   0x08002e1d   0x00000010   Data   RO           37    .rodata.AHBPrescTable  system_stm32f4xx.o
    0x08002e2d   0x08002e2d   0x00000010   Data   RO          770    .rodata.APBAHBPrescTable  stm32f4xx_rcc.o
    0x08002e3d   0x08002e3d   0x00000003   PAD
    0x08002e40   0x08002e40   0x00000b00   Data   RO          146    .rodata.PIN_MAP     gpio.o
    0x08003940   0x08003940   0x00000024   Data   RO         1315    .rodata._ZTV14HardwareSerial  hardwareserial.o
    0x08003964   0x08003964   0x00000010   Data   RO         1497    .rodata._ZTV7TwoWire  wire.o
    0x08003974   0x08003974   0x00000006   Data   RO         1753    .rodata.str1.1      cm_backtrace.o
    0x0800397a   0x0800397a   0x00000002   PAD
    0x0800397c   0x0800397c   0x00000020   Data   RO         2584    Region$$Table       anon$$obj.o
    0x0800399c   0x0800399c   0x00000004   Data   RO         1319    .init_array         hardwareserial.o
    0x080039a0   0x0800399c   0x00000004   Data   RO         1499    .init_array         wire.o
    0x080039a4   0x0800399c   0x00000004   Data   RO         1802    .init_array         hal.o
    0x080039a8   0x0800399c   0x00000000   Data   RO         1987    .init_array         c_w.l(init_aeabi.o)


    Execution Region RW_IRAM1 (Exec base: 0x20000000, Load base: 0x080039a8, Size: 0x00000b08, Max: 0x00040000, ABSOLUTE)

    Exec Addr    Load Addr    Size         Type   Attr      Idx    E Section Name        Object

    0x20000000   0x080039a8   0x00000004   Data   RW           36    .data.SystemCoreClock  system_stm32f4xx.o
    0x20000004   0x080039ac   0x00000004   PAD
    0x20000008        -       0x00000060   Zero   RW         2307    .bss                c_w.l(libspace.o)
    0x20000068        -       0x0000004a   Zero   RW           65    .bss..L_MergedGlobals  adc.o
    0x200000b2   0x080039ac   0x00000002   PAD
    0x200000b4        -       0x0000007b   Zero   RW         1754    .bss..L_MergedGlobals  cm_backtrace.o
    0x2000012f   0x080039ac   0x00000001   PAD
    0x20000130        -       0x00000040   Zero   RW          115    .bss.EXTI_Function  exti.o
    0x20000170        -       0x0000009c   Zero   RW         1316    .bss.Serial         hardwareserial.o
    0x2000020c        -       0x0000009c   Zero   RW         1317    .bss.Serial2        hardwareserial.o
    0x200002a8        -       0x0000009c   Zero   RW         1318    .bss.Serial3        hardwareserial.o
    0x20000344        -       0x00000004   Zero   RW           86    .bss.System_ms      delay.o
    0x20000348        -       0x00000038   Zero   RW          216    .bss.TIMx_Function  timer.o
    0x20000380        -       0x00000058   Zero   RW         1498    .bss.Wire           wire.o
    0x200003d8        -       0x0000000c   Zero   RW         1801    .bss._ZL5taskM      hal.o
    0x200003e4        -       0x00000120   Zero   RW         1752    .bss.call_stack_info  cm_backtrace.o
    0x20000504   0x080039ac   0x00000004   PAD
    0x20000508        -       0x00000200   Zero   RW           46    HEAP                startup_stm32f412xg.o
    0x20000708        -       0x00000400   Zero   RW           45    STACK               startup_stm32f412xg.o


==============================================================================

Image component sizes


      Code (inc. data)   RO Data    RW Data    ZI Data      Debug   Object Name

       184          0          0          0         74       5054   adc.o
       178          0          0          0          0      10612   arduino.o
       630          0          6          0        411       7267   cm_backtrace.o
        12          0          0          0          0        444   cmb_fault.o
       272          0          0          0          4       5357   delay.o
       510          0          0          0         64       8326   exti.o
       336         52       2816          0          0       5389   gpio.o
        84          8          4          0         12      11253   hal.o
       782          0         40          0        468      27801   hardwareserial.o
        40          0          0          0          0      12358   main.o
        34          0          0          0          0       8348   millistaskmanager.o
       100          0          0          0          0       3398   misc.o
       122          0          0          0          0      62804   print.o
      1074          4          0          0          0       7137   pwm.o
        64         26        452          0       1536        884   startup_stm32f412xg.o
        30          0          0          0          0       2856   stm32f4xx_exti.o
       296          0          0          0          0       4908   stm32f4xx_gpio.o
        14          0          0          0          0        770   stm32f4xx_it.o
       292          4         16          0          0      15011   stm32f4xx_rcc.o
       678          0          0          0          0      27249   stm32f4xx_tim.o
       342          0          0          0          0       8780   stm32f4xx_usart.o
       480          6         16          4          0       3619   system_stm32f4xx.o
       752          0          0          0         56      11416   timer.o
      1854          0         20          0         88      19643   wire.o

    ----------------------------------------------------------------------
      9240        100       3407          4       2724     270684   Object Totals
         0          0         32          0          0          0   (incl. Generated)
        80          0          5          0         11          0   (incl. Padding)

    ----------------------------------------------------------------------

      Code (inc. data)   RO Data    RW Data    ZI Data      Debug   Library Member Name

        44          6          0          0          0         84   __2sprintf.o
         8          0          0          0          0         68   __main.o
       392          4         17          0          0         92   __printf_flags_ss_wp.o
        14          0          0          0          0         68   __printf_wp.o
         0          0          0          0          0          0   __rtentry.o
        12          0          0          0          0          0   __rtentry2.o
         6          0          0          0          0          0   __rtentry4.o
        52          8          0          0          0          0   __scatter.o
        26          0          0          0          0          0   __scatter_copy.o
        28          0          0          0          0          0   __scatter_zi.o
        48          6          0          0          0         96   _printf_char_common.o
       148          4         40          0          0        160   _printf_hex_int_ll_ptr.o
       178          0          0          0          0         88   _printf_intcommon.o
        78          0          0          0          0        108   _printf_pad.o
         0          0          0          0          0          0   _printf_percent.o
         4          0          0          0          0          0   _printf_percent_end.o
         6          0          0          0          0          0   _printf_x.o
        10          0          0          0          0         68   _sputc.o
        46          0          0          0          0         84   aeabi_atexit.o
        10          0          0          0          0         68   cxa_atexit.o
        66          0          0          0          0         84   cxa_finalize.o
        10          0          0          0          0         68   defsig_exit.o
        50          0          0          0          0         88   defsig_general.o
        80         58          0          0          0         76   defsig_rtmem_inner.o
        14          0          0          0          0         80   defsig_rtmem_outer.o
        18          0          0          0          0         80   exit.o
        94          0          0          0          0         80   h1_alloc.o
        52          0          0          0          0         68   h1_extend.o
        78          0          0          0          0         80   h1_free.o
        14          0          0          0          0         84   h1_init.o
         6          0          0          0          0        152   heapauxi.o
         4          0          0          0          0        136   hguard.o
         0          0          0          0          0          0   indicate_semi.o
        36          8          0          0          0         80   init_aeabi.o
       138          0          0          0          0        168   init_alloc.o
         2          0          0          0          0          0   libinit.o
        18          0          0          0          0          0   libinit2.o
         2          0          0          0          0          0   libshutdown.o
         8          0          0          0          0          0   libshutdown2.o
         8          4          0          0         96         68   libspace.o
         0          0          0          0          0          0   maybetermalloc1.o
         8          4          0          0          0         68   rt_ddtor_pointer_addr_intlibspace.o
         8          4          0          0          0         68   rt_heap_descriptor_intlibspace.o
        78          0          0          0          0         80   rt_memclr_w.o
         2          0          0          0          0          0   rtexit.o
        10          0          0          0          0          0   rtexit2.o
        12          4          0          0          0         68   sys_exit.o
        74          0          0          0          0         80   sys_stackheap_outer.o
        14          0          0          0          0         76   sys_wrch.o
         2          0          0          0          0         68   use_no_semi.o
        26          0          0          0          0        116   fpinit.o
         4          0          0          0          0        380   new.cpp.o

    ----------------------------------------------------------------------
      2056        110         57          0         96       3380   Library Totals
        10          0          0          0          0          0   (incl. Padding)

    ----------------------------------------------------------------------

      Code (inc. data)   RO Data    RW Data    ZI Data      Debug   Library Name

      2016        110         57          0         96       2884   c_w.l
        26          0          0          0          0        116   fz_wm.l
         4          0          0          0          0        380   libcpp_w.l

    ----------------------------------------------------------------------
      2056        110         57          0         96       3380   Library Totals

    ----------------------------------------------------------------------

==============================================================================


      Code (inc. data)   RO Data    RW Data    ZI Data      Debug   

     11296        210       3464          4       2820     271964   Grand Totals
     11296        210       3464          4       2820     271964   ELF Image Totals
     11296        210       3464          4          0          0   ROM Totals

==============================================================================

    Total RO  Size (Code + RO Data)                14760 (  14.41kB)
    Total RW  Size (RW Data + ZI Data)              2824 (   2.76kB)
    Total ROM Size (Code + RO Data + RW Data)      14764 (  14.42kB)

==============================================================================

