Component: ARM Compiler 6.16 Tool: armlink [5dfeaa00]

==============================================================================

Section Cross References

    main.o(.text.main) refers to arduino.o(.text.pinMode) for pinMode
    main.o(.text.main) refers to delay.o(.text.Delay_Init) for Delay_Init
    main.o(.text.main) refers to delay.o(.text.delay_ms) for delay_ms
    main.o(.ARM.exidx.text.main) refers to main.o(.text.main) for [Anonymous Symbol]
    stm32f4xx_it.o(.ARM.exidx.text.NMI_Handler) refers to stm32f4xx_it.o(.text.NMI_Handler) for [Anonymous Symbol]
    stm32f4xx_it.o(.ARM.exidx.text.HardFault_Handler) refers to stm32f4xx_it.o(.text.HardFault_Handler) for [Anonymous Symbol]
    stm32f4xx_it.o(.ARM.exidx.text.MemManage_Handler) refers to stm32f4xx_it.o(.text.MemManage_Handler) for [Anonymous Symbol]
    stm32f4xx_it.o(.ARM.exidx.text.BusFault_Handler) refers to stm32f4xx_it.o(.text.BusFault_Handler) for [Anonymous Symbol]
    stm32f4xx_it.o(.ARM.exidx.text.UsageFault_Handler) refers to stm32f4xx_it.o(.text.UsageFault_Handler) for [Anonymous Symbol]
    stm32f4xx_it.o(.ARM.exidx.text.SVC_Handler) refers to stm32f4xx_it.o(.text.SVC_Handler) for [Anonymous Symbol]
    stm32f4xx_it.o(.ARM.exidx.text.DebugMon_Handler) refers to stm32f4xx_it.o(.text.DebugMon_Handler) for [Anonymous Symbol]
    stm32f4xx_it.o(.ARM.exidx.text.PendSV_Handler) refers to stm32f4xx_it.o(.text.PendSV_Handler) for [Anonymous Symbol]
    system_stm32f4xx.o(.text.SystemInit) refers to system_stm32f4xx.o(.text.SetSysClock) for SetSysClock
    system_stm32f4xx.o(.ARM.exidx.text.SystemInit) refers to system_stm32f4xx.o(.text.SystemInit) for [Anonymous Symbol]
    system_stm32f4xx.o(.ARM.exidx.text.SetSysClock) refers to system_stm32f4xx.o(.text.SetSysClock) for [Anonymous Symbol]
    system_stm32f4xx.o(.text.SystemCoreClockUpdate) refers to system_stm32f4xx.o(.data.SystemCoreClock) for SystemCoreClock
    system_stm32f4xx.o(.text.SystemCoreClockUpdate) refers to system_stm32f4xx.o(.rodata.AHBPrescTable) for AHBPrescTable
    system_stm32f4xx.o(.ARM.exidx.text.SystemCoreClockUpdate) refers to system_stm32f4xx.o(.text.SystemCoreClockUpdate) for [Anonymous Symbol]
    startup_stm32f412xg.o(STACK) refers (Special) to heapauxi.o(.text) for __use_two_region_memory
    startup_stm32f412xg.o(HEAP) refers (Special) to heapauxi.o(.text) for __use_two_region_memory
    startup_stm32f412xg.o(RESET) refers (Special) to heapauxi.o(.text) for __use_two_region_memory
    startup_stm32f412xg.o(RESET) refers to startup_stm32f412xg.o(STACK) for __initial_sp
    startup_stm32f412xg.o(RESET) refers to startup_stm32f412xg.o(.text) for Reset_Handler
    startup_stm32f412xg.o(RESET) refers to stm32f4xx_it.o(.text.NMI_Handler) for NMI_Handler
    startup_stm32f412xg.o(RESET) refers to stm32f4xx_it.o(.text.HardFault_Handler) for HardFault_Handler
    startup_stm32f412xg.o(RESET) refers to stm32f4xx_it.o(.text.MemManage_Handler) for MemManage_Handler
    startup_stm32f412xg.o(RESET) refers to stm32f4xx_it.o(.text.BusFault_Handler) for BusFault_Handler
    startup_stm32f412xg.o(RESET) refers to stm32f4xx_it.o(.text.UsageFault_Handler) for UsageFault_Handler
    startup_stm32f412xg.o(RESET) refers to stm32f4xx_it.o(.text.SVC_Handler) for SVC_Handler
    startup_stm32f412xg.o(RESET) refers to stm32f4xx_it.o(.text.DebugMon_Handler) for DebugMon_Handler
    startup_stm32f412xg.o(RESET) refers to stm32f4xx_it.o(.text.PendSV_Handler) for PendSV_Handler
    startup_stm32f412xg.o(RESET) refers to delay.o(.text.SysTick_Handler) for SysTick_Handler
    startup_stm32f412xg.o(RESET) refers to exti.o(.text.EXTI0_IRQHandler) for EXTI0_IRQHandler
    startup_stm32f412xg.o(RESET) refers to exti.o(.text.EXTI1_IRQHandler) for EXTI1_IRQHandler
    startup_stm32f412xg.o(RESET) refers to exti.o(.text.EXTI2_IRQHandler) for EXTI2_IRQHandler
    startup_stm32f412xg.o(RESET) refers to exti.o(.text.EXTI3_IRQHandler) for EXTI3_IRQHandler
    startup_stm32f412xg.o(RESET) refers to exti.o(.text.EXTI4_IRQHandler) for EXTI4_IRQHandler
    startup_stm32f412xg.o(RESET) refers to exti.o(.text.EXTI9_5_IRQHandler) for EXTI9_5_IRQHandler
    startup_stm32f412xg.o(RESET) refers to timer.o(.text.TIM1_UP_TIM10_IRQHandler) for TIM1_UP_TIM10_IRQHandler
    startup_stm32f412xg.o(RESET) refers to timer.o(.text.TIM2_IRQHandler) for TIM2_IRQHandler
    startup_stm32f412xg.o(RESET) refers to timer.o(.text.TIM3_IRQHandler) for TIM3_IRQHandler
    startup_stm32f412xg.o(RESET) refers to timer.o(.text.TIM4_IRQHandler) for TIM4_IRQHandler
    startup_stm32f412xg.o(RESET) refers to exti.o(.text.EXTI15_10_IRQHandler) for EXTI15_10_IRQHandler
    startup_stm32f412xg.o(RESET) refers to timer.o(.text.TIM8_UP_TIM13_IRQHandler) for TIM8_UP_TIM13_IRQHandler
    startup_stm32f412xg.o(RESET) refers to timer.o(.text.TIM5_IRQHandler) for TIM5_IRQHandler
    startup_stm32f412xg.o(RESET) refers to timer.o(.text.TIM7_IRQHandler) for TIM7_IRQHandler
[...]
    Removing stm32f4xx_spi.o(.text.SPI_I2S_ReceiveData), (4 bytes).
    Removing stm32f4xx_spi.o(.ARM.exidx.text.SPI_I2S_ReceiveData), (8 bytes).
    Removing stm32f4xx_spi.o(.text.SPI_I2S_SendData), (4 bytes).
    Removing stm32f4xx_spi.o(.ARM.exidx.text.SPI_I2S_SendData), (8 bytes).
    Removing stm32f4xx_spi.o(.text.SPI_CalculateCRC), (20 bytes).
    Removing stm32f4xx_spi.o(.ARM.exidx.text.SPI_CalculateCRC), (8 bytes).
    Removing stm32f4xx_spi.o(.text.SPI_TransmitCRC), (10 bytes).
    Removing stm32f4xx_spi.o(.ARM.exidx.text.SPI_TransmitCRC), (8 bytes).
    Removing stm32f4xx_spi.o(.text.SPI_GetCRC), (12 bytes).
    Removing stm32f4xx_spi.o(.ARM.exidx.text.SPI_GetCRC), (8 bytes).
    Removing stm32f4xx_spi.o(.text.SPI_GetCRCPolynomial), (4 bytes).
    Removing stm32f4xx_spi.o(.ARM.exidx.text.SPI_GetCRCPolynomial), (8 bytes).
    Removing stm32f4xx_spi.o(.text.SPI_I2S_DMACmd), (16 bytes).
    Removing stm32f4xx_spi.o(.ARM.exidx.text.SPI_I2S_DMACmd), (8 bytes).
    Removing stm32f4xx_spi.o(.text.SPI_I2S_ITConfig), (24 bytes).
    Removing stm32f4xx_spi.o(.ARM.exidx.text.SPI_I2S_ITConfig), (8 bytes).
    Removing stm32f4xx_spi.o(.text.SPI_I2S_GetFlagStatus), (10 bytes).
    Removing stm32f4xx_spi.o(.ARM.exidx.text.SPI_I2S_GetFlagStatus), (8 bytes).
    Removing stm32f4xx_spi.o(.text.SPI_I2S_ClearFlag), (6 bytes).
    Removing stm32f4xx_spi.o(.ARM.exidx.text.SPI_I2S_ClearFlag), (8 bytes).
    Removing stm32f4xx_spi.o(.text.SPI_I2S_GetITStatus), (34 bytes).
    Removing stm32f4xx_spi.o(.ARM.exidx.text.SPI_I2S_GetITStatus), (8 bytes).
    Removing stm32f4xx_spi.o(.text.SPI_I2S_ClearITPendingBit), (16 bytes).
    Removing stm32f4xx_spi.o(.ARM.exidx.text.SPI_I2S_ClearITPendingBit), (8 bytes).
    Removing stm32f4xx_syscfg.o(.text), (0 bytes).
    Removing stm32f4xx_syscfg.o(.text.SYSCFG_DeInit), (24 bytes).
    Removing stm32f4xx_syscfg.o(.ARM.exidx.text.SYSCFG_DeInit), (8 bytes).
    Removing stm32f4xx_syscfg.o(.text.SYSCFG_MemoryRemapConfig), (12 bytes).
    Removing stm32f4xx_syscfg.o(.ARM.exidx.text.SYSCFG_MemoryRemapConfig), (8 bytes).
    Removing stm32f4xx_syscfg.o(.text.SYSCFG_MemorySwappingBank), (10 bytes).
    Removing stm32f4xx_syscfg.o(.ARM.exidx.text.SYSCFG_MemorySwappingBank), (8 bytes).
    Removing stm32f4xx_syscfg.o(.text.SYSCFG_EXTILineConfig), (48 bytes).
    Removing stm32f4xx_syscfg.o(.ARM.exidx.text.SYSCFG_EXTILineConfig), (8 bytes).
    Removing stm32f4xx_syscfg.o(.text.SYSCFG_ETH_MediaInterfaceConfig), (10 bytes).
    Removing stm32f4xx_syscfg.o(.ARM.exidx.text.SYSCFG_ETH_MediaInterfaceConfig), (8 bytes).
    Removing stm32f4xx_syscfg.o(.text.SYSCFG_CompensationCellCmd), (12 bytes).
    Removing stm32f4xx_syscfg.o(.ARM.exidx.text.SYSCFG_CompensationCellCmd), (8 bytes).
    Removing stm32f4xx_syscfg.o(.text.SYSCFG_GetCompensationCellStatus), (16 bytes).
    Removing stm32f4xx_syscfg.o(.ARM.exidx.text.SYSCFG_GetCompensationCellStatus), (8 bytes).
    Removing stm32f4xx_syscfg.o(.text.SYSCFG_BreakConfig), (16 bytes).
    Removing stm32f4xx_syscfg.o(.ARM.exidx.text.SYSCFG_BreakConfig), (8 bytes).
    Removing stm32f4xx_tim.o(.text), (0 bytes).
    Removing stm32f4xx_tim.o(.text.TIM_DeInit), (432 bytes).
    Removing stm32f4xx_tim.o(.ARM.exidx.text.TIM_DeInit), (8 bytes).
    Removing stm32f4xx_tim.o(.ARM.exidx.text.TIM_TimeBaseInit), (8 bytes).
    Removing stm32f4xx_tim.o(.text.TIM_TimeBaseStructInit), (16 bytes).
    Removing stm32f4xx_tim.o(.ARM.exidx.text.TIM_TimeBaseStructInit), (8 bytes).
    Removing stm32f4xx_tim.o(.text.TIM_PrescalerConfig), (6 bytes).
    Removing stm32f4xx_tim.o(.ARM.exidx.text.TIM_PrescalerConfig), (8 bytes).
    Removing stm32f4xx_tim.o(.text.TIM_CounterModeConfig), (12 bytes).
    Removing stm32f4xx_tim.o(.ARM.exidx.text.TIM_CounterModeConfig), (8 bytes).
    Removing stm32f4xx_tim.o(.text.TIM_SetCounter), (4 bytes).
    Removing stm32f4xx_tim.o(.ARM.exidx.text.TIM_SetCounter), (8 bytes).
    Removing stm32f4xx_tim.o(.text.TIM_SetAutoreload), (4 bytes).
    Removing stm32f4xx_tim.o(.ARM.exidx.text.TIM_SetAutoreload), (8 bytes).
    Removing stm32f4xx_tim.o(.text.TIM_GetCounter), (4 bytes).
    Removing stm32f4xx_tim.o(.ARM.exidx.text.TIM_GetCounter), (8 bytes).
    Removing stm32f4xx_tim.o(.text.TIM_GetPrescaler), (4 bytes).
    Removing stm32f4xx_tim.o(.ARM.exidx.text.TIM_GetPrescaler), (8 bytes).
    Removing stm32f4xx_tim.o(.text.TIM_UpdateDisableConfig), (20 bytes).
    Removing stm32f4xx_tim.o(.ARM.exidx.text.TIM_UpdateDisableConfig), (8 bytes).
    Removing stm32f4xx_tim.o(.text.TIM_UpdateRequestConfig), (20 bytes).
    Removing stm32f4xx_tim.o(.ARM.exidx.text.TIM_UpdateRequestConfig), (8 bytes).
    Removing stm32f4xx_tim.o(.text.TIM_ARRPreloadConfig), (20 bytes).
    Removing stm32f4xx_tim.o(.ARM.exidx.text.TIM_ARRPreloadConfig), (8 bytes).
    Removing stm32f4xx_tim.o(.text.TIM_SelectOnePulseMode), (16 bytes).
    Removing stm32f4xx_tim.o(.ARM.exidx.text.TIM_SelectOnePulseMode), (8 bytes).
    Removing stm32f4xx_tim.o(.text.TIM_SetClockDivision), (16 bytes).
    Removing stm32f4xx_tim.o(.ARM.exidx.text.TIM_SetClockDivision), (8 bytes).
    Removing stm32f4xx_tim.o(.ARM.exidx.text.TIM_Cmd), (8 bytes).
    Removing stm32f4xx_tim.o(.ARM.exidx.text.TIM_OC1Init), (8 bytes).
    Removing stm32f4xx_tim.o(.ARM.exidx.text.TIM_OC2Init), (8 bytes).
    Removing stm32f4xx_tim.o(.ARM.exidx.text.TIM_OC3Init), (8 bytes).
    Removing stm32f4xx_tim.o(.ARM.exidx.text.TIM_OC4Init), (8 bytes).
    Removing stm32f4xx_tim.o(.text.TIM_OCStructInit), (14 bytes).
    Removing stm32f4xx_tim.o(.ARM.exidx.text.TIM_OCStructInit), (8 bytes).
    Removing stm32f4xx_tim.o(.text.TIM_SelectOCxM), (88 bytes).
    Removing stm32f4xx_tim.o(.ARM.exidx.text.TIM_SelectOCxM), (8 bytes).
    Removing stm32f4xx_tim.o(.text.TIM_SetCompare1), (4 bytes).
    Removing stm32f4xx_tim.o(.ARM.exidx.text.TIM_SetCompare1), (8 bytes).
    Removing stm32f4xx_tim.o(.text.TIM_SetCompare2), (4 bytes).
    Removing stm32f4xx_tim.o(.ARM.exidx.text.TIM_SetCompare2), (8 bytes).
    Removing stm32f4xx_tim.o(.text.TIM_SetCompare3), (4 bytes).
    Removing stm32f4xx_tim.o(.ARM.exidx.text.TIM_SetCompare3), (8 bytes).
    Removing stm32f4xx_tim.o(.text.TIM_SetCompare4), (4 bytes).
    Removing stm32f4xx_tim.o(.ARM.exidx.text.TIM_SetCompare4), (8 bytes).
    Removing stm32f4xx_tim.o(.text.TIM_ForcedOC1Config), (12 bytes).
    Removing stm32f4xx_tim.o(.ARM.exidx.text.TIM_ForcedOC1Config), (8 bytes).
    Removing stm32f4xx_tim.o(.text.TIM_ForcedOC2Config), (14 bytes).
    Removing stm32f4xx_tim.o(.ARM.exidx.text.TIM_ForcedOC2Config), (8 bytes).
    Removing stm32f4xx_tim.o(.text.TIM_ForcedOC3Config), (12 bytes).
    Removing stm32f4xx_tim.o(.ARM.exidx.text.TIM_ForcedOC3Config), (8 bytes).
    Removing stm32f4xx_tim.o(.text.TIM_ForcedOC4Config), (14 bytes).
    Removing stm32f4xx_tim.o(.ARM.exidx.text.TIM_ForcedOC4Config), (8 bytes).
    Removing stm32f4xx_tim.o(.ARM.exidx.text.TIM_OC1PreloadConfig), (8 bytes).
    Removing stm32f4xx_tim.o(.ARM.exidx.text.TIM_OC2PreloadConfig), (8 bytes).
    Removing stm32f4xx_tim.o(.ARM.exidx.text.TIM_OC3PreloadConfig), (8 bytes).
    Removing stm32f4xx_tim.o(.ARM.exidx.text.TIM_OC4PreloadConfig), (8 bytes).
    Removing stm32f4xx_tim.o(.text.TIM_OC1FastConfig), (12 bytes).
    Removing stm32f4xx_tim.o(.ARM.exidx.text.TIM_OC1FastConfig), (8 bytes).
    Removing stm32f4xx_tim.o(.text.TIM_OC2FastConfig), (14 bytes).
    Removing stm32f4xx_tim.o(.ARM.exidx.text.TIM_OC2FastConfig), (8 bytes).
    Removing stm32f4xx_tim.o(.text.TIM_OC3FastConfig), (12 bytes).
    Removing stm32f4xx_tim.o(.ARM.exidx.text.TIM_OC3FastConfig), (8 bytes).
    Removing stm32f4xx_tim.o(.text.TIM_OC4FastConfig), (14 bytes).
    Removing stm32f4xx_tim.o(.ARM.exidx.text.TIM_OC4FastConfig), (8 bytes).
    Removing stm32f4xx_tim.o(.text.TIM_ClearOC1Ref), (12 bytes).
    Removing stm32f4xx_tim.o(.ARM.exidx.text.TIM_ClearOC1Ref), (8 bytes).
    Removing stm32f4xx_tim.o(.text.TIM_ClearOC2Ref), (14 bytes).
    Removing stm32f4xx_tim.o(.ARM.exidx.text.TIM_ClearOC2Ref), (8 bytes).
    Removing stm32f4xx_tim.o(.text.TIM_ClearOC3Ref), (12 bytes).
    Removing stm32f4xx_tim.o(.ARM.exidx.text.TIM_ClearOC3Ref), (8 bytes).
    Removing stm32f4xx_tim.o(.text.TIM_ClearOC4Ref), (14 bytes).
    Removing stm32f4xx_tim.o(.ARM.exidx.text.TIM_ClearOC4Ref), (8 bytes).
    Removing stm32f4xx_tim.o(.text.TIM_OC1PolarityConfig), (12 bytes).
    Removing stm32f4xx_tim.o(.ARM.exidx.text.TIM_OC1PolarityConfig), (8 bytes).
    Removing stm32f4xx_tim.o(.text.TIM_OC1NPolarityConfig), (12 bytes).
    Removing stm32f4xx_tim.o(.ARM.exidx.text.TIM_OC1NPolarityConfig), (8 bytes).
    Removing stm32f4xx_tim.o(.text.TIM_OC2PolarityConfig), (14 bytes).
    Removing stm32f4xx_tim.o(.ARM.exidx.text.TIM_OC2PolarityConfig), (8 bytes).
    Removing stm32f4xx_tim.o(.text.TIM_OC2NPolarityConfig), (14 bytes).
    Removing stm32f4xx_tim.o(.ARM.exidx.text.TIM_OC2NPolarityConfig), (8 bytes).
    Removing stm32f4xx_tim.o(.text.TIM_OC3PolarityConfig), (14 bytes).
    Removing stm32f4xx_tim.o(.ARM.exidx.text.TIM_OC3PolarityConfig), (8 bytes).
    Removing stm32f4xx_tim.o(.text.TIM_OC3NPolarityConfig), (14 bytes).
    Removing stm32f4xx_tim.o(.ARM.exidx.text.TIM_OC3NPolarityConfig), (8 bytes).
    Removing stm32f4xx_tim.o(.text.TIM_OC4PolarityConfig), (14 bytes).
    Removing stm32f4xx_tim.o(.ARM.exidx.text.TIM_OC4PolarityConfig), (8 bytes).
    Removing stm32f4xx_tim.o(.text.TIM_CCxCmd), (32 bytes).
    Removing stm32f4xx_tim.o(.ARM.exidx.text.TIM_CCxCmd), (8 bytes).
    Removing stm32f4xx_tim.o(.text.TIM_CCxNCmd), (32 bytes).
    Removing stm32f4xx_tim.o(.ARM.exidx.text.TIM_CCxNCmd), (8 bytes).
    Removing stm32f4xx_tim.o(.text.TIM_ICInit), (106 bytes).
    Removing stm32f4xx_tim.o(.ARM.exidx.text.TIM_ICInit), (8 bytes).
    Removing stm32f4xx_tim.o(.text.TI1_Config), (50 bytes).
    Removing stm32f4xx_tim.o(.ARM.exidx.text.TI1_Config), (8 bytes).
    Removing stm32f4xx_tim.o(.text.TIM_SetIC1Prescaler), (16 bytes).
    Removing stm32f4xx_tim.o(.ARM.exidx.text.TIM_SetIC1Prescaler), (8 bytes).
    Removing stm32f4xx_tim.o(.text.TI2_Config), (56 bytes).
    Removing stm32f4xx_tim.o(.ARM.exidx.text.TI2_Config), (8 bytes).
    Removing stm32f4xx_tim.o(.text.TIM_SetIC2Prescaler), (18 bytes).
    Removing stm32f4xx_tim.o(.ARM.exidx.text.TIM_SetIC2Prescaler), (8 bytes).
    Removing stm32f4xx_tim.o(.text.TI3_Config), (52 bytes).
    Removing stm32f4xx_tim.o(.ARM.exidx.text.TI3_Config), (8 bytes).
    Removing stm32f4xx_tim.o(.text.TIM_SetIC3Prescaler), (16 bytes).
    Removing stm32f4xx_tim.o(.ARM.exidx.text.TIM_SetIC3Prescaler), (8 bytes).
    Removing stm32f4xx_tim.o(.text.TI4_Config), (60 bytes).
    Removing stm32f4xx_tim.o(.ARM.exidx.text.TI4_Config), (8 bytes).
    Removing stm32f4xx_tim.o(.text.TIM_SetIC4Prescaler), (18 bytes).
    Removing stm32f4xx_tim.o(.ARM.exidx.text.TIM_SetIC4Prescaler), (8 bytes).
    Removing stm32f4xx_tim.o(.text.TIM_ICStructInit), (12 bytes).
    Removing stm32f4xx_tim.o(.ARM.exidx.text.TIM_ICStructInit), (8 bytes).
    Removing stm32f4xx_tim.o(.text.TIM_PWMIConfig), (112 bytes).
    Removing stm32f4xx_tim.o(.ARM.exidx.text.TIM_PWMIConfig), (8 bytes).
    Removing stm32f4xx_tim.o(.text.TIM_GetCapture1), (4 bytes).
    Removing stm32f4xx_tim.o(.ARM.exidx.text.TIM_GetCapture1), (8 bytes).
    Removing stm32f4xx_tim.o(.text.TIM_GetCapture2), (4 bytes).
    Removing stm32f4xx_tim.o(.ARM.exidx.text.TIM_GetCapture2), (8 bytes).
    Removing stm32f4xx_tim.o(.text.TIM_GetCapture3), (4 bytes).
    Removing stm32f4xx_tim.o(.ARM.exidx.text.TIM_GetCapture3), (8 bytes).
    Removing stm32f4xx_tim.o(.text.TIM_GetCapture4), (4 bytes).
    Removing stm32f4xx_tim.o(.ARM.exidx.text.TIM_GetCapture4), (8 bytes).
    Removing stm32f4xx_tim.o(.text.TIM_BDTRConfig), (40 bytes).
    Removing stm32f4xx_tim.o(.ARM.exidx.text.TIM_BDTRConfig), (8 bytes).
    Removing stm32f4xx_tim.o(.text.TIM_BDTRStructInit), (12 bytes).
    Removing stm32f4xx_tim.o(.ARM.exidx.text.TIM_BDTRStructInit), (8 bytes).
    Removing stm32f4xx_tim.o(.ARM.exidx.text.TIM_CtrlPWMOutputs), (8 bytes).
    Removing stm32f4xx_tim.o(.text.TIM_SelectCOM), (20 bytes).
    Removing stm32f4xx_tim.o(.ARM.exidx.text.TIM_SelectCOM), (8 bytes).
    Removing stm32f4xx_tim.o(.text.TIM_CCPreloadControl), (18 bytes).
    Removing stm32f4xx_tim.o(.ARM.exidx.text.TIM_CCPreloadControl), (8 bytes).
    Removing stm32f4xx_tim.o(.text.TIM_ITConfig), (16 bytes).
    Removing stm32f4xx_tim.o(.ARM.exidx.text.TIM_ITConfig), (8 bytes).
    Removing stm32f4xx_tim.o(.text.TIM_GenerateEvent), (4 bytes).
    Removing stm32f4xx_tim.o(.ARM.exidx.text.TIM_GenerateEvent), (8 bytes).
    Removing stm32f4xx_tim.o(.text.TIM_GetFlagStatus), (10 bytes).
    Removing stm32f4xx_tim.o(.ARM.exidx.text.TIM_GetFlagStatus), (8 bytes).
    Removing stm32f4xx_tim.o(.text.TIM_ClearFlag), (6 bytes).
    Removing stm32f4xx_tim.o(.ARM.exidx.text.TIM_ClearFlag), (8 bytes).
    Removing stm32f4xx_tim.o(.ARM.exidx.text.TIM_GetITStatus), (8 bytes).
    Removing stm32f4xx_tim.o(.ARM.exidx.text.TIM_ClearITPendingBit), (8 bytes).
    Removing stm32f4xx_tim.o(.text.TIM_DMAConfig), (8 bytes).
    Removing stm32f4xx_tim.o(.ARM.exidx.text.TIM_DMAConfig), (8 bytes).
    Removing stm32f4xx_tim.o(.text.TIM_DMACmd), (16 bytes).
    Removing stm32f4xx_tim.o(.ARM.exidx.text.TIM_DMACmd), (8 bytes).
    Removing stm32f4xx_tim.o(.text.TIM_SelectCCDMA), (20 bytes).
    Removing stm32f4xx_tim.o(.ARM.exidx.text.TIM_SelectCCDMA), (8 bytes).
    Removing stm32f4xx_tim.o(.text.TIM_InternalClockConfig), (10 bytes).
    Removing stm32f4xx_tim.o(.ARM.exidx.text.TIM_InternalClockConfig), (8 bytes).
    Removing stm32f4xx_tim.o(.text.TIM_ITRxExternalClockConfig), (18 bytes).
    Removing stm32f4xx_tim.o(.ARM.exidx.text.TIM_ITRxExternalClockConfig), (8 bytes).
    Removing stm32f4xx_tim.o(.text.TIM_SelectInputTrigger), (12 bytes).
    Removing stm32f4xx_tim.o(.ARM.exidx.text.TIM_SelectInputTrigger), (8 bytes).
    Removing stm32f4xx_tim.o(.text.TIM_TIxExternalClockConfig), (44 bytes).
    Removing stm32f4xx_tim.o(.ARM.exidx.text.TIM_TIxExternalClockConfig), (8 bytes).
    Removing stm32f4xx_tim.o(.text.TIM_ETRClockMode1Config), (18 bytes).
    Removing stm32f4xx_tim.o(.ARM.exidx.text.TIM_ETRClockMode1Config), (8 bytes).
    Removing stm32f4xx_tim.o(.text.TIM_ETRConfig), (22 bytes).
    Removing stm32f4xx_tim.o(.ARM.exidx.text.TIM_ETRConfig), (8 bytes).
    Removing stm32f4xx_tim.o(.text.TIM_ETRClockMode2Config), (18 bytes).
    Removing stm32f4xx_tim.o(.ARM.exidx.text.TIM_ETRClockMode2Config), (8 bytes).
    Removing stm32f4xx_tim.o(.text.TIM_SelectOutputTrigger), (16 bytes).
    Removing stm32f4xx_tim.o(.ARM.exidx.text.TIM_SelectOutputTrigger), (8 bytes).
    Removing stm32f4xx_tim.o(.text.TIM_SelectSlaveMode), (16 bytes).
    Removing stm32f4xx_tim.o(.ARM.exidx.text.TIM_SelectSlaveMode), (8 bytes).
    Removing stm32f4xx_tim.o(.text.TIM_SelectMasterSlaveMode), (16 bytes).
    Removing stm32f4xx_tim.o(.ARM.exidx.text.TIM_SelectMasterSlaveMode), (8 bytes).
    Removing stm32f4xx_tim.o(.text.TIM_EncoderInterfaceConfig), (48 bytes).
    Removing stm32f4xx_tim.o(.ARM.exidx.text.TIM_EncoderInterfaceConfig), (8 bytes).
    Removing stm32f4xx_tim.o(.text.TIM_SelectHallSensor), (20 bytes).
    Removing stm32f4xx_tim.o(.ARM.exidx.text.TIM_SelectHallSensor), (8 bytes).
    Removing stm32f4xx_tim.o(.text.TIM_RemapConfig), (6 bytes).
    Removing stm32f4xx_tim.o(.ARM.exidx.text.TIM_RemapConfig), (8 bytes).
    Removing stm32f4xx_usart.o(.text), (0 bytes).
    Removing stm32f4xx_usart.o(.text.USART_DeInit), (274 bytes).
    Removing stm32f4xx_usart.o(.ARM.exidx.text.USART_DeInit), (8 bytes).
    Removing stm32f4xx_usart.o(.text.USART_Init), (186 bytes).
    Removing stm32f4xx_usart.o(.ARM.exidx.text.USART_Init), (8 bytes).
    Removing stm32f4xx_usart.o(.text.USART_StructInit), (18 bytes).
    Removing stm32f4xx_usart.o(.ARM.exidx.text.USART_StructInit), (8 bytes).
    Removing stm32f4xx_usart.o(.text.USART_ClockInit), (34 bytes).
    Removing stm32f4xx_usart.o(.ARM.exidx.text.USART_ClockInit), (8 bytes).
    Removing stm32f4xx_usart.o(.text.USART_ClockStructInit), (8 bytes).
    Removing stm32f4xx_usart.o(.ARM.exidx.text.USART_ClockStructInit), (8 bytes).
    Removing stm32f4xx_usart.o(.text.USART_Cmd), (20 bytes).
    Removing stm32f4xx_usart.o(.ARM.exidx.text.USART_Cmd), (8 bytes).
    Removing stm32f4xx_usart.o(.text.USART_SetPrescaler), (16 bytes).
    Removing stm32f4xx_usart.o(.ARM.exidx.text.USART_SetPrescaler), (8 bytes).
    Removing stm32f4xx_usart.o(.text.USART_OverSampling8Cmd), (20 bytes).
    Removing stm32f4xx_usart.o(.ARM.exidx.text.USART_OverSampling8Cmd), (8 bytes).
    Removing stm32f4xx_usart.o(.text.USART_OneBitMethodCmd), (20 bytes).
    Removing stm32f4xx_usart.o(.ARM.exidx.text.USART_OneBitMethodCmd), (8 bytes).
    Removing stm32f4xx_usart.o(.text.USART_SendData), (8 bytes).
    Removing stm32f4xx_usart.o(.ARM.exidx.text.USART_SendData), (8 bytes).
    Removing stm32f4xx_usart.o(.text.USART_ReceiveData), (8 bytes).
    Removing stm32f4xx_usart.o(.ARM.exidx.text.USART_ReceiveData), (8 bytes).
    Removing stm32f4xx_usart.o(.text.USART_SetAddress), (16 bytes).
    Removing stm32f4xx_usart.o(.ARM.exidx.text.USART_SetAddress), (8 bytes).
    Removing stm32f4xx_usart.o(.text.USART_ReceiverWakeUpCmd), (20 bytes).
    Removing stm32f4xx_usart.o(.ARM.exidx.text.USART_ReceiverWakeUpCmd), (8 bytes).
    Removing stm32f4xx_usart.o(.text.USART_WakeUpConfig), (16 bytes).
    Removing stm32f4xx_usart.o(.ARM.exidx.text.USART_WakeUpConfig), (8 bytes).
    Removing stm32f4xx_usart.o(.text.USART_LINBreakDetectLengthConfig), (16 bytes).
    Removing stm32f4xx_usart.o(.ARM.exidx.text.USART_LINBreakDetectLengthConfig), (8 bytes).
    Removing stm32f4xx_usart.o(.text.USART_LINCmd), (20 bytes).
    Removing stm32f4xx_usart.o(.ARM.exidx.text.USART_LINCmd), (8 bytes).
    Removing stm32f4xx_usart.o(.text.USART_SendBreak), (10 bytes).
    Removing stm32f4xx_usart.o(.ARM.exidx.text.USART_SendBreak), (8 bytes).
    Removing stm32f4xx_usart.o(.text.USART_HalfDuplexCmd), (20 bytes).
    Removing stm32f4xx_usart.o(.ARM.exidx.text.USART_HalfDuplexCmd), (8 bytes).
    Removing stm32f4xx_usart.o(.text.USART_SetGuardTime), (16 bytes).
    Removing stm32f4xx_usart.o(.ARM.exidx.text.USART_SetGuardTime), (8 bytes).
    Removing stm32f4xx_usart.o(.text.USART_SmartCardCmd), (20 bytes).
    Removing stm32f4xx_usart.o(.ARM.exidx.text.USART_SmartCardCmd), (8 bytes).
    Removing stm32f4xx_usart.o(.text.USART_SmartCardNACKCmd), (20 bytes).
    Removing stm32f4xx_usart.o(.ARM.exidx.text.USART_SmartCardNACKCmd), (8 bytes).
    Removing stm32f4xx_usart.o(.text.USART_IrDAConfig), (16 bytes).
    Removing stm32f4xx_usart.o(.ARM.exidx.text.USART_IrDAConfig), (8 bytes).
    Removing stm32f4xx_usart.o(.text.USART_IrDACmd), (20 bytes).
    Removing stm32f4xx_usart.o(.ARM.exidx.text.USART_IrDACmd), (8 bytes).
    Removing stm32f4xx_usart.o(.text.USART_DMACmd), (16 bytes).
    Removing stm32f4xx_usart.o(.ARM.exidx.text.USART_DMACmd), (8 bytes).
    Removing stm32f4xx_usart.o(.text.USART_ITConfig), (46 bytes).
    Removing stm32f4xx_usart.o(.ARM.exidx.text.USART_ITConfig), (8 bytes).
    Removing stm32f4xx_usart.o(.text.USART_GetFlagStatus), (10 bytes).
    Removing stm32f4xx_usart.o(.ARM.exidx.text.USART_GetFlagStatus), (8 bytes).
    Removing stm32f4xx_usart.o(.text.USART_ClearFlag), (6 bytes).
    Removing stm32f4xx_usart.o(.ARM.exidx.text.USART_ClearFlag), (8 bytes).
    Removing stm32f4xx_usart.o(.text.USART_GetITStatus), (48 bytes).
    Removing stm32f4xx_usart.o(.ARM.exidx.text.USART_GetITStatus), (8 bytes).
    Removing stm32f4xx_usart.o(.text.USART_ClearITPendingBit), (14 bytes).
    Removing stm32f4xx_usart.o(.ARM.exidx.text.USART_ClearITPendingBit), (8 bytes).
    Removing stm32f4xx_wwdg.o(.text), (0 bytes).
    Removing stm32f4xx_wwdg.o(.text.WWDG_DeInit), (24 bytes).
    Removing stm32f4xx_wwdg.o(.ARM.exidx.text.WWDG_DeInit), (8 bytes).
    Removing stm32f4xx_wwdg.o(.text.WWDG_SetPrescaler), (20 bytes).
    Removing stm32f4xx_wwdg.o(.ARM.exidx.text.WWDG_SetPrescaler), (8 bytes).
    Removing stm32f4xx_wwdg.o(.text.WWDG_SetWindowValue), (40 bytes).
    Removing stm32f4xx_wwdg.o(.ARM.exidx.text.WWDG_SetWindowValue), (8 bytes).
    Removing stm32f4xx_wwdg.o(.text.WWDG_EnableIT), (14 bytes).
    Removing stm32f4xx_wwdg.o(.ARM.exidx.text.WWDG_EnableIT), (8 bytes).
    Removing stm32f4xx_wwdg.o(.text.WWDG_SetCounter), (16 bytes).
    Removing stm32f4xx_wwdg.o(.ARM.exidx.text.WWDG_SetCounter), (8 bytes).
    Removing stm32f4xx_wwdg.o(.text.WWDG_Enable), (16 bytes).
    Removing stm32f4xx_wwdg.o(.ARM.exidx.text.WWDG_Enable), (8 bytes).
    Removing stm32f4xx_wwdg.o(.text.WWDG_GetFlagStatus), (18 bytes).
    Removing stm32f4xx_wwdg.o(.ARM.exidx.text.WWDG_GetFlagStatus), (8 bytes).
    Removing stm32f4xx_wwdg.o(.text.WWDG_ClearFlag), (14 bytes).
    Removing stm32f4xx_wwdg.o(.ARM.exidx.text.WWDG_ClearFlag), (8 bytes).
    Removing stm32f4xx_exti.o(.text), (0 bytes).
    Removing stm32f4xx_exti.o(.text.EXTI_DeInit), (30 bytes).
    Removing stm32f4xx_exti.o(.ARM.exidx.text.EXTI_DeInit), (8 bytes).
    Removing stm32f4xx_exti.o(.text.EXTI_Init), (104 bytes).
    Removing stm32f4xx_exti.o(.ARM.exidx.text.EXTI_Init), (8 bytes).
    Removing stm32f4xx_exti.o(.text.EXTI_StructInit), (14 bytes).
    Removing stm32f4xx_exti.o(.ARM.exidx.text.EXTI_StructInit), (8 bytes).
    Removing stm32f4xx_exti.o(.text.EXTI_GenerateSWInterrupt), (16 bytes).
    Removing stm32f4xx_exti.o(.ARM.exidx.text.EXTI_GenerateSWInterrupt), (8 bytes).
    Removing stm32f4xx_exti.o(.text.EXTI_GetFlagStatus), (18 bytes).
    Removing stm32f4xx_exti.o(.ARM.exidx.text.EXTI_GetFlagStatus), (8 bytes).
    Removing stm32f4xx_exti.o(.text.EXTI_ClearFlag), (12 bytes).
    Removing stm32f4xx_exti.o(.ARM.exidx.text.EXTI_ClearFlag), (8 bytes).
    Removing stm32f4xx_exti.o(.ARM.exidx.text.EXTI_GetITStatus), (8 bytes).
    Removing stm32f4xx_exti.o(.ARM.exidx.text.EXTI_ClearITPendingBit), (8 bytes).
    Removing arduino.o(.text), (0 bytes).
    Removing arduino.o(.ARM.exidx.text.pinMode), (8 bytes).
    Removing arduino.o(.text.digitalWrite), (38 bytes).
    Removing arduino.o(.ARM.exidx.text.digitalWrite), (8 bytes).
    Removing arduino.o(.text.digitalRead), (36 bytes).
    Removing arduino.o(.ARM.exidx.text.digitalRead), (8 bytes).
    Removing arduino.o(.text.analogWrite), (36 bytes).
    Removing arduino.o(.ARM.exidx.text.analogWrite), (8 bytes).
    Removing arduino.o(.text.analogRead), (44 bytes).
    Removing arduino.o(.ARM.exidx.text.analogRead), (8 bytes).
    Removing arduino.o(.text.analogRead_DMA), (42 bytes).
    Removing arduino.o(.ARM.exidx.text.analogRead_DMA), (8 bytes).
    Removing arduino.o(.text.shiftOut), (92 bytes).
    Removing arduino.o(.ARM.exidx.text.shiftOut), (8 bytes).
    Removing arduino.o(.text.shiftIn), (96 bytes).
    Removing arduino.o(.ARM.exidx.text.shiftIn), (8 bytes).
    Removing arduino.o(.text.map), (28 bytes).
    Removing arduino.o(.ARM.exidx.text.map), (8 bytes).
    Removing arduino.o(.text.fmap), (132 bytes).
    Removing arduino.o(.ARM.exidx.text.fmap), (8 bytes).
    Removing arduino.o(.text.pulseIn), (212 bytes).
    Removing arduino.o(.ARM.exidx.text.pulseIn), (8 bytes).
    Removing arduino.o(.text.yield), (2 bytes).
    Removing arduino.o(.ARM.exidx.text.yield), (8 bytes).

1037 unused section(s) (total 20654 bytes) removed from the image.

==============================================================================

Image Symbol Table

    Local Symbols

    Symbol Name                              Value     Ov Type        Size  Object(Section)

    ../CMSIS/Startup/arm/startup_stm32f412xg.s 0x00000000   Number         0  startup_stm32f412xg.o ABSOLUTE
    ../clib/angel/boardlib.s                 0x00000000   Number         0  boardinit1.o ABSOLUTE
    ../clib/angel/boardlib.s                 0x00000000   Number         0  boardinit2.o ABSOLUTE
    ../clib/angel/boardlib.s                 0x00000000   Number         0  boardinit3.o ABSOLUTE
    ../clib/angel/boardlib.s                 0x00000000   Number         0  boardshut.o ABSOLUTE
    ../clib/angel/handlers.s                 0x00000000   Number         0  __scatter_copy.o ABSOLUTE
    ../clib/angel/handlers.s                 0x00000000   Number         0  __scatter_zi.o ABSOLUTE
    ../clib/angel/kernel.s                   0x00000000   Number         0  __rtentry.o ABSOLUTE
    ../clib/angel/kernel.s                   0x00000000   Number         0  __rtentry2.o ABSOLUTE
    ../clib/angel/kernel.s                   0x00000000   Number         0  __rtentry4.o ABSOLUTE
    ../clib/angel/kernel.s                   0x00000000   Number         0  rtexit.o ABSOLUTE
    ../clib/angel/kernel.s                   0x00000000   Number         0  rtexit2.o ABSOLUTE
    ../clib/angel/rt.s                       0x00000000   Number         0  aeabi_ldiv0.o ABSOLUTE
    ../clib/angel/rt.s                       0x00000000   Number         0  aeabi_ldiv0_sigfpe.o ABSOLUTE
    ../clib/angel/rt.s                       0x00000000   Number         0  rt_div0.o ABSOLUTE
    ../clib/angel/rt.s                       0x00000000   Number         0  rt_raise.o ABSOLUTE
    ../clib/angel/scatter.s                  0x00000000   Number         0  __scatter.o ABSOLUTE
    ../clib/angel/startup.s                  0x00000000   Number         0  __main.o ABSOLUTE
    ../clib/angel/sys.s                      0x00000000   Number         0  sys_stackheap_outer.o ABSOLUTE
    ../clib/angel/sys.s                      0x00000000   Number         0  libspace.o ABSOLUTE
    ../clib/angel/sys.s                      0x00000000   Number         0  use_no_semi.o ABSOLUTE
    ../clib/angel/sys.s                      0x00000000   Number         0  indicate_semi.o ABSOLUTE
    ../clib/angel/sysapp.c                   0x00000000   Number         0  sys_exit.o ABSOLUTE
    ../clib/angel/sysapp.c                   0x00000000   Number         0  sys_exit_hlt.o ABSOLUTE
    ../clib/angel/sysapp.c                   0x00000000   Number         0  sys_wrch.o ABSOLUTE
    ../clib/angel/sysapp.c                   0x00000000   Number         0  sys_wrch_hlt.o ABSOLUTE
    ../clib/angel/sysapp.c                   0x00000000   Number         0  sys_command.o ABSOLUTE
    ../clib/angel/sysapp.c                   0x00000000   Number         0  sys_command_hlt.o ABSOLUTE
    ../clib/armsys.c                         0x00000000   Number         0  argv_veneer.o ABSOLUTE
    ../clib/armsys.c                         0x00000000   Number         0  argv_veneer.o ABSOLUTE
    ../clib/armsys.c                         0x00000000   Number         0  _get_argv_nomalloc.o ABSOLUTE
    ../clib/armsys.c                         0x00000000   Number         0  no_argv.o ABSOLUTE
    ../clib/heapalloc.c                      0x00000000   Number         0  hrguard.o ABSOLUTE
    ../clib/heapaux.c                        0x00000000   Number         0  heapauxi.o ABSOLUTE
    ../clib/libinit.s                        0x00000000   Number         0  libinit.o ABSOLUTE
    ../clib/libinit.s                        0x00000000   Number         0  libinit2.o ABSOLUTE
    ../clib/libinit.s                        0x00000000   Number         0  libshutdown.o ABSOLUTE
    ../clib/libinit.s                        0x00000000   Number         0  libshutdown2.o ABSOLUTE
    ../clib/longlong.s                       0x00000000   Number         0  lludivv7m.o ABSOLUTE
    ../clib/memcpset.s                       0x00000000   Number         0  rt_memclr_w.o ABSOLUTE
    ../clib/signal.c                         0x00000000   Number         0  defsig_fpe_outer.o ABSOLUTE
    ../clib/signal.c                         0x00000000   Number         0  defsig_fpe_formal.o ABSOLUTE
    ../clib/signal.c                         0x00000000   Number         0  defsig_exit.o ABSOLUTE
    ../clib/signal.c                         0x00000000   Number         0  defsig_fpe_inner.o ABSOLUTE
    ../clib/signal.c                         0x00000000   Number         0  __raise.o ABSOLUTE
    ../clib/signal.c                         0x00000000   Number         0  defsig_general.o ABSOLUTE
    ../clib/signal.c                         0x00000000   Number         0  defsig_abrt_inner.o ABSOLUTE
    ../clib/signal.c                         0x00000000   Number         0  defsig_rtred_inner.o ABSOLUTE
    ../clib/signal.c                         0x00000000   Number         0  defsig_rtmem_inner.o ABSOLUTE
    ../clib/signal.c                         0x00000000   Number         0  defsig_rtmem_outer.o ABSOLUTE
    ../clib/signal.c                         0x00000000   Number         0  defsig_rtmem_formal.o ABSOLUTE
    ../clib/signal.c                         0x00000000   Number         0  defsig_stak_inner.o ABSOLUTE
    ../clib/signal.c                         0x00000000   Number         0  defsig_pvfn_inner.o ABSOLUTE
    ../clib/signal.c                         0x00000000   Number         0  defsig_cppl_inner.o ABSOLUTE
    ../clib/signal.c                         0x00000000   Number         0  defsig_segv_inner.o ABSOLUTE
    ../clib/signal.c                         0x00000000   Number         0  defsig_other.o ABSOLUTE
    ../clib/signal.s                         0x00000000   Number         0  defsig.o ABSOLUTE
    ../clib/stdlib.c                         0x00000000   Number         0  exit.o ABSOLUTE
    ../fplib/daddsub.s                       0x00000000   Number         0  daddsub_clz.o ABSOLUTE
    ../fplib/ddiv.s                          0x00000000   Number         0  ddiv.o ABSOLUTE
    ../fplib/dmul.s                          0x00000000   Number         0  dmul.o ABSOLUTE
    ../fplib/dnaninf.s                       0x00000000   Number         0  dnaninf.o ABSOLUTE
    ../fplib/dretinf.s                       0x00000000   Number         0  dretinf.o ABSOLUTE
    ../fplib/fpinit.s                        0x00000000   Number         0  fpinit.o ABSOLUTE
    ../fplib/usenofp.s                       0x00000000   Number         0  usenofp.o ABSOLUTE
    Arduino.c                                0x00000000   Number         0  arduino.o ABSOLUTE
    adc.c                                    0x00000000   Number         0  adc.o ABSOLUTE
    dc.s                                     0x00000000   Number         0  dc.o ABSOLUTE
    delay.c                                  0x00000000   Number         0  delay.o ABSOLUTE
    exti.c                                   0x00000000   Number         0  exti.o ABSOLUTE
    flash.c                                  0x00000000   Number         0  flash.o ABSOLUTE
    gpio.c                                   0x00000000   Number         0  gpio.o ABSOLUTE
    main.c                                   0x00000000   Number         0  main.o ABSOLUTE
    misc.c                                   0x00000000   Number         0  misc.o ABSOLUTE
    pwm.c                                    0x00000000   Number         0  pwm.o ABSOLUTE
    rng.c                                    0x00000000   Number         0  rng.o ABSOLUTE
    stm32f4xx_adc.c                          0x00000000   Number         0  stm32f4xx_adc.o ABSOLUTE
    stm32f4xx_crc.c                          0x00000000   Number         0  stm32f4xx_crc.o ABSOLUTE
    stm32f4xx_dma.c                          0x00000000   Number         0  stm32f4xx_dma.o ABSOLUTE
    stm32f4xx_exti.c                         0x00000000   Number         0  stm32f4xx_exti.o ABSOLUTE
    stm32f4xx_flash.c                        0x00000000   Number         0  stm32f4xx_flash.o ABSOLUTE
    stm32f4xx_gpio.c                         0x00000000   Number         0  stm32f4xx_gpio.o ABSOLUTE
    stm32f4xx_i2c.c                          0x00000000   Number         0  stm32f4xx_i2c.o ABSOLUTE
    stm32f4xx_it.c                           0x00000000   Number         0  stm32f4xx_it.o ABSOLUTE
    stm32f4xx_iwdg.c                         0x00000000   Number         0  stm32f4xx_iwdg.o ABSOLUTE
    stm32f4xx_pwr.c                          0x00000000   Number         0  stm32f4xx_pwr.o ABSOLUTE
    stm32f4xx_rcc.c                          0x00000000   Number         0  stm32f4xx_rcc.o ABSOLUTE
    stm32f4xx_rng.c                          0x00000000   Number         0  stm32f4xx_rng.o ABSOLUTE
    stm32f4xx_sdio.c                         0x00000000   Number         0  stm32f4xx_sdio.o ABSOLUTE
    stm32f4xx_spi.c                          0x00000000   Number         0  stm32f4xx_spi.o ABSOLUTE
    stm32f4xx_syscfg.c                       0x00000000   Number         0  stm32f4xx_syscfg.o ABSOLUTE
    stm32f4xx_tim.c                          0x00000000   Number         0  stm32f4xx_tim.o ABSOLUTE
    stm32f4xx_usart.c                        0x00000000   Number         0  stm32f4xx_usart.o ABSOLUTE
    stm32f4xx_wwdg.c                         0x00000000   Number         0  stm32f4xx_wwdg.o ABSOLUTE
    system_stm32f4xx.c                       0x00000000   Number         0  system_stm32f4xx.o ABSOLUTE
    timer.c                                  0x00000000   Number         0  timer.o ABSOLUTE
    RESET                                    0x08000000   Section      452  startup_stm32f412xg.o(RESET)
    !!!main                                  0x080001c4   Section        8  __main.o(!!!main)
    !!!scatter                               0x080001cc   Section       52  __scatter.o(!!!scatter)
    !!handler_copy                           0x08000200   Section       26  __scatter_copy.o(!!handler_copy)
    !!handler_zi                             0x0800021c   Section       28  __scatter_zi.o(!!handler_zi)
    .ARM.Collect$$libinit$$00000000          0x08000238   Section        2  libinit.o(.ARM.Collect$$libinit$$00000000)
    .ARM.Collect$$libinit$$00000001          0x0800023a   Section        4  libinit2.o(.ARM.Collect$$libinit$$00000001)
    .ARM.Collect$$libinit$$00000004          0x0800023e   Section        0  libinit2.o(.ARM.Collect$$libinit$$00000004)
    .ARM.Collect$$libinit$$0000000A          0x0800023e   Section        0  libinit2.o(.ARM.Collect$$libinit$$0000000A)
    .ARM.Collect$$libinit$$0000000C          0x0800023e   Section        0  libinit2.o(.ARM.Collect$$libinit$$0000000C)
    .ARM.Collect$$libinit$$0000000E          0x0800023e   Section        0  libinit2.o(.ARM.Collect$$libinit$$0000000E)
    .ARM.Collect$$libinit$$00000011          0x0800023e   Section        0  libinit2.o(.ARM.Collect$$libinit$$00000011)
    .ARM.Collect$$libinit$$00000013          0x0800023e   Section        0  libinit2.o(.ARM.Collect$$libinit$$00000013)
    .ARM.Collect$$libinit$$00000015          0x0800023e   Section        0  libinit2.o(.ARM.Collect$$libinit$$00000015)
    .ARM.Collect$$libinit$$00000017          0x0800023e   Section        0  libinit2.o(.ARM.Collect$$libinit$$00000017)
    .ARM.Collect$$libinit$$00000019          0x0800023e   Section        0  libinit2.o(.ARM.Collect$$libinit$$00000019)
    .ARM.Collect$$libinit$$0000001B          0x0800023e   Section        0  libinit2.o(.ARM.Collect$$libinit$$0000001B)
    .ARM.Collect$$libinit$$0000001D          0x0800023e   Section        0  libinit2.o(.ARM.Collect$$libinit$$0000001D)
    .ARM.Collect$$libinit$$0000001F          0x0800023e   Section        0  libinit2.o(.ARM.Collect$$libinit$$0000001F)
    .ARM.Collect$$libinit$$00000021          0x0800023e   Section        0  libinit2.o(.ARM.Collect$$libinit$$00000021)
    .ARM.Collect$$libinit$$00000023          0x0800023e   Section        0  libinit2.o(.ARM.Collect$$libinit$$00000023)
    .ARM.Collect$$libinit$$00000025          0x0800023e   Section        0  libinit2.o(.ARM.Collect$$libinit$$00000025)
    .ARM.Collect$$libinit$$0000002C          0x0800023e   Section        0  libinit2.o(.ARM.Collect$$libinit$$0000002C)
    .ARM.Collect$$libinit$$0000002E          0x0800023e   Section        0  libinit2.o(.ARM.Collect$$libinit$$0000002E)
    .ARM.Collect$$libinit$$00000030          0x0800023e   Section        0  libinit2.o(.ARM.Collect$$libinit$$00000030)
    .ARM.Collect$$libinit$$00000032          0x0800023e   Section        0  libinit2.o(.ARM.Collect$$libinit$$00000032)
    .ARM.Collect$$libinit$$00000033          0x0800023e   Section        2  libinit2.o(.ARM.Collect$$libinit$$00000033)
    .ARM.Collect$$libshutdown$$00000000      0x08000240   Section        2  libshutdown.o(.ARM.Collect$$libshutdown$$00000000)
    .ARM.Collect$$libshutdown$$00000002      0x08000242   Section        0  libshutdown2.o(.ARM.Collect$$libshutdown$$00000002)
    .ARM.Collect$$libshutdown$$00000004      0x08000242   Section        0  libshutdown2.o(.ARM.Collect$$libshutdown$$00000004)
    .ARM.Collect$$libshutdown$$00000007      0x08000242   Section        0  libshutdown2.o(.ARM.Collect$$libshutdown$$00000007)
    .ARM.Collect$$libshutdown$$0000000A      0x08000242   Section        0  libshutdown2.o(.ARM.Collect$$libshutdown$$0000000A)
    .ARM.Collect$$libshutdown$$0000000C      0x08000242   Section        0  libshutdown2.o(.ARM.Collect$$libshutdown$$0000000C)
    .ARM.Collect$$libshutdown$$0000000F      0x08000242   Section        0  libshutdown2.o(.ARM.Collect$$libshutdown$$0000000F)
    .ARM.Collect$$libshutdown$$00000010      0x08000242   Section        2  libshutdown2.o(.ARM.Collect$$libshutdown$$00000010)
    .ARM.Collect$$rtentry$$00000000          0x08000244   Section        0  __rtentry.o(.ARM.Collect$$rtentry$$00000000)
    .ARM.Collect$$rtentry$$00000002          0x08000244   Section        0  __rtentry2.o(.ARM.Collect$$rtentry$$00000002)
    .ARM.Collect$$rtentry$$00000004          0x08000244   Section        6  __rtentry4.o(.ARM.Collect$$rtentry$$00000004)
    .ARM.Collect$$rtentry$$00000009          0x0800024a   Section        0  __rtentry2.o(.ARM.Collect$$rtentry$$00000009)
    .ARM.Collect$$rtentry$$0000000A          0x0800024a   Section        4  __rtentry2.o(.ARM.Collect$$rtentry$$0000000A)
    .ARM.Collect$$rtentry$$0000000C          0x0800024e   Section        0  __rtentry2.o(.ARM.Collect$$rtentry$$0000000C)
    .ARM.Collect$$rtentry$$0000000D          0x0800024e   Section        8  __rtentry2.o(.ARM.Collect$$rtentry$$0000000D)
    .ARM.Collect$$rtexit$$00000000           0x08000256   Section        2  rtexit.o(.ARM.Collect$$rtexit$$00000000)
    .ARM.Collect$$rtexit$$00000002           0x08000258   Section        0  rtexit2.o(.ARM.Collect$$rtexit$$00000002)
    .ARM.Collect$$rtexit$$00000003           0x08000258   Section        4  rtexit2.o(.ARM.Collect$$rtexit$$00000003)
    .ARM.Collect$$rtexit$$00000004           0x0800025c   Section        6  rtexit2.o(.ARM.Collect$$rtexit$$00000004)
    $v0                                      0x08000264   Number         0  startup_stm32f412xg.o(.text)
    .text                                    0x08000264   Section       64  startup_stm32f412xg.o(.text)
    .text                                    0x080002a4   Section        0  heapauxi.o(.text)
    .text                                    0x080002aa   Section       74  sys_stackheap_outer.o(.text)
    .text                                    0x080002f4   Section        0  exit.o(.text)
    .text                                    0x08000308   Section        8  libspace.o(.text)
    .text                                    0x08000310   Section        0  sys_exit.o(.text)
    .text                                    0x0800031c   Section        2  use_no_semi.o(.text)
    .text                                    0x0800031e   Section        0  indicate_semi.o(.text)
    [Anonymous Symbol]                       0x08000320   Section        0  adc.o(.text.ADC_DMA_Register)
    ADC_DMA_SearchChannel                    0x08000399   Thumb Code    62  adc.o(.text.ADC_DMA_SearchChannel)
    [Anonymous Symbol]                       0x08000398   Section        0  adc.o(.text.ADC_DMA_SearchChannel)
    [Anonymous Symbol]                       0x080003d8   Section        0  stm32f4xx_it.o(.text.BusFault_Handler)
    [Anonymous Symbol]                       0x080003dc   Section        0  stm32f4xx_it.o(.text.DebugMon_Handler)
    [Anonymous Symbol]                       0x080003e0   Section        0  delay.o(.text.Delay_Init)
    [Anonymous Symbol]                       0x0800040c   Section        0  exti.o(.text.EXTI0_IRQHandler)
    [Anonymous Symbol]                       0x08000434   Section        0  exti.o(.text.EXTI15_10_IRQHandler)
    [Anonymous Symbol]                       0x080004e0   Section        0  exti.o(.text.EXTI1_IRQHandler)
    [Anonymous Symbol]                       0x08000508   Section        0  exti.o(.text.EXTI2_IRQHandler)
    [Anonymous Symbol]                       0x08000530   Section        0  exti.o(.text.EXTI3_IRQHandler)
    [Anonymous Symbol]                       0x08000558   Section        0  exti.o(.text.EXTI4_IRQHandler)
    [Anonymous Symbol]                       0x08000580   Section        0  exti.o(.text.EXTI9_5_IRQHandler)
    [Anonymous Symbol]                       0x08000608   Section        0  stm32f4xx_exti.o(.text.EXTI_ClearITPendingBit)
    [Anonymous Symbol]                       0x08000614   Section        0  stm32f4xx_exti.o(.text.EXTI_GetITStatus)
    [Anonymous Symbol]                       0x08000628   Section        0  gpio.o(.text.GPIO_GetPinNum)
    [Anonymous Symbol]                       0x08000640   Section        0  gpio.o(.text.GPIO_GetPinSource)
    [Anonymous Symbol]                       0x08000658   Section        0  stm32f4xx_gpio.o(.text.GPIO_Init)
    [Anonymous Symbol]                       0x080006e0   Section        0  stm32f4xx_gpio.o(.text.GPIO_PinAFConfig)
    [Anonymous Symbol]                       0x08000708   Section        0  gpio.o(.text.GPIOx_Init)
    [Anonymous Symbol]                       0x080007bc   Section        0  stm32f4xx_it.o(.text.HardFault_Handler)
    [Anonymous Symbol]                       0x080007c0   Section        0  stm32f4xx_it.o(.text.MemManage_Handler)
    [Anonymous Symbol]                       0x080007c4   Section        0  stm32f4xx_it.o(.text.NMI_Handler)
    [Anonymous Symbol]                       0x080007c8   Section        0  pwm.o(.text.PWM_Init)
    [Anonymous Symbol]                       0x080008c4   Section        0  stm32f4xx_it.o(.text.PendSV_Handler)
    [Anonymous Symbol]                       0x080008c8   Section        0  stm32f4xx_rcc.o(.text.RCC_AHB1PeriphClockCmd)
    [Anonymous Symbol]                       0x080008e0   Section        0  stm32f4xx_rcc.o(.text.RCC_APB1PeriphClockCmd)
    [Anonymous Symbol]                       0x080008f8   Section        0  stm32f4xx_rcc.o(.text.RCC_APB2PeriphClockCmd)
    [Anonymous Symbol]                       0x08000910   Section        0  stm32f4xx_it.o(.text.SVC_Handler)
    SetSysClock                              0x08000915   Thumb Code   190  system_stm32f4xx.o(.text.SetSysClock)
    [Anonymous Symbol]                       0x08000914   Section        0  system_stm32f4xx.o(.text.SetSysClock)
    SysTick_Config                           0x080009d5   Thumb Code    38  delay.o(.text.SysTick_Config)
    [Anonymous Symbol]                       0x080009d4   Section        0  delay.o(.text.SysTick_Config)
    [Anonymous Symbol]                       0x080009fc   Section        0  delay.o(.text.SysTick_Handler)
    [Anonymous Symbol]                       0x08000a0c   Section        0  system_stm32f4xx.o(.text.SystemCoreClockUpdate)
    [Anonymous Symbol]                       0x08000ac0   Section        0  system_stm32f4xx.o(.text.SystemInit)
    [Anonymous Symbol]                       0x08000b18   Section        0  timer.o(.text.TIM1_UP_TIM10_IRQHandler)
    [Anonymous Symbol]                       0x08000b68   Section        0  timer.o(.text.TIM2_IRQHandler)
    [Anonymous Symbol]                       0x08000b98   Section        0  timer.o(.text.TIM3_IRQHandler)
    [Anonymous Symbol]                       0x08000bcc   Section        0  timer.o(.text.TIM4_IRQHandler)
    [Anonymous Symbol]                       0x08000c00   Section        0  timer.o(.text.TIM5_IRQHandler)
    [Anonymous Symbol]                       0x08000c34   Section        0  timer.o(.text.TIM7_IRQHandler)
    [Anonymous Symbol]                       0x08000c68   Section        0  timer.o(.text.TIM8_UP_TIM13_IRQHandler)
    [Anonymous Symbol]                       0x08000cb8   Section        0  stm32f4xx_tim.o(.text.TIM_ClearITPendingBit)
    [Anonymous Symbol]                       0x08000cc0   Section        0  stm32f4xx_tim.o(.text.TIM_Cmd)
    [Anonymous Symbol]                       0x08000cd4   Section        0  stm32f4xx_tim.o(.text.TIM_CtrlPWMOutputs)
    [Anonymous Symbol]                       0x08000cec   Section        0  pwm.o(.text.TIM_GetGPIO_AF)
    [Anonymous Symbol]                       0x08000e40   Section        0  stm32f4xx_tim.o(.text.TIM_GetITStatus)
    [Anonymous Symbol]                       0x08000e54   Section        0  stm32f4xx_tim.o(.text.TIM_OC1Init)
    [Anonymous Symbol]                       0x08000ebc   Section        0  stm32f4xx_tim.o(.text.TIM_OC1PreloadConfig)
    [Anonymous Symbol]                       0x08000ec8   Section        0  stm32f4xx_tim.o(.text.TIM_OC2Init)
    [Anonymous Symbol]                       0x08000f38   Section        0  stm32f4xx_tim.o(.text.TIM_OC2PreloadConfig)
    [Anonymous Symbol]                       0x08000f48   Section        0  stm32f4xx_tim.o(.text.TIM_OC3Init)
    [Anonymous Symbol]                       0x08000fb8   Section        0  stm32f4xx_tim.o(.text.TIM_OC3PreloadConfig)
    [Anonymous Symbol]                       0x08000fc4   Section        0  stm32f4xx_tim.o(.text.TIM_OC4Init)
    [Anonymous Symbol]                       0x08001018   Section        0  stm32f4xx_tim.o(.text.TIM_OC4PreloadConfig)
    [Anonymous Symbol]                       0x08001028   Section        0  stm32f4xx_tim.o(.text.TIM_TimeBaseInit)
    [Anonymous Symbol]                       0x080010bc   Section        0  pwm.o(.text.TIMx_OCxInit)
    [Anonymous Symbol]                       0x08001268   Section        0  timer.o(.text.Timer_ClockCmd)
    [Anonymous Symbol]                       0x080013c4   Section        0  stm32f4xx_it.o(.text.UsageFault_Handler)
    __NVIC_SetPriority                       0x080013c9   Thumb Code    14  delay.o(.text.__NVIC_SetPriority)
    [Anonymous Symbol]                       0x080013c8   Section        0  delay.o(.text.__NVIC_SetPriority)
    [Anonymous Symbol]                       0x080013d8   Section        0  delay.o(.text.delay_ms)
    [Anonymous Symbol]                       0x080013ec   Section        0  main.o(.text.main)
    [Anonymous Symbol]                       0x08001410   Section        0  arduino.o(.text.pinMode)
    $v0                                      0x08001466   Number         0  fpinit.o(x$fpl$fpinit)
    x$fpl$fpinit                             0x08001466   Section       26  fpinit.o(x$fpl$fpinit)
    .bss                                     0x20000008   Section       96  libspace.o(.bss)
    ADC_DMA_RegChannelList                   0x20000068   Data          36  adc.o(.bss.ADC_DMA_RegChannelList)
    [Anonymous Symbol]                       0x20000068   Section        0  adc.o(.bss.ADC_DMA_RegChannelList)
    ADC_DMA_RegCnt                           0x2000008c   Data           1  adc.o(.bss.ADC_DMA_RegCnt)
    [Anonymous Symbol]                       0x2000008c   Section        0  adc.o(.bss.ADC_DMA_RegCnt)
    ADC_DMA_Register.IsInit                  0x2000008d   Data           1  adc.o(.bss.ADC_DMA_Register.IsInit)
    [Anonymous Symbol]                       0x2000008d   Section        0  adc.o(.bss.ADC_DMA_Register.IsInit)
    EXTI_Function                            0x20000090   Data          64  exti.o(.bss.EXTI_Function)
    [Anonymous Symbol]                       0x20000090   Section        0  exti.o(.bss.EXTI_Function)
    System_ms                                0x200000d0   Data           4  delay.o(.bss.System_ms)
    [Anonymous Symbol]                       0x200000d0   Section        0  delay.o(.bss.System_ms)
    TIMx_Function                            0x200000d4   Data          56  timer.o(.bss.TIMx_Function)
    [Anonymous Symbol]                       0x200000d4   Section        0  timer.o(.bss.TIMx_Function)
    Heap_Mem                                 0x20000110   Data         512  startup_stm32f412xg.o(HEAP)
    HEAP                                     0x20000110   Section      512  startup_stm32f412xg.o(HEAP)
    Stack_Mem                                0x20000310   Data        1024  startup_stm32f412xg.o(STACK)
    STACK                                    0x20000310   Section     1024  startup_stm32f412xg.o(STACK)
    __initial_sp                             0x20000710   Data           0  startup_stm32f412xg.o(STACK)

    Global Symbols

    Symbol Name                              Value     Ov Type        Size  Object(Section)

    BuildAttributes$$THM_ISAv4$E$P$D$K$B$S$7EM$VFPi3$EXTD16$VFPS$VFMA$PE$A:L22UL41UL21$X:L11$S22US41US21$IEEE1$IW$~IW$USESV6$~STKCKD$USESV7$~SHL$OTIME$ROPI$EBA8$UX$STANDARDLIB$REQ8$PRES8$EABIv2 0x00000000   Number         0  anon$$obj.o ABSOLUTE
    __ARM_exceptions_init                     - Undefined Weak Reference
    __alloca_initialize                       - Undefined Weak Reference
    __arm_preinit_                            - Undefined Weak Reference
    __cpp_initialize__aeabi_                  - Undefined Weak Reference
    __cxa_finalize                            - Undefined Weak Reference
    __rt_locale                               - Undefined Weak Reference
    __sigvec_lookup                           - Undefined Weak Reference
    _atexit_init                              - Undefined Weak Reference
    _call_atexit_fns                          - Undefined Weak Reference
    _clock_init                               - Undefined Weak Reference
    _fp_trap_init                             - Undefined Weak Reference
    _fp_trap_shutdown                         - Undefined Weak Reference
    _get_lc_collate                           - Undefined Weak Reference
    _get_lc_ctype                             - Undefined Weak Reference
    _get_lc_monetary                          - Undefined Weak Reference
    _get_lc_numeric                           - Undefined Weak Reference
    _get_lc_time                              - Undefined Weak Reference
    _getenv_init                              - Undefined Weak Reference
    _handle_redirection                       - Undefined Weak Reference
    _init_alloc                               - Undefined Weak Reference
    _init_user_alloc                          - Undefined Weak Reference
    _initio                                   - Undefined Weak Reference
    _rand_init                                - Undefined Weak Reference
    _signal_finish                            - Undefined Weak Reference
    _signal_init                              - Undefined Weak Reference
    _terminate_alloc                          - Undefined Weak Reference
    _terminate_user_alloc                     - Undefined Weak Reference
    _terminateio                              - Undefined Weak Reference
    __Vectors_Size                           0x000001c4   Number         0  startup_stm32f412xg.o ABSOLUTE
    __Vectors                                0x08000000   Data           4  startup_stm32f412xg.o(RESET)
    __Vectors_End                            0x080001c4   Data           0  startup_stm32f412xg.o(RESET)
    __main                                   0x080001c5   Thumb Code     8  __main.o(!!!main)
    __scatterload                            0x080001cd   Thumb Code     0  __scatter.o(!!!scatter)
    __scatterload_rt2                        0x080001cd   Thumb Code    44  __scatter.o(!!!scatter)
    __scatterload_rt2_thumb_only             0x080001cd   Thumb Code     0  __scatter.o(!!!scatter)
    __scatterload_null                       0x080001db   Thumb Code     0  __scatter.o(!!!scatter)
    __scatterload_copy                       0x08000201   Thumb Code    26  __scatter_copy.o(!!handler_copy)
    __scatterload_zeroinit                   0x0800021d   Thumb Code    28  __scatter_zi.o(!!handler_zi)
    __rt_lib_init                            0x08000239   Thumb Code     0  libinit.o(.ARM.Collect$$libinit$$00000000)
    __rt_lib_init_fp_1                       0x0800023b   Thumb Code     0  libinit2.o(.ARM.Collect$$libinit$$00000001)
    __rt_lib_init_alloca_1                   0x0800023f   Thumb Code     0  libinit2.o(.ARM.Collect$$libinit$$0000002E)
    __rt_lib_init_argv_1                     0x0800023f   Thumb Code     0  libinit2.o(.ARM.Collect$$libinit$$0000002C)
    __rt_lib_init_atexit_1                   0x0800023f   Thumb Code     0  libinit2.o(.ARM.Collect$$libinit$$0000001B)
    __rt_lib_init_clock_1                    0x0800023f   Thumb Code     0  libinit2.o(.ARM.Collect$$libinit$$00000021)
    __rt_lib_init_cpp_1                      0x0800023f   Thumb Code     0  libinit2.o(.ARM.Collect$$libinit$$00000032)
    __rt_lib_init_exceptions_1               0x0800023f   Thumb Code     0  libinit2.o(.ARM.Collect$$libinit$$00000030)
    __rt_lib_init_fp_trap_1                  0x0800023f   Thumb Code     0  libinit2.o(.ARM.Collect$$libinit$$0000001F)
    __rt_lib_init_getenv_1                   0x0800023f   Thumb Code     0  libinit2.o(.ARM.Collect$$libinit$$00000023)
    __rt_lib_init_heap_1                     0x0800023f   Thumb Code     0  libinit2.o(.ARM.Collect$$libinit$$0000000A)
    __rt_lib_init_lc_collate_1               0x0800023f   Thumb Code     0  libinit2.o(.ARM.Collect$$libinit$$00000011)
    __rt_lib_init_lc_ctype_1                 0x0800023f   Thumb Code     0  libinit2.o(.ARM.Collect$$libinit$$00000013)
    __rt_lib_init_lc_monetary_1              0x0800023f   Thumb Code     0  libinit2.o(.ARM.Collect$$libinit$$00000015)
    __rt_lib_init_lc_numeric_1               0x0800023f   Thumb Code     0  libinit2.o(.ARM.Collect$$libinit$$00000017)
    __rt_lib_init_lc_time_1                  0x0800023f   Thumb Code     0  libinit2.o(.ARM.Collect$$libinit$$00000019)
    __rt_lib_init_preinit_1                  0x0800023f   Thumb Code     0  libinit2.o(.ARM.Collect$$libinit$$00000004)
    __rt_lib_init_rand_1                     0x0800023f   Thumb Code     0  libinit2.o(.ARM.Collect$$libinit$$0000000E)
    __rt_lib_init_return                     0x0800023f   Thumb Code     0  libinit2.o(.ARM.Collect$$libinit$$00000033)
    __rt_lib_init_signal_1                   0x0800023f   Thumb Code     0  libinit2.o(.ARM.Collect$$libinit$$0000001D)
    __rt_lib_init_stdio_1                    0x0800023f   Thumb Code     0  libinit2.o(.ARM.Collect$$libinit$$00000025)
    __rt_lib_init_user_alloc_1               0x0800023f   Thumb Code     0  libinit2.o(.ARM.Collect$$libinit$$0000000C)
    __rt_lib_shutdown                        0x08000241   Thumb Code     0  libshutdown.o(.ARM.Collect$$libshutdown$$00000000)
    __rt_lib_shutdown_cpp_1                  0x08000243   Thumb Code     0  libshutdown2.o(.ARM.Collect$$libshutdown$$00000002)
    __rt_lib_shutdown_fp_trap_1              0x08000243   Thumb Code     0  libshutdown2.o(.ARM.Collect$$libshutdown$$00000007)
    __rt_lib_shutdown_heap_1                 0x08000243   Thumb Code     0  libshutdown2.o(.ARM.Collect$$libshutdown$$0000000F)
    __rt_lib_shutdown_return                 0x08000243   Thumb Code     0  libshutdown2.o(.ARM.Collect$$libshutdown$$00000010)
    __rt_lib_shutdown_signal_1               0x08000243   Thumb Code     0  libshutdown2.o(.ARM.Collect$$libshutdown$$0000000A)
    __rt_lib_shutdown_stdio_1                0x08000243   Thumb Code     0  libshutdown2.o(.ARM.Collect$$libshutdown$$00000004)
    __rt_lib_shutdown_user_alloc_1           0x08000243   Thumb Code     0  libshutdown2.o(.ARM.Collect$$libshutdown$$0000000C)
    __rt_entry                               0x08000245   Thumb Code     0  __rtentry.o(.ARM.Collect$$rtentry$$00000000)
    __rt_entry_presh_1                       0x08000245   Thumb Code     0  __rtentry2.o(.ARM.Collect$$rtentry$$00000002)
    __rt_entry_sh                            0x08000245   Thumb Code     0  __rtentry4.o(.ARM.Collect$$rtentry$$00000004)
    __rt_entry_li                            0x0800024b   Thumb Code     0  __rtentry2.o(.ARM.Collect$$rtentry$$0000000A)
    __rt_entry_postsh_1                      0x0800024b   Thumb Code     0  __rtentry2.o(.ARM.Collect$$rtentry$$00000009)
    __rt_entry_main                          0x0800024f   Thumb Code     0  __rtentry2.o(.ARM.Collect$$rtentry$$0000000D)
    __rt_entry_postli_1                      0x0800024f   Thumb Code     0  __rtentry2.o(.ARM.Collect$$rtentry$$0000000C)
    __rt_exit                                0x08000257   Thumb Code     0  rtexit.o(.ARM.Collect$$rtexit$$00000000)
    __rt_exit_ls                             0x08000259   Thumb Code     0  rtexit2.o(.ARM.Collect$$rtexit$$00000003)
    __rt_exit_prels_1                        0x08000259   Thumb Code     0  rtexit2.o(.ARM.Collect$$rtexit$$00000002)
    __rt_exit_exit                           0x0800025d   Thumb Code     0  rtexit2.o(.ARM.Collect$$rtexit$$00000004)
    Reset_Handler                            0x08000265   Thumb Code     8  startup_stm32f412xg.o(.text)
    ADC_IRQHandler                           0x0800027f   Thumb Code     0  startup_stm32f412xg.o(.text)
    CAN1_RX0_IRQHandler                      0x0800027f   Thumb Code     0  startup_stm32f412xg.o(.text)
    CAN1_RX1_IRQHandler                      0x0800027f   Thumb Code     0  startup_stm32f412xg.o(.text)
    CAN1_SCE_IRQHandler                      0x0800027f   Thumb Code     0  startup_stm32f412xg.o(.text)
    CAN1_TX_IRQHandler                       0x0800027f   Thumb Code     0  startup_stm32f412xg.o(.text)
    CAN2_RX0_IRQHandler                      0x0800027f   Thumb Code     0  startup_stm32f412xg.o(.text)
    CAN2_RX1_IRQHandler                      0x0800027f   Thumb Code     0  startup_stm32f412xg.o(.text)
    CAN2_SCE_IRQHandler                      0x0800027f   Thumb Code     0  startup_stm32f412xg.o(.text)
    CAN2_TX_IRQHandler                       0x0800027f   Thumb Code     0  startup_stm32f412xg.o(.text)
    DFSDM1_FLT0_IRQHandler                   0x0800027f   Thumb Code     0  startup_stm32f412xg.o(.text)
    DFSDM1_FLT1_IRQHandler                   0x0800027f   Thumb Code     0  startup_stm32f412xg.o(.text)
    DMA1_Stream0_IRQHandler                  0x0800027f   Thumb Code     0  startup_stm32f412xg.o(.text)
    DMA1_Stream1_IRQHandler                  0x0800027f   Thumb Code     0  startup_stm32f412xg.o(.text)
    DMA1_Stream2_IRQHandler                  0x0800027f   Thumb Code     0  startup_stm32f412xg.o(.text)
    DMA1_Stream3_IRQHandler                  0x0800027f   Thumb Code     0  startup_stm32f412xg.o(.text)
    DMA1_Stream4_IRQHandler                  0x0800027f   Thumb Code     0  startup_stm32f412xg.o(.text)
    DMA1_Stream5_IRQHandler                  0x0800027f   Thumb Code     0  startup_stm32f412xg.o(.text)
    DMA1_Stream6_IRQHandler                  0x0800027f   Thumb Code     0  startup_stm32f412xg.o(.text)
    DMA1_Stream7_IRQHandler                  0x0800027f   Thumb Code     0  startup_stm32f412xg.o(.text)
    DMA2_Stream0_IRQHandler                  0x0800027f   Thumb Code     0  startup_stm32f412xg.o(.text)
    DMA2_Stream1_IRQHandler                  0x0800027f   Thumb Code     0  startup_stm32f412xg.o(.text)
    DMA2_Stream2_IRQHandler                  0x0800027f   Thumb Code     0  startup_stm32f412xg.o(.text)
    DMA2_Stream3_IRQHandler                  0x0800027f   Thumb Code     0  startup_stm32f412xg.o(.text)
    DMA2_Stream4_IRQHandler                  0x0800027f   Thumb Code     0  startup_stm32f412xg.o(.text)
    DMA2_Stream5_IRQHandler                  0x0800027f   Thumb Code     0  startup_stm32f412xg.o(.text)
    DMA2_Stream6_IRQHandler                  0x0800027f   Thumb Code     0  startup_stm32f412xg.o(.text)
    DMA2_Stream7_IRQHandler                  0x0800027f   Thumb Code     0  startup_stm32f412xg.o(.text)
    FLASH_IRQHandler                         0x0800027f   Thumb Code     0  startup_stm32f412xg.o(.text)
    FMPI2C1_ER_IRQHandler                    0x0800027f   Thumb Code     0  startup_stm32f412xg.o(.text)
    FMPI2C1_EV_IRQHandler                    0x0800027f   Thumb Code     0  startup_stm32f412xg.o(.text)
    FPU_IRQHandler                           0x0800027f   Thumb Code     0  startup_stm32f412xg.o(.text)
    I2C1_ER_IRQHandler                       0x0800027f   Thumb Code     0  startup_stm32f412xg.o(.text)
    I2C1_EV_IRQHandler                       0x0800027f   Thumb Code     0  startup_stm32f412xg.o(.text)
    I2C2_ER_IRQHandler                       0x0800027f   Thumb Code     0  startup_stm32f412xg.o(.text)
    I2C2_EV_IRQHandler                       0x0800027f   Thumb Code     0  startup_stm32f412xg.o(.text)
    I2C3_ER_IRQHandler                       0x0800027f   Thumb Code     0  startup_stm32f412xg.o(.text)
    I2C3_EV_IRQHandler                       0x0800027f   Thumb Code     0  startup_stm32f412xg.o(.text)
    OTG_FS_IRQHandler                        0x0800027f   Thumb Code     0  startup_stm32f412xg.o(.text)
    OTG_FS_WKUP_IRQHandler                   0x0800027f   Thumb Code     0  startup_stm32f412xg.o(.text)
    PVD_IRQHandler                           0x0800027f   Thumb Code     0  startup_stm32f412xg.o(.text)
    QUADSPI_IRQHandler                       0x0800027f   Thumb Code     0  startup_stm32f412xg.o(.text)
    RCC_IRQHandler                           0x0800027f   Thumb Code     0  startup_stm32f412xg.o(.text)
    RNG_IRQHandler                           0x0800027f   Thumb Code     0  startup_stm32f412xg.o(.text)
    RTC_Alarm_IRQHandler                     0x0800027f   Thumb Code     0  startup_stm32f412xg.o(.text)
    RTC_WKUP_IRQHandler                      0x0800027f   Thumb Code     0  startup_stm32f412xg.o(.text)
    SDIO_IRQHandler                          0x0800027f   Thumb Code     0  startup_stm32f412xg.o(.text)
    SPI1_IRQHandler                          0x0800027f   Thumb Code     0  startup_stm32f412xg.o(.text)
    SPI2_IRQHandler                          0x0800027f   Thumb Code     0  startup_stm32f412xg.o(.text)
    SPI3_IRQHandler                          0x0800027f   Thumb Code     0  startup_stm32f412xg.o(.text)
    SPI4_IRQHandler                          0x0800027f   Thumb Code     0  startup_stm32f412xg.o(.text)
    SPI5_IRQHandler                          0x0800027f   Thumb Code     0  startup_stm32f412xg.o(.text)
    TAMP_STAMP_IRQHandler                    0x0800027f   Thumb Code     0  startup_stm32f412xg.o(.text)
    TIM1_BRK_TIM9_IRQHandler                 0x0800027f   Thumb Code     0  startup_stm32f412xg.o(.text)
    TIM1_CC_IRQHandler                       0x0800027f   Thumb Code     0  startup_stm32f412xg.o(.text)
    TIM1_TRG_COM_TIM11_IRQHandler            0x0800027f   Thumb Code     0  startup_stm32f412xg.o(.text)
    TIM6_IRQHandler                          0x0800027f   Thumb Code     0  startup_stm32f412xg.o(.text)
    TIM8_BRK_TIM12_IRQHandler                0x0800027f   Thumb Code     0  startup_stm32f412xg.o(.text)
    TIM8_CC_IRQHandler                       0x0800027f   Thumb Code     0  startup_stm32f412xg.o(.text)
    TIM8_TRG_COM_TIM14_IRQHandler            0x0800027f   Thumb Code     0  startup_stm32f412xg.o(.text)
    USART1_IRQHandler                        0x0800027f   Thumb Code     0  startup_stm32f412xg.o(.text)
    USART2_IRQHandler                        0x0800027f   Thumb Code     0  startup_stm32f412xg.o(.text)
    USART3_IRQHandler                        0x0800027f   Thumb Code     0  startup_stm32f412xg.o(.text)
    USART6_IRQHandler                        0x0800027f   Thumb Code     0  startup_stm32f412xg.o(.text)
    WWDG_IRQHandler                          0x0800027f   Thumb Code     0  startup_stm32f412xg.o(.text)
    __user_initial_stackheap                 0x08000281   Thumb Code     0  startup_stm32f412xg.o(.text)
    __use_two_region_memory                  0x080002a5   Thumb Code     2  heapauxi.o(.text)
    __rt_heap_escrow$2region                 0x080002a7   Thumb Code     2  heapauxi.o(.text)
    __rt_heap_expand$2region                 0x080002a9   Thumb Code     2  heapauxi.o(.text)
    __user_setup_stackheap                   0x080002ab   Thumb Code    74  sys_stackheap_outer.o(.text)
    exit                                     0x080002f5   Thumb Code    18  exit.o(.text)
    __user_libspace                          0x08000309   Thumb Code     8  libspace.o(.text)
    __user_perproc_libspace                  0x08000309   Thumb Code     0  libspace.o(.text)
    __user_perthread_libspace                0x08000309   Thumb Code     0  libspace.o(.text)
    _sys_exit                                0x08000311   Thumb Code     8  sys_exit.o(.text)
    __I$use$semihosting                      0x0800031d   Thumb Code     0  use_no_semi.o(.text)
    __use_no_semihosting_swi                 0x0800031d   Thumb Code     2  use_no_semi.o(.text)
    __semihosting_library_function           0x0800031f   Thumb Code     0  indicate_semi.o(.text)
    ADC_DMA_Register                         0x08000321   Thumb Code   120  adc.o(.text.ADC_DMA_Register)
    BusFault_Handler                         0x080003d9   Thumb Code     2  stm32f4xx_it.o(.text.BusFault_Handler)
    DebugMon_Handler                         0x080003dd   Thumb Code     2  stm32f4xx_it.o(.text.DebugMon_Handler)
    Delay_Init                               0x080003e1   Thumb Code    42  delay.o(.text.Delay_Init)
    EXTI0_IRQHandler                         0x0800040d   Thumb Code    38  exti.o(.text.EXTI0_IRQHandler)
    EXTI15_10_IRQHandler                     0x08000435   Thumb Code   172  exti.o(.text.EXTI15_10_IRQHandler)
    EXTI1_IRQHandler                         0x080004e1   Thumb Code    38  exti.o(.text.EXTI1_IRQHandler)
    EXTI2_IRQHandler                         0x08000509   Thumb Code    38  exti.o(.text.EXTI2_IRQHandler)
    EXTI3_IRQHandler                         0x08000531   Thumb Code    38  exti.o(.text.EXTI3_IRQHandler)
    EXTI4_IRQHandler                         0x08000559   Thumb Code    38  exti.o(.text.EXTI4_IRQHandler)
    EXTI9_5_IRQHandler                       0x08000581   Thumb Code   134  exti.o(.text.EXTI9_5_IRQHandler)
    EXTI_ClearITPendingBit                   0x08000609   Thumb Code    12  stm32f4xx_exti.o(.text.EXTI_ClearITPendingBit)
    EXTI_GetITStatus                         0x08000615   Thumb Code    18  stm32f4xx_exti.o(.text.EXTI_GetITStatus)
    GPIO_GetPinNum                           0x08000629   Thumb Code    22  gpio.o(.text.GPIO_GetPinNum)
    GPIO_GetPinSource                        0x08000641   Thumb Code    24  gpio.o(.text.GPIO_GetPinSource)
    GPIO_Init                                0x08000659   Thumb Code   134  stm32f4xx_gpio.o(.text.GPIO_Init)
    GPIO_PinAFConfig                         0x080006e1   Thumb Code    40  stm32f4xx_gpio.o(.text.GPIO_PinAFConfig)
    GPIOx_Init                               0x08000709   Thumb Code   136  gpio.o(.text.GPIOx_Init)
    HardFault_Handler                        0x080007bd   Thumb Code     2  stm32f4xx_it.o(.text.HardFault_Handler)
    MemManage_Handler                        0x080007c1   Thumb Code     2  stm32f4xx_it.o(.text.MemManage_Handler)
    NMI_Handler                              0x080007c5   Thumb Code     2  stm32f4xx_it.o(.text.NMI_Handler)
    PWM_Init                                 0x080007c9   Thumb Code   250  pwm.o(.text.PWM_Init)
    PendSV_Handler                           0x080008c5   Thumb Code     2  stm32f4xx_it.o(.text.PendSV_Handler)
    RCC_AHB1PeriphClockCmd                   0x080008c9   Thumb Code    24  stm32f4xx_rcc.o(.text.RCC_AHB1PeriphClockCmd)
    RCC_APB1PeriphClockCmd                   0x080008e1   Thumb Code    24  stm32f4xx_rcc.o(.text.RCC_APB1PeriphClockCmd)
    RCC_APB2PeriphClockCmd                   0x080008f9   Thumb Code    24  stm32f4xx_rcc.o(.text.RCC_APB2PeriphClockCmd)
    SVC_Handler                              0x08000911   Thumb Code     2  stm32f4xx_it.o(.text.SVC_Handler)
    SysTick_Handler                          0x080009fd   Thumb Code    16  delay.o(.text.SysTick_Handler)
    SystemCoreClockUpdate                    0x08000a0d   Thumb Code   178  system_stm32f4xx.o(.text.SystemCoreClockUpdate)
    SystemInit                               0x08000ac1   Thumb Code    86  system_stm32f4xx.o(.text.SystemInit)
    TIM1_UP_TIM10_IRQHandler                 0x08000b19   Thumb Code    78  timer.o(.text.TIM1_UP_TIM10_IRQHandler)
    TIM2_IRQHandler                          0x08000b69   Thumb Code    46  timer.o(.text.TIM2_IRQHandler)
    TIM3_IRQHandler                          0x08000b99   Thumb Code    50  timer.o(.text.TIM3_IRQHandler)
    TIM4_IRQHandler                          0x08000bcd   Thumb Code    50  timer.o(.text.TIM4_IRQHandler)
    TIM5_IRQHandler                          0x08000c01   Thumb Code    50  timer.o(.text.TIM5_IRQHandler)
    TIM7_IRQHandler                          0x08000c35   Thumb Code    50  timer.o(.text.TIM7_IRQHandler)
    TIM8_UP_TIM13_IRQHandler                 0x08000c69   Thumb Code    80  timer.o(.text.TIM8_UP_TIM13_IRQHandler)
    TIM_ClearITPendingBit                    0x08000cb9   Thumb Code     6  stm32f4xx_tim.o(.text.TIM_ClearITPendingBit)
    TIM_Cmd                                  0x08000cc1   Thumb Code    18  stm32f4xx_tim.o(.text.TIM_Cmd)
    TIM_CtrlPWMOutputs                       0x08000cd5   Thumb Code    24  stm32f4xx_tim.o(.text.TIM_CtrlPWMOutputs)
    TIM_GetGPIO_AF                           0x08000ced   Thumb Code   340  pwm.o(.text.TIM_GetGPIO_AF)
    TIM_GetITStatus                          0x08000e41   Thumb Code    20  stm32f4xx_tim.o(.text.TIM_GetITStatus)
    TIM_OC1Init                              0x08000e55   Thumb Code   102  stm32f4xx_tim.o(.text.TIM_OC1Init)
    TIM_OC1PreloadConfig                     0x08000ebd   Thumb Code    12  stm32f4xx_tim.o(.text.TIM_OC1PreloadConfig)
    TIM_OC2Init                              0x08000ec9   Thumb Code   112  stm32f4xx_tim.o(.text.TIM_OC2Init)
    TIM_OC2PreloadConfig                     0x08000f39   Thumb Code    14  stm32f4xx_tim.o(.text.TIM_OC2PreloadConfig)
    TIM_OC3Init                              0x08000f49   Thumb Code   112  stm32f4xx_tim.o(.text.TIM_OC3Init)
    TIM_OC3PreloadConfig                     0x08000fb9   Thumb Code    12  stm32f4xx_tim.o(.text.TIM_OC3PreloadConfig)
    TIM_OC4Init                              0x08000fc5   Thumb Code    84  stm32f4xx_tim.o(.text.TIM_OC4Init)
    TIM_OC4PreloadConfig                     0x08001019   Thumb Code    14  stm32f4xx_tim.o(.text.TIM_OC4PreloadConfig)
    TIM_TimeBaseInit                         0x08001029   Thumb Code   146  stm32f4xx_tim.o(.text.TIM_TimeBaseInit)
    TIMx_OCxInit                             0x080010bd   Thumb Code   428  pwm.o(.text.TIMx_OCxInit)
    Timer_ClockCmd                           0x08001269   Thumb Code   346  timer.o(.text.Timer_ClockCmd)
    UsageFault_Handler                       0x080013c5   Thumb Code     2  stm32f4xx_it.o(.text.UsageFault_Handler)
    delay_ms                                 0x080013d9   Thumb Code    20  delay.o(.text.delay_ms)
    main                                     0x080013ed   Thumb Code    36  main.o(.text.main)
    pinMode                                  0x08001411   Thumb Code    86  arduino.o(.text.pinMode)
    _fp_init                                 0x08001467   Thumb Code    26  fpinit.o(x$fpl$fpinit)
    __fplib_config_fpu_vfp                   0x0800147f   Thumb Code     0  fpinit.o(x$fpl$fpinit)
    __fplib_config_pureend_doubles           0x0800147f   Thumb Code     0  fpinit.o(x$fpl$fpinit)
    AHBPrescTable                            0x08001480   Data          16  system_stm32f4xx.o(.rodata.AHBPrescTable)
    PIN_MAP                                  0x08001490   Data        2816  gpio.o(.rodata.PIN_MAP)
    Region$$Table$$Base                      0x08001f90   Number         0  anon$$obj.o(Region$$Table)
    Region$$Table$$Limit                     0x08001fb0   Number         0  anon$$obj.o(Region$$Table)
    SystemCoreClock                          0x20000000   Data           4  system_stm32f4xx.o(.data.SystemCoreClock)
    __libspace_start                         0x20000008   Data          96  libspace.o(.bss)
    __temporary_stack_top$libspace           0x20000068   Data           0  libspace.o(.bss)



==============================================================================

Memory Map of the image

  Image Entry point : 0x08000265

  Load Region LR_1 (Base: 0x08000000, Size: 0x00001fb4, Max: 0xffffffff, ABSOLUTE)

    Execution Region ER_RO (Exec base: 0x08000000, Load base: 0x08000000, Size: 0x00001fb0, Max: 0xffffffff, ABSOLUTE)

    Exec Addr    Load Addr    Size         Type   Attr      Idx    E Section Name        Object

    0x08000000   0x08000000   0x000001c4   Data   RO           51    RESET               startup_stm32f412xg.o
    0x080001c4   0x080001c4   0x00000008   Code   RO         1332  * !!!main             c_w.l(__main.o)
    0x080001cc   0x080001cc   0x00000034   Code   RO         1522    !!!scatter          c_w.l(__scatter.o)
    0x08000200   0x08000200   0x0000001a   Code   RO         1524    !!handler_copy      c_w.l(__scatter_copy.o)
    0x0800021a   0x0800021a   0x00000002   PAD
    0x0800021c   0x0800021c   0x0000001c   Code   RO         1526    !!handler_zi        c_w.l(__scatter_zi.o)
    0x08000238   0x08000238   0x00000002   Code   RO         1386    .ARM.Collect$$libinit$$00000000  c_w.l(libinit.o)
    0x0800023a   0x0800023a   0x00000004   Code   RO         1398    .ARM.Collect$$libinit$$00000001  c_w.l(libinit2.o)
    0x0800023e   0x0800023e   0x00000000   Code   RO         1401    .ARM.Collect$$libinit$$00000004  c_w.l(libinit2.o)
    0x0800023e   0x0800023e   0x00000000   Code   RO         1404    .ARM.Collect$$libinit$$0000000A  c_w.l(libinit2.o)
    0x0800023e   0x0800023e   0x00000000   Code   RO         1406    .ARM.Collect$$libinit$$0000000C  c_w.l(libinit2.o)
    0x0800023e   0x0800023e   0x00000000   Code   RO         1408    .ARM.Collect$$libinit$$0000000E  c_w.l(libinit2.o)
    0x0800023e   0x0800023e   0x00000000   Code   RO         1411    .ARM.Collect$$libinit$$00000011  c_w.l(libinit2.o)
    0x0800023e   0x0800023e   0x00000000   Code   RO         1413    .ARM.Collect$$libinit$$00000013  c_w.l(libinit2.o)
    0x0800023e   0x0800023e   0x00000000   Code   RO         1415    .ARM.Collect$$libinit$$00000015  c_w.l(libinit2.o)
    0x0800023e   0x0800023e   0x00000000   Code   RO         1417    .ARM.Collect$$libinit$$00000017  c_w.l(libinit2.o)
    0x0800023e   0x0800023e   0x00000000   Code   RO         1419    .ARM.Collect$$libinit$$00000019  c_w.l(libinit2.o)
    0x0800023e   0x0800023e   0x00000000   Code   RO         1421    .ARM.Collect$$libinit$$0000001B  c_w.l(libinit2.o)
    0x0800023e   0x0800023e   0x00000000   Code   RO         1423    .ARM.Collect$$libinit$$0000001D  c_w.l(libinit2.o)
    0x0800023e   0x0800023e   0x00000000   Code   RO         1425    .ARM.Collect$$libinit$$0000001F  c_w.l(libinit2.o)
    0x0800023e   0x0800023e   0x00000000   Code   RO         1427    .ARM.Collect$$libinit$$00000021  c_w.l(libinit2.o)
    0x0800023e   0x0800023e   0x00000000   Code   RO         1429    .ARM.Collect$$libinit$$00000023  c_w.l(libinit2.o)
    0x0800023e   0x0800023e   0x00000000   Code   RO         1431    .ARM.Collect$$libinit$$00000025  c_w.l(libinit2.o)
    0x0800023e   0x0800023e   0x00000000   Code   RO         1435    .ARM.Collect$$libinit$$0000002C  c_w.l(libinit2.o)
    0x0800023e   0x0800023e   0x00000000   Code   RO         1437    .ARM.Collect$$libinit$$0000002E  c_w.l(libinit2.o)
    0x0800023e   0x0800023e   0x00000000   Code   RO         1439    .ARM.Collect$$libinit$$00000030  c_w.l(libinit2.o)
    0x0800023e   0x0800023e   0x00000000   Code   RO         1441    .ARM.Collect$$libinit$$00000032  c_w.l(libinit2.o)
    0x0800023e   0x0800023e   0x00000002   Code   RO         1442    .ARM.Collect$$libinit$$00000033  c_w.l(libinit2.o)
    0x08000240   0x08000240   0x00000002   Code   RO         1477    .ARM.Collect$$libshutdown$$00000000  c_w.l(libshutdown.o)
    0x08000242   0x08000242   0x00000000   Code   RO         1505    .ARM.Collect$$libshutdown$$00000002  c_w.l(libshutdown2.o)
    0x08000242   0x08000242   0x00000000   Code   RO         1507    .ARM.Collect$$libshutdown$$00000004  c_w.l(libshutdown2.o)
    0x08000242   0x08000242   0x00000000   Code   RO         1510    .ARM.Collect$$libshutdown$$00000007  c_w.l(libshutdown2.o)
    0x08000242   0x08000242   0x00000000   Code   RO         1513    .ARM.Collect$$libshutdown$$0000000A  c_w.l(libshutdown2.o)
    0x08000242   0x08000242   0x00000000   Code   RO         1515    .ARM.Collect$$libshutdown$$0000000C  c_w.l(libshutdown2.o)
    0x08000242   0x08000242   0x00000000   Code   RO         1518    .ARM.Collect$$libshutdown$$0000000F  c_w.l(libshutdown2.o)
    0x08000242   0x08000242   0x00000002   Code   RO         1519    .ARM.Collect$$libshutdown$$00000010  c_w.l(libshutdown2.o)
    0x08000244   0x08000244   0x00000000   Code   RO         1346    .ARM.Collect$$rtentry$$00000000  c_w.l(__rtentry.o)
    0x08000244   0x08000244   0x00000000   Code   RO         1357    .ARM.Collect$$rtentry$$00000002  c_w.l(__rtentry2.o)
    0x08000244   0x08000244   0x00000006   Code   RO         1369    .ARM.Collect$$rtentry$$00000004  c_w.l(__rtentry4.o)
    0x0800024a   0x0800024a   0x00000000   Code   RO         1359    .ARM.Collect$$rtentry$$00000009  c_w.l(__rtentry2.o)
    0x0800024a   0x0800024a   0x00000004   Code   RO         1360    .ARM.Collect$$rtentry$$0000000A  c_w.l(__rtentry2.o)
    0x0800024e   0x0800024e   0x00000000   Code   RO         1362    .ARM.Collect$$rtentry$$0000000C  c_w.l(__rtentry2.o)
    0x0800024e   0x0800024e   0x00000008   Code   RO         1363    .ARM.Collect$$rtentry$$0000000D  c_w.l(__rtentry2.o)
    0x08000256   0x08000256   0x00000002   Code   RO         1390    .ARM.Collect$$rtexit$$00000000  c_w.l(rtexit.o)
    0x08000258   0x08000258   0x00000000   Code   RO         1448    .ARM.Collect$$rtexit$$00000002  c_w.l(rtexit2.o)
    0x08000258   0x08000258   0x00000004   Code   RO         1449    .ARM.Collect$$rtexit$$00000003  c_w.l(rtexit2.o)
    0x0800025c   0x0800025c   0x00000006   Code   RO         1450    .ARM.Collect$$rtexit$$00000004  c_w.l(rtexit2.o)
    0x08000262   0x08000262   0x00000002   PAD
    0x08000264   0x08000264   0x00000040   Code   RO           52  * .text               startup_stm32f412xg.o
    0x080002a4   0x080002a4   0x00000006   Code   RO         1330    .text               c_w.l(heapauxi.o)
    0x080002aa   0x080002aa   0x0000004a   Code   RO         1373    .text               c_w.l(sys_stackheap_outer.o)
    0x080002f4   0x080002f4   0x00000012   Code   RO         1375    .text               c_w.l(exit.o)
    0x08000306   0x08000306   0x00000002   PAD
    0x08000308   0x08000308   0x00000008   Code   RO         1387    .text               c_w.l(libspace.o)
    0x08000310   0x08000310   0x0000000c   Code   RO         1443    .text               c_w.l(sys_exit.o)
    0x0800031c   0x0800031c   0x00000002   Code   RO         1466    .text               c_w.l(use_no_semi.o)
    0x0800031e   0x0800031e   0x00000000   Code   RO         1468    .text               c_w.l(indicate_semi.o)
    0x0800031e   0x0800031e   0x00000002   PAD
    0x08000320   0x08000320   0x00000078   Code   RO           59    .text.ADC_DMA_Register  adc.o
    0x08000398   0x08000398   0x0000003e   Code   RO           61    .text.ADC_DMA_SearchChannel  adc.o
    0x080003d6   0x080003d6   0x00000002   PAD
    0x080003d8   0x080003d8   0x00000002   Code   RO           17    .text.BusFault_Handler  stm32f4xx_it.o
    0x080003da   0x080003da   0x00000002   PAD
    0x080003dc   0x080003dc   0x00000002   Code   RO           23    .text.DebugMon_Handler  stm32f4xx_it.o
    0x080003de   0x080003de   0x00000002   PAD
    0x080003e0   0x080003e0   0x0000002a   Code   RO           85    .text.Delay_Init    delay.o
    0x0800040a   0x0800040a   0x00000002   PAD
    0x0800040c   0x0800040c   0x00000026   Code   RO          120    .text.EXTI0_IRQHandler  exti.o
    0x08000432   0x08000432   0x00000002   PAD
    0x08000434   0x08000434   0x000000ac   Code   RO          132    .text.EXTI15_10_IRQHandler  exti.o
    0x080004e0   0x080004e0   0x00000026   Code   RO          122    .text.EXTI1_IRQHandler  exti.o
    0x08000506   0x08000506   0x00000002   PAD
    0x08000508   0x08000508   0x00000026   Code   RO          124    .text.EXTI2_IRQHandler  exti.o
    0x0800052e   0x0800052e   0x00000002   PAD
    0x08000530   0x08000530   0x00000026   Code   RO          126    .text.EXTI3_IRQHandler  exti.o
    0x08000556   0x08000556   0x00000002   PAD
    0x08000558   0x08000558   0x00000026   Code   RO          128    .text.EXTI4_IRQHandler  exti.o
    0x0800057e   0x0800057e   0x00000002   PAD
    0x08000580   0x08000580   0x00000086   Code   RO          130    .text.EXTI9_5_IRQHandler  exti.o
    0x08000606   0x08000606   0x00000002   PAD
    0x08000608   0x08000608   0x0000000c   Code   RO         1283    .text.EXTI_ClearITPendingBit  stm32f4xx_exti.o
    0x08000614   0x08000614   0x00000012   Code   RO         1281    .text.EXTI_GetITStatus  stm32f4xx_exti.o
    0x08000626   0x08000626   0x00000002   PAD
    0x08000628   0x08000628   0x00000016   Code   RO          169    .text.GPIO_GetPinNum  gpio.o
    0x0800063e   0x0800063e   0x00000002   PAD
    0x08000640   0x08000640   0x00000018   Code   RO          167    .text.GPIO_GetPinSource  gpio.o
    0x08000658   0x08000658   0x00000086   Code   RO          518    .text.GPIO_Init     stm32f4xx_gpio.o
    0x080006de   0x080006de   0x00000002   PAD
    0x080006e0   0x080006e0   0x00000028   Code   RO          542    .text.GPIO_PinAFConfig  stm32f4xx_gpio.o
    0x08000708   0x08000708   0x000000b4   Code   RO          163    .text.GPIOx_Init    gpio.o
    0x080007bc   0x080007bc   0x00000002   Code   RO           13    .text.HardFault_Handler  stm32f4xx_it.o
    0x080007be   0x080007be   0x00000002   PAD
    0x080007c0   0x080007c0   0x00000002   Code   RO           15    .text.MemManage_Handler  stm32f4xx_it.o
    0x080007c2   0x080007c2   0x00000002   PAD
    0x080007c4   0x080007c4   0x00000002   Code   RO           11    .text.NMI_Handler   stm32f4xx_it.o
    0x080007c6   0x080007c6   0x00000002   PAD
    0x080007c8   0x080007c8   0x000000fa   Code   RO          182    .text.PWM_Init      pwm.o
    0x080008c2   0x080008c2   0x00000002   PAD
    0x080008c4   0x080008c4   0x00000002   Code   RO           25    .text.PendSV_Handler  stm32f4xx_it.o
    0x080008c6   0x080008c6   0x00000002   PAD
    0x080008c8   0x080008c8   0x00000018   Code   RO          758    .text.RCC_AHB1PeriphClockCmd  stm32f4xx_rcc.o
    0x080008e0   0x080008e0   0x00000018   Code   RO          764    .text.RCC_APB1PeriphClockCmd  stm32f4xx_rcc.o
    0x080008f8   0x080008f8   0x00000018   Code   RO          766    .text.RCC_APB2PeriphClockCmd  stm32f4xx_rcc.o
    0x08000910   0x08000910   0x00000002   Code   RO           21    .text.SVC_Handler   stm32f4xx_it.o
    0x08000912   0x08000912   0x00000002   PAD
    0x08000914   0x08000914   0x000000be   Code   RO           36    .text.SetSysClock   system_stm32f4xx.o
    0x080009d2   0x080009d2   0x00000002   PAD
    0x080009d4   0x080009d4   0x00000026   Code   RO           87    .text.SysTick_Config  delay.o
    0x080009fa   0x080009fa   0x00000002   PAD
    0x080009fc   0x080009fc   0x00000010   Code   RO           91    .text.SysTick_Handler  delay.o
    0x08000a0c   0x08000a0c   0x000000b2   Code   RO           38    .text.SystemCoreClockUpdate  system_stm32f4xx.o
    0x08000abe   0x08000abe   0x00000002   PAD
    0x08000ac0   0x08000ac0   0x00000056   Code   RO           34    .text.SystemInit    system_stm32f4xx.o
    0x08000b16   0x08000b16   0x00000002   PAD
    0x08000b18   0x08000b18   0x0000004e   Code   RO          233    .text.TIM1_UP_TIM10_IRQHandler  timer.o
    0x08000b66   0x08000b66   0x00000002   PAD
    0x08000b68   0x08000b68   0x0000002e   Code   RO          235    .text.TIM2_IRQHandler  timer.o
    0x08000b96   0x08000b96   0x00000002   PAD
    0x08000b98   0x08000b98   0x00000032   Code   RO          237    .text.TIM3_IRQHandler  timer.o
    0x08000bca   0x08000bca   0x00000002   PAD
    0x08000bcc   0x08000bcc   0x00000032   Code   RO          239    .text.TIM4_IRQHandler  timer.o
    0x08000bfe   0x08000bfe   0x00000002   PAD
    0x08000c00   0x08000c00   0x00000032   Code   RO          241    .text.TIM5_IRQHandler  timer.o
    0x08000c32   0x08000c32   0x00000002   PAD
    0x08000c34   0x08000c34   0x00000032   Code   RO          245    .text.TIM7_IRQHandler  timer.o
    0x08000c66   0x08000c66   0x00000002   PAD
    0x08000c68   0x08000c68   0x00000050   Code   RO          247    .text.TIM8_UP_TIM13_IRQHandler  timer.o
    0x08000cb8   0x08000cb8   0x00000006   Code   RO         1137    .text.TIM_ClearITPendingBit  stm32f4xx_tim.o
    0x08000cbe   0x08000cbe   0x00000002   PAD
    0x08000cc0   0x08000cc0   0x00000012   Code   RO         1015    .text.TIM_Cmd       stm32f4xx_tim.o
    0x08000cd2   0x08000cd2   0x00000002   PAD
    0x08000cd4   0x08000cd4   0x00000018   Code   RO         1121    .text.TIM_CtrlPWMOutputs  stm32f4xx_tim.o
    0x08000cec   0x08000cec   0x00000154   Code   RO          184    .text.TIM_GetGPIO_AF  pwm.o
    0x08000e40   0x08000e40   0x00000014   Code   RO         1135    .text.TIM_GetITStatus  stm32f4xx_tim.o
    0x08000e54   0x08000e54   0x00000066   Code   RO         1017    .text.TIM_OC1Init   stm32f4xx_tim.o
    0x08000eba   0x08000eba   0x00000002   PAD
    0x08000ebc   0x08000ebc   0x0000000c   Code   RO         1045    .text.TIM_OC1PreloadConfig  stm32f4xx_tim.o
    0x08000ec8   0x08000ec8   0x00000070   Code   RO         1019    .text.TIM_OC2Init   stm32f4xx_tim.o
    0x08000f38   0x08000f38   0x0000000e   Code   RO         1047    .text.TIM_OC2PreloadConfig  stm32f4xx_tim.o
    0x08000f46   0x08000f46   0x00000002   PAD
    0x08000f48   0x08000f48   0x00000070   Code   RO         1021    .text.TIM_OC3Init   stm32f4xx_tim.o
    0x08000fb8   0x08000fb8   0x0000000c   Code   RO         1049    .text.TIM_OC3PreloadConfig  stm32f4xx_tim.o
    0x08000fc4   0x08000fc4   0x00000054   Code   RO         1023    .text.TIM_OC4Init   stm32f4xx_tim.o
    0x08001018   0x08001018   0x0000000e   Code   RO         1051    .text.TIM_OC4PreloadConfig  stm32f4xx_tim.o
    0x08001026   0x08001026   0x00000002   PAD
    0x08001028   0x08001028   0x00000092   Code   RO          989    .text.TIM_TimeBaseInit  stm32f4xx_tim.o
    0x080010ba   0x080010ba   0x00000002   PAD
    0x080010bc   0x080010bc   0x000001ac   Code   RO          180    .text.TIMx_OCxInit  pwm.o
    0x08001268   0x08001268   0x0000015a   Code   RO          217    .text.Timer_ClockCmd  timer.o
    0x080013c2   0x080013c2   0x00000002   PAD
    0x080013c4   0x080013c4   0x00000002   Code   RO           19    .text.UsageFault_Handler  stm32f4xx_it.o
    0x080013c6   0x080013c6   0x00000002   PAD
    0x080013c8   0x080013c8   0x0000000e   Code   RO           89    .text.__NVIC_SetPriority  delay.o
    0x080013d6   0x080013d6   0x00000002   PAD
    0x080013d8   0x080013d8   0x00000014   Code   RO           97    .text.delay_ms      delay.o
    0x080013ec   0x080013ec   0x00000024   Code   RO            2    .text.main          main.o
    0x08001410   0x08001410   0x00000056   Code   RO         1293    .text.pinMode       arduino.o
    0x08001466   0x08001466   0x0000001a   Code   RO         1460    x$fpl$fpinit        fz_wm.l(fpinit.o)
    0x08001480   0x08001480   0x00000010   Data   RO           41    .rodata.AHBPrescTable  system_stm32f4xx.o
    0x08001490   0x08001490   0x00000b00   Data   RO          171    .rodata.PIN_MAP     gpio.o
    0x08001f90   0x08001f90   0x00000020   Data   RO         1521    Region$$Table       anon$$obj.o


    Execution Region ER_RW (Exec base: 0x20000000, Load base: 0x08001fb0, Size: 0x00000004, Max: 0xffffffff, ABSOLUTE)

    Exec Addr    Load Addr    Size         Type   Attr      Idx    E Section Name        Object

    0x20000000   0x08001fb0   0x00000004   Data   RW           40    .data.SystemCoreClock  system_stm32f4xx.o


    Execution Region ER_ZI (Exec base: 0x20000008, Load base: 0x08001fb4, Size: 0x00000708, Max: 0xffffffff, ABSOLUTE)

    Exec Addr    Load Addr    Size         Type   Attr      Idx    E Section Name        Object

    0x20000008        -       0x00000060   Zero   RW         1388    .bss                c_w.l(libspace.o)
    0x20000068        -       0x00000024   Zero   RW           74    .bss.ADC_DMA_RegChannelList  adc.o
    0x2000008c        -       0x00000001   Zero   RW           75    .bss.ADC_DMA_RegCnt  adc.o
    0x2000008d        -       0x00000001   Zero   RW           73    .bss.ADC_DMA_Register.IsInit  adc.o
    0x2000008e   0x08001fb4   0x00000002   PAD
    0x20000090        -       0x00000040   Zero   RW          134    .bss.EXTI_Function  exti.o
    0x200000d0        -       0x00000004   Zero   RW          101    .bss.System_ms      delay.o
    0x200000d4        -       0x00000038   Zero   RW          251    .bss.TIMx_Function  timer.o
    0x2000010c   0x08001fb4   0x00000004   PAD
    0x20000110        -       0x00000200   Zero   RW           50    HEAP                startup_stm32f412xg.o
    0x20000310        -       0x00000400   Zero   RW           49    STACK               startup_stm32f412xg.o


==============================================================================

Image component sizes


      Code (inc. data)   RO Data    RW Data    ZI Data      Debug   Object Name

       182          0          0          0         38       4346   adc.o
        86          0          0          0          0       6874   arduino.o
       130          0          0          0          4       5236   delay.o
       496          0          0          0         64       8154   exti.o
       226         52       2816          0          0       4776   gpio.o
        36          0          0          0          0       3027   main.o
      1018          4          0          0          0       7023   pwm.o
        64         26        452          0       1536        876   startup_stm32f412xg.o
        30          0          0          0          0       2856   stm32f4xx_exti.o
       174          0          0          0          0       4668   stm32f4xx_gpio.o
        16          0          0          0          0        908   stm32f4xx_it.o
        72          0          0          0          0      13975   stm32f4xx_rcc.o
       676          0          0          0          0      24959   stm32f4xx_tim.o
       454          4         16          4          0       3621   system_stm32f4xx.o
       750          0          0          0         56      10857   timer.o

    ----------------------------------------------------------------------
      4486         86       3316          4       1704     102156   Object Totals
         0          0         32          0          0          0   (incl. Generated)
        76          0          0          0          6          0   (incl. Padding)

    ----------------------------------------------------------------------

      Code (inc. data)   RO Data    RW Data    ZI Data      Debug   Library Member Name

         8          0          0          0          0         68   __main.o
         0          0          0          0          0          0   __rtentry.o
        12          0          0          0          0          0   __rtentry2.o
         6          0          0          0          0          0   __rtentry4.o
        52          8          0          0          0          0   __scatter.o
        26          0          0          0          0          0   __scatter_copy.o
        28          0          0          0          0          0   __scatter_zi.o
        18          0          0          0          0         80   exit.o
         6          0          0          0          0        152   heapauxi.o
         0          0          0          0          0          0   indicate_semi.o
         2          0          0          0          0          0   libinit.o
         6          0          0          0          0          0   libinit2.o
         2          0          0          0          0          0   libshutdown.o
         2          0          0          0          0          0   libshutdown2.o
         8          4          0          0         96         68   libspace.o
         2          0          0          0          0          0   rtexit.o
        10          0          0          0          0          0   rtexit2.o
        12          4          0          0          0         68   sys_exit.o
        74          0          0          0          0         80   sys_stackheap_outer.o
         2          0          0          0          0         68   use_no_semi.o
        26          0          0          0          0        116   fpinit.o

    ----------------------------------------------------------------------
       310         16          0          0         96        700   Library Totals
         8          0          0          0          0          0   (incl. Padding)

    ----------------------------------------------------------------------

      Code (inc. data)   RO Data    RW Data    ZI Data      Debug   Library Name

       276         16          0          0         96        584   c_w.l
        26          0          0          0          0        116   fz_wm.l

    ----------------------------------------------------------------------
       310         16          0          0         96        700   Library Totals

    ----------------------------------------------------------------------

==============================================================================


      Code (inc. data)   RO Data    RW Data    ZI Data      Debug   

      4796        102       3316          4       1800     102440   Grand Totals
      4796        102       3316          4       1800     102440   ELF Image Totals
      4796        102       3316          4          0          0   ROM Totals

==============================================================================

    Total RO  Size (Code + RO Data)                 8112 (   7.92kB)
    Total RW  Size (RW Data + ZI Data)              1804 (   1.76kB)
    Total ROM Size (Code + RO Data + RW Data)       8116 (   7.93kB)

==============================================================================

